******************************************************************************
                  TI ARM Linker PC v20.2.7                     
******************************************************************************
>> Linked Tue Jun  3 22:21:37 2025

OUTPUT FILE NAME:   <final-proj-security-system.out>
ENTRY POINT SYMBOL: "_c_int00_noargs"  address: 2000ec05


MEMORY CONFIGURATION

         name            origin    length      used     unused   attr    fill
----------------------  --------  ---------  --------  --------  ----  --------
  SRAM_CODE             20004000   00013000  0000bf0e  000070f2  RW X
  SRAM_DATA             20017000   00019000  0000936e  0000fc92  RW X


SEGMENT ALLOCATION MAP

run origin  load origin   length   init length attrs members
----------  ----------- ---------- ----------- ----- -------
20004000    20004000    0000bf10   0000bf10    r-x
  20004000    20004000    00000400   00000400    r-- .intvecs
  20004400    20004400    0000ae9e   0000ae9e    r-x .text
  2000f2a0    2000f2a0    00000ba8   00000ba8    r-- .const
  2000fe48    2000fe48    000000c8   000000c8    r-- .cinit
20017000    20017000    00008374   00000000    rw-
  20017000    20017000    00008000   00000000    rw- .sysmem
  2001f000    2001f000    0000022a   00000000    rw- .bss
  2001f230    2001f230    00000144   00000000    rw- .data
2002f000    2002f000    00001000   00000000    rw-
  2002f000    2002f000    00001000   00000000    rw- .stack


SECTION ALLOCATION MAP

 output                                  attributes/
section   page    origin      length       input sections
--------  ----  ----------  ----------   ----------------
.intvecs   0    20004000    00000400     
                  20004000    00000400     startup_ccs.obj (.intvecs)

.init_array 
*          0    20004000    00000000     UNINITIALIZED

.text      0    20004400    0000ae9e     
                  20004400    0000167c     main.obj (.text)
                  20005a7c    00000ed4     network_utils.obj (.text)
                  20006950    00000a80     Adafruit_GFX.obj (.text)
                  200073d0    00000a4e     rtsv7M4_T_le_eabi.lib : _printfi.c.obj (.text:__TI_printfi)
                  20007e1e    00000002     driverlib.a : interrupt.obj (.text:IntDefaultHandler)
                  20007e20    00000590     simplelink.a : driver.obj (.text:_SlDrvMsgRead)
                  200083b0    000004a2     Adafruit_OLED.obj (.text)
                  20008852    00000002     rtsv7M4_T_le_eabi.lib : _lock.c.obj (.text:_nop)
                  20008854    00000398     gpio_if.obj (.text)
                  20008bec    00000280     simplelink.a : wlan.obj (.text:sl_WlanConnect)
                  20008e6c    0000027c     uart_if.obj (.text)
                  200090e8    00000268     rtsv7M4_T_le_eabi.lib : _printfi.c.obj (.text:_pconv_a)
                  20009350    00000248     simplelink.a : driver.obj (.text:_SlDrvRxHdrRead)
                  20009598    000001e4                  : driver.obj (.text:_SlDrvDataReadOp)
                  2000977c    000001d0                  : driver.obj (.text:_SlDrvReleasePoolObj)
                  2000994c    000001cc     rtsv7M4_T_le_eabi.lib : _printfi.c.obj (.text:_pconv_g)
                  20009b18    000001b6                           : fd_add_t2.asm.obj (.text)
                  20009cce    00000002                           : div0.asm.obj (.text)
                  20009cd0    000001b4     simplelink.a : driver.obj (.text:_SlDrvDriverCBInit)
                  20009e84    0000019c                  : driver.obj (.text:_SlDrvMsgWrite)
                  2000a020    00000190                  : driver.obj (.text:_SlDrvWaitForPoolObj)
                  2000a1b0    0000018c                  : socket.obj (.text:sl_Connect)
                  2000a33c    00000178     driverlib.a : prcm.obj (.text:PRCMCC3200MCUInit)
                  2000a4b4    00000170     simplelink.a : driver.obj (.text:_SlFindAndSetActiveObj)
                  2000a624    00000150                  : driver.obj (.text:_SlDrvDataWriteOp)
                  2000a774    00000148                  : cc_pal.obj (.text:spi_Open)
                  2000a8bc    00000144                  : driver.obj (.text:_SlDrvMsgReadCmdCtx)
                  2000aa00    00000144                  : netapp.obj (.text:sl_NetAppDnsGetHostByName)
                  2000ab44    0000013c     rtsv7M4_T_le_eabi.lib : _printfi.c.obj (.text:_pconv_e)
                  2000ac80    00000136                           : fd_div_t2.asm.obj (.text)
                  2000adb6    00000002     --HOLE-- [fill = 0]
                  2000adb8    00000134     simplelink.a : socket.obj (.text:sl_Send)
                  2000aeec    00000130                  : driver.obj (.text:_SlDrvDriverCBDeinit)
                  2000b01c    00000120     rtsv7M4_T_le_eabi.lib : _printfi.c.obj (.text:fcvt)
                  2000b13c    00000118     pinmux.obj (.text)
                  2000b254    00000104     simplelink.a : netapp.obj (.text:_SlDrvNetAppEventHandler)
                  2000b358    00000100     rtsv7M4_T_le_eabi.lib : memory.c.obj (.text:aligned_alloc)
                  2000b458    000000fc                           : fd_mul_t2.asm.obj (.text)
                  2000b554    000000f0     simplelink.a : device.obj (.text:sl_Stop)
                  2000b644    000000f0                  : cc_pal.obj (.text:spi_Read)
                  2000b734    000000f0     driverlib.a : udma.obj (.text:uDMAChannelTransferSet)
                  2000b824    000000ec     simplelink.a : device.obj (.text:sl_Start)
                  2000b910    000000e8                  : driver.obj (.text:_SlAsyncEventGenericHandler)
                  2000b9f8    000000e8                  : driver.obj (.text:_SlDrvMsgReadSpawnCtx)
                  2000bae0    000000e4     rtsv7M4_T_le_eabi.lib : memory.c.obj (.text:free)
                  2000bbc4    000000e4                           : memory.c.obj (.text:realloc)
                  2000bca8    000000e4     simplelink.a : netapp.obj (.text:sl_NetAppMDNSRegisterUnregisterService)
                  2000bd8c    000000dc                  : driver.obj (.text:_SlDrvClassifyRxMsg)
                  2000be68    000000d0     rtsv7M4_T_le_eabi.lib : s_scalbn.c.obj (.text:scalbn)
                  2000bf38    000000cc     simplelink.a : netapp.obj (.text:_sl_HandleAsync_DnsGetHostByService)
                  2000c004    000000cc                  : device.obj (.text:sl_DevGet)
                  2000c0d0    000000c4                  : driver.obj (.text:_SlRemoveFromList)
                  2000c194    000000c0                  : driver.obj (.text:_SlDrvCmdOp)
                  2000c254    000000b1     rtsv7M4_T_le_eabi.lib : _printfi.c.obj (.text:_ltostr)
                  2000c305    00000003     --HOLE-- [fill = 0]
                  2000c308    000000b0     simplelink.a : nonos.obj (.text:_SlNonOsSemGet)
                  2000c3b8    000000a8     driverlib.a : interrupt.obj (.text:IntDisable)
                  2000c460    000000a8                 : interrupt.obj (.text:IntEnable)
                  2000c508    000000a4     simplelink.a : driver.obj (.text:_SlDriverHandleError)
                  2000c5ac    000000a0     driverlib.a : spi.obj (.text:SPIConfigSetExpClk)
                  2000c64c    000000a0     simplelink.a : socket.obj (.text:sl_Recv)
                  2000c6ec    0000009c     rtsv7M4_T_le_eabi.lib : memcpy_t2.asm.obj (.text)
                  2000c788    0000009a     simplelink.a : device.obj (.text:_SlDrvDeviceEventHandler)
                  2000c822    00000002     --HOLE-- [fill = 0]
                  2000c824    00000098                  : device.obj (.text:sl_DevSet)
                  2000c8bc    00000098                  : netcfg.obj (.text:sl_NetCfgSet)
                  2000c954    00000098                  : socket.obj (.text:sl_SetSockOpt)
                  2000c9ec    00000098                  : wlan.obj (.text:sl_WlanSet)
                  2000ca84    00000098                  : cc_pal.obj (.text:spi_Write)
                  2000cb1c    00000096     rtsv7M4_T_le_eabi.lib : ull_div_t2.asm.obj (.text)
                  2000cbb2    00000002     --HOLE-- [fill = 0]
                  2000cbb4    00000094     driverlib.a : prcm.obj (.text:PRCMPeripheralClockGet)
                  2000cc48    00000090     simplelink.a : netapp.obj (.text:_sl_HandleAsync_DnsGetHostByName)
                  2000ccd8    00000090                  : netapp.obj (.text:_sl_HandleAsync_PingResponse)
                  2000cd68    00000090                  : wlan.obj (.text:sl_WlanPolicySet)
                  2000cdf8    0000008c                  : cc_pal.obj (.text:SetupDMAReceive)
                  2000ce84    0000008c                  : cc_pal.obj (.text:SetupDMASend)
                  2000cf10    0000008c                  : driver.obj (.text:_SlDrvIsTimeoutExpired)
                  2000cf9c    0000008c                  : device.obj (.text:_sl_HandleAsync_InitComplete)
                  2000d028    0000008c                  : socket.obj (.text:sl_Socket)
                  2000d0b4    00000088     driverlib.a : pin.obj (.text:PinConfigSet)
                  2000d13c    00000086     rtsv7M4_T_le_eabi.lib : fd_cmp_t2.asm.obj (.text:__aeabi_cdcmple)
                  2000d1c2    00000086                           : fd_cmp_t2.asm.obj (.text:__aeabi_cdrcmple)
                  2000d248    00000084     simplelink.a : wlan.obj (.text:sl_WlanRxFilterSet)
                  2000d2cc    00000082     driverlib.a : gpio.obj (.text:GPIOIntTypeSet)
                  2000d34e    00000002     --HOLE-- [fill = 0]
                  2000d350    00000080     simplelink.a : socket.obj (.text:_sl_HandleAsync_Connect)
                  2000d3d0    00000080                  : cc_pal.obj (.text:spi_Read_CPU)
                  2000d450    00000080                  : cc_pal.obj (.text:spi_Write_CPU)
                  2000d4d0    0000007a     rtsv7M4_T_le_eabi.lib : memset_t2.asm.obj (.text)
                  2000d54a    00000002     --HOLE-- [fill = 0]
                  2000d54c    00000078     simplelink.a : cc_pal.obj (.text:spi_Close)
                  2000d5c4    00000076     driverlib.a : uart.obj (.text:UARTConfigSetExpClk)
                  2000d63a    00000002     --HOLE-- [fill = 0]
                  2000d63c    00000074     simplelink.a : nonos.obj (.text:_SlNonOsMainLoopTask)
                  2000d6b0    00000070     rtsv7M4_T_le_eabi.lib : memory.c.obj (.text:split)
                  2000d720    0000006e                           : _printfi.c.obj (.text:_mcpy)
                  2000d78e    00000002     --HOLE-- [fill = 0]
                  2000d790    0000006c     simplelink.a : driver.obj (.text:_SlDrvCmdSend)
                  2000d7fc    0000006c                  : netapp.obj (.text:_sl_NetAppSendTokenValue)
                  2000d868    00000068     rtsv7M4_T_le_eabi.lib : copy_decompress_lzss.c.obj (.text:decompress:lzss:__TI_decompress_lzss)
                  2000d8d0    00000064     simplelink.a : nonos.obj (.text:_SlNonOsSpawn)
                  2000d934    00000064                  : socket.obj (.text:_sl_HandleAsync_Accept)
                  2000d998    00000064                  : netapp.obj (.text:sl_NetAppMDNSUnRegisterService)
                  2000d9fc    00000064     driverlib.a : udma.obj (.text:uDMAChannelAttributeDisable)
                  2000da60    00000064                 : udma.obj (.text:uDMAChannelAttributeEnable)
                  2000dac4    00000060     simplelink.a : socket.obj (.text:sl_Close)
                  2000db24    00000060                  : wlan.obj (.text:sl_WlanProfileDel)
                  2000db84    00000060                  : wlan.obj (.text:sl_WlanSetMode)
                  2000dbe4    0000005c     rtsv7M4_T_le_eabi.lib : s_frexp.c.obj (.text:frexp)
                  2000dc40    00000058     driverlib.a : interrupt.obj (.text:IntPendClear)
                  2000dc98    00000058                 : prcm.obj (.text:PRCMPeripheralReset)
                  2000dcf0    00000056     rtsv7M4_T_le_eabi.lib : _printfi.c.obj (.text:_pconv_f)
                  2000dd46    00000002     --HOLE-- [fill = 0]
                  2000dd48    00000054     driverlib.a : interrupt.obj (.text:IntPrioritySet)
                  2000dd9c    00000054     simplelink.a : driver.obj (.text:_SlDrvRxIrqHandler)
                  2000ddf0    00000054     rtsv7M4_T_le_eabi.lib : _ltoa.c.obj (.text:__TI_ltoa)
                  2000de44    00000054     simplelink.a : socket.obj (.text:_sl_HandleAsync_Select)
                  2000de98    00000052     rtsv7M4_T_le_eabi.lib : _printfi.c.obj (.text:_ecpy)
                  2000deea    00000002     --HOLE-- [fill = 0]
                  2000deec    00000050     simplelink.a : device.obj (.text:_sl_HandleAsync_Stop)
                  2000df3c    0000004c     driverlib.a : spi.obj (.text:SPIIntEnable)
                  2000df88    0000004c                 : spi.obj (.text:SPIIntNumberGet)
                  2000dfd4    0000004c     simplelink.a : driver.obj (.text:_SlDrvProtectAsyncRespSetting)
                  2000e020    0000004c                  : socket.obj (.text:_sl_BuildAddress)
                  2000e06c    0000004c     rtsv7M4_T_le_eabi.lib : atoi.c.obj (.text:atoi)
                  2000e0b8    0000004c     driverlib.a : udma.obj (.text:uDMAChannelAssign)
                  2000e104    00000048                 : gpio.obj (.text:GPIOGetIntNumber)
                  2000e14c    00000048                 : spi.obj (.text:SPIIntClear)
                  2000e194    00000048     simplelink.a : driver.obj (.text:_SlDrvBasicCmd)
                  2000e1dc    00000048     rtsv7M4_T_le_eabi.lib : fd_toi_t2.asm.obj (.text)
                  2000e224    00000044     driverlib.a : spi.obj (.text:SPIDmaMaskGet)
                  2000e268    00000044                 : timer.obj (.text:TimerConfigure)
                  2000e2ac    00000044     simplelink.a : driver.obj (.text:_SlDrvHandleHttpServerEvents)
                  2000e2f0    00000044                  : driver.obj (.text:_SlDrvSyncObjWaitTimeout)
                  2000e334    00000044     rtsv7M4_T_le_eabi.lib : autoinit.c.obj (.text:__TI_auto_init_nobinit_nopinit:__TI_auto_init_nobinit_nopinit)
                  2000e378    00000044     simplelink.a : cc_pal.obj (.text:cc_SetupTransfer)
                  2000e3bc    00000042                  : socket.obj (.text:sl_Htonl)
                  2000e3fe    00000002     --HOLE-- [fill = 0]
                  2000e400    00000040     driverlib.a : pin.obj (.text:PinModeSet)
                  2000e440    00000040     simplelink.a : driver.obj (.text:_SlDrvHandleNetAppEvents)
                  2000e480    00000040                  : driver.obj (.text:_SlDrvHandleWlanEvents)
                  2000e4c0    00000040                  : socket.obj (.text:_sl_TruncatePayloadByProtocol)
                  2000e500    00000040     rtsv7M4_T_le_eabi.lib : sprintf.c.obj (.text:sprintf)
                  2000e540    00000040                           : vsnprintf.c.obj (.text:vsnprintf)
                  2000e580    0000003e     simplelink.a : cc_pal.obj (.text:NwpRegisterInterruptHandler)
                  2000e5be    0000003e     rtsv7M4_T_le_eabi.lib : _printfi.c.obj (.text:_fcpy)
                  2000e5fc    0000003c     simplelink.a : netapp.obj (.text:CopyPingResultsToReport)
                  2000e638    0000003c     driverlib.a : prcm.obj (.text:PRCMPeripheralClkEnable)
                  2000e674    0000003c     simplelink.a : cc_pal.obj (.text:simplelink_timerA2_start)
                  2000e6b0    0000003c                  : socket.obj (.text:sl_Htons)
                  2000e6ec    0000003c     driverlib.a : udma.obj (.text:uDMAChannelControlSet)
                  2000e728    00000038     simplelink.a : cc_pal.obj (.text:NwpPowerOff)
                  2000e760    00000038                  : wlan.obj (.text:sl_WlanDisconnect)
                  2000e798    00000036     driverlib.a : gpio.obj (.text:GPIODirModeSet)
                  2000e7ce    00000036                 : timer.obj (.text:TimerControlLevel)
                  2000e804    00000034                 : prcm.obj (.text:PRCMPeripheralStatusGet)
                  2000e838    00000034                 : spi.obj (.text:SPIFIFOLevelSet)
                  2000e86c    00000030                 : pin.obj (.text:PinTypeGPIO)
                  2000e89c    00000030                 : uart.obj (.text:UARTDisable)
                  2000e8cc    00000030     rtsv7M4_T_le_eabi.lib : vsnprintf.c.obj (.text:_outs)
                  2000e8fc    0000002e                           : i_tofd_t2.asm.obj (.text)
                  2000e92a    00000002     --HOLE-- [fill = 0]
                  2000e92c    0000002c     simplelink.a : cc_pal.obj (.text:NwpPowerOn)
                  2000e958    0000002c     driverlib.a : prcm.obj (.text:PRCMSysResetCauseGet)
                  2000e984    0000002c     simplelink.a : driver.obj (.text:_SlDrvObjGlobalLockWaitForever)
                  2000e9b0    0000002c                  : driver.obj (.text:_SlDrvProtectionObjLockWaitForever)
                  2000e9dc    0000002a     driverlib.a : timer.obj (.text:TimerLoadSet)
                  2000ea06    0000002a                 : timer.obj (.text:TimerMatchSet)
                  2000ea30    0000002a                 : timer.obj (.text:TimerPrescaleSet)
                  2000ea5a    00000002     --HOLE-- [fill = 0]
                  2000ea5c    00000028                 : prcm.obj (.text:PRCMPeripheralClkDisable)
                  2000ea84    00000028     simplelink.a : driver.obj (.text:_SlDrvGlobalObjUnLock)
                  2000eaac    00000028                  : driver.obj (.text:_SlDrvProtectionObjUnLock)
                  2000ead4    00000028                  : driver.obj (.text:_SlDrvSyncObjWaitForever)
                  2000eafc    00000028     rtsv7M4_T_le_eabi.lib : memory.c.obj (.text:free_list_insert)
                  2000eb24    00000028                           : memmov.c.obj (.text:memmove)
                  2000eb4c    00000026     simplelink.a : driver.obj (.text:_SlDrvObjLockWaitForever)
                  2000eb72    00000026     network_common.obj (.text)
                  2000eb98    00000024     simplelink.a : cc_pal.obj (.text:DmaSpiSwIntHandler)
                  2000ebbc    00000024     driverlib.a : interrupt.obj (.text:IntUnregister)
                  2000ebe0    00000024                 : uart.obj (.text:UARTEnable)
                  2000ec04    00000024     rtsv7M4_T_le_eabi.lib : boot_cortex_m.c.obj (.text:_c_int00_noargs:_c_int00_noargs)
                  2000ec28    00000022     driverlib.a : gpio.obj (.text:GPIOIntStatus)
                  2000ec4a    00000022                 : spi.obj (.text:SPIReset)
                  2000ec6c    00000022                 : spi.obj (.text:SPIWordCountSet)
                  2000ec8e    00000020                 : gpio.obj (.text:GPIOPinWrite)
                  2000ecae    00000002     --HOLE-- [fill = 0]
                  2000ecb0    00000020                 : interrupt.obj (.text:IntRegister)
                  2000ecd0    00000020     simplelink.a : cc_pal.obj (.text:NwpPrePowerOffTimout0)
                  2000ecf0    00000020     driverlib.a : spi.obj (.text:SPIDataGet)
                  2000ed10    00000020     simplelink.a : cc_pal.obj (.text:TimerGetCurrentTimestamp)
                  2000ed30    00000020                  : driver.obj (.text:_SlDrvObjUnLock)
                  2000ed50    00000020                  : driver.obj (.text:_SlDrvSyncObjSignal)
                  2000ed70    0000001e     driverlib.a : gpio.obj (.text:GPIOIntRegister)
                  2000ed8e    0000001e                 : spi.obj (.text:SPIDataPut)
                  2000edac    0000001e                 : timer.obj (.text:TimerDisable)
                  2000edca    0000001e                 : timer.obj (.text:TimerEnable)
                  2000ede8    0000001e                 : uart.obj (.text:UARTCharPut)
                  2000ee06    0000001e     simplelink.a : cc_pal.obj (.text:cc_UDMAChannelSelect)
                  2000ee24    0000001c     driverlib.a : systick.obj (.text:SysTickIntRegister)
                  2000ee40    0000001c                 : timer.obj (.text:TimerValueGet)
                  2000ee5c    0000001c                 : uart.obj (.text:UARTCharGetNonBlocking)
                  2000ee78    0000001c     simplelink.a : driver.obj (.text:_SlDrvStartMeasureTimeout)
                  2000ee94    0000001c     rtsv7M4_T_le_eabi.lib : copy_zero_init.c.obj (.text:decompress:ZI:__TI_zero_init_nomemset:__TI_zero_init_nomemset)
                  2000eeb0    0000001c                           : memory.c.obj (.text:free_list_remove)
                  2000eecc    0000001c                           : memccpy.c.obj (.text:memccpy)
                  2000eee8    0000001c     driverlib.a : udma.obj (.text:uDMAChannelEnable)
                  2000ef04    0000001a                 : gpio.obj (.text:GPIOIntEnable)
                  2000ef1e    0000001a                 : pin.obj (.text:PinTypeSPI)
                  2000ef38    0000001a                 : pin.obj (.text:PinTypeTimer)
                  2000ef52    0000001a                 : pin.obj (.text:PinTypeUART)
                  2000ef6c    0000001a                 : spi.obj (.text:SPIDmaDisable)
                  2000ef86    0000001a                 : spi.obj (.text:SPIDmaEnable)
                  2000efa0    0000001a                 : spi.obj (.text:SPIFIFODisable)
                  2000efba    0000001a                 : spi.obj (.text:SPIFIFOEnable)
                  2000efd4    0000001a                 : spi.obj (.text:SPIIntUnregister)
                  2000efee    00000018                 : gpio.obj (.text:GPIOPinRead)
                  2000f006    00000018                 : spi.obj (.text:SPICSDisable)
                  2000f01e    00000018                 : spi.obj (.text:SPICSEnable)
                  2000f036    00000018                 : spi.obj (.text:SPIDisable)
                  2000f04e    00000018                 : spi.obj (.text:SPIEnable)
                  2000f066    00000002     --HOLE-- [fill = 0]
                  2000f068    00000018                 : systick.obj (.text:SysTickPeriodSet)
                  2000f080    00000018                 : uart.obj (.text:UARTCharsAvail)
                  2000f098    00000018     simplelink.a : nonos.obj (.text:_SlNonOsSemSet)
                  2000f0b0    00000018     rtsv7M4_T_le_eabi.lib : vsnprintf.c.obj (.text:_outc)
                  2000f0c8    00000018                           : sprintf.c.obj (.text:_outs)
                  2000f0e0    00000018     simplelink.a : device.obj (.text:_sl_GetStartResponseConvert)
                  2000f0f8    00000018     rtsv7M4_T_le_eabi.lib : ll_mul_t2.asm.obj (.text)
                  2000f110    00000016     driverlib.a : prcm.obj (.text:PRCMHIBRegRead)
                  2000f126    00000016                 : prcm.obj (.text:PRCMHIBRegWrite)
                  2000f13c    00000016     simplelink.a : driver.obj (.text:_SlDrvMemZero)
                  2000f152    00000016     rtsv7M4_T_le_eabi.lib : strchr.c.obj (.text:strchr)
                  2000f168    00000014     driverlib.a : cpu.obj (.text:CPUcpsie)
                  2000f17c    00000014                 : gpio.obj (.text:GPIOIntClear)
                  2000f190    00000014                 : interrupt.obj (.text:IntVTableBaseSet)
                  2000f1a4    00000014     rtsv7M4_T_le_eabi.lib : strcpy.c.obj (.text:strcpy)
                  2000f1b8    00000014                           : strlen.c.obj (.text:strlen)
                  2000f1cc    00000012                           : wcslen.c.obj (.text:wcslen)
                  2000f1de    00000002     --HOLE-- [fill = 0]
                  2000f1e0    00000010     driverlib.a : systick.obj (.text:SysTickEnable)
                  2000f1f0    00000010                 : systick.obj (.text:SysTickIntEnable)
                  2000f200    00000010     simplelink.a : driver.obj (.text:_SlDrvDispatchHttpServerEvents)
                  2000f210    0000000e                  : driver.obj (.text:_SlDrvResetCmdExt)
                  2000f21e    0000000e     rtsv7M4_T_le_eabi.lib : copy_decompress_none.c.obj (.text:decompress:none:__TI_decompress_none)
                  2000f22c    0000000e     startup_ccs.obj (.text)
                  2000f23a    00000002     --HOLE-- [fill = 0]
                  2000f23c    0000000c     simplelink.a : cc_pal.obj (.text:NwpMaskInterrupt)
                  2000f248    0000000c                  : cc_pal.obj (.text:NwpUnMaskInterrupt)
                  2000f254    0000000c     driverlib.a : systick.obj (.text:SysTickValueGet)
                  2000f260    0000000c     rtsv7M4_T_le_eabi.lib : s_copysign.c.obj (.text:copysign)
                  2000f26c    0000000a     driverlib.a : interrupt.obj (.text:IntMasterEnable)
                  2000f276    0000000a     rtsv7M4_T_le_eabi.lib : sprintf.c.obj (.text:_outc)
                  2000f280    00000008                           : errno.c.obj (.text:__aeabi_errno_addr)
                  2000f288    00000008                           : memory.c.obj (.text:malloc)
                  2000f290    00000006     driverlib.a : utils.obj (.text:UtilsDelay)
                  2000f296    00000004     rtsv7M4_T_le_eabi.lib : pre_init.c.obj (.text:_system_pre_init)
                  2000f29a    00000004                           : exit.c.obj (.text:abort:abort)

.const     0    2000f2a0    00000ba8     
                  2000f2a0    000004fb     Adafruit_GFX.obj (.const:.string:font)
                  2000f79b    00000101     rtsv7M4_T_le_eabi.lib : ctype.c.obj (.const:.string:_ctypes_)
                  2000f89c    00000100     driverlib.a : pin.obj (.const:g_ulPinToPadMap)
                  2000f99c    000000d4                 : interrupt.obj (.const:g_pulRegs)
                  2000fa70    000000a8                 : prcm.obj (.const:PRCM_PeriphRegsList)
                  2000fb18    0000003c     simplelink.a : driver.obj (.const:OpcodeTranslateTable)
                  2000fb54    00000038                  : driver.obj (.const:_SlActionLookupTable)
                  2000fb8c    0000002c     network_utils.obj (.const:$P$T1$2)
                  2000fbb8    00000024     driverlib.a : spi.obj (.const:g_ppulSPIIntMap)
                  2000fbdc    00000022     network_utils.obj (.const:.string:$P$T0$1)
                  2000fbfe    00000002     --HOLE-- [fill = 0]
                  2000fc00    00000020     simplelink.a : driver.obj (.const:RxMsgClassLUT)
                  2000fc20    00000018     driverlib.a : interrupt.obj (.const:g_pulDisRegs)
                  2000fc38    00000018                 : interrupt.obj (.const:g_pulEnRegs)
                  2000fc50    00000018                 : interrupt.obj (.const:g_pulUnpendRegs)
                  2000fc68    00000018                 : spi.obj (.const:g_ulSPIDmaMaskMap)
                  2000fc80    00000014     simplelink.a : driver.obj (.const:$P$T0$1)
                  2000fc94    00000014                  : nonos.obj (.const:$P$T0$1)
                  2000fca8    00000014     network_utils.obj (.const:$P$T2$3)
                  2000fcbc    00000013     main.obj (.const:.string:$P$T12$14)
                  2000fccf    00000012     main.obj (.const:.string:$P$T8$10)
                  2000fce1    00000011     main.obj (.const:.string:$P$T10$12)
                  2000fcf2    00000010     simplelink.a : socket.obj (.const:.string:_SlPayloadByProtocolLUT)
                  2000fd02    0000000f     main.obj (.const:.string:$P$T20$22)
                  2000fd11    0000000e     main.obj (.const:.string:$P$T2$4)
                  2000fd1f    0000000e     main.obj (.const:.string:$P$T21$23)
                  2000fd2d    0000000d     main.obj (.const:.string:$P$T4$6)
                  2000fd3a    00000002     --HOLE-- [fill = 0]
                  2000fd3c    0000000c     network_utils.obj (.const:$P$T4$5)
                  2000fd48    0000000c     main.obj (.const:.string:$P$T15$17)
                  2000fd54    0000000c     network_utils.obj (.const:.string:$P$T3$4)
                  2000fd60    0000000c     main.obj (.const:.string:$P$T6$8)
                  2000fd6c    0000000b     main.obj (.const:.string:$P$T14$16)
                  2000fd77    0000000a     main.obj (.const:.string:$P$T1$3)
                  2000fd81    0000000a     main.obj (.const:.string:$P$T13$15)
                  2000fd8b    00000009     main.obj (.const:.string:$P$T16$18)
                  2000fd94    00000009     main.obj (.const:.string:$P$T18$20)
                  2000fd9d    00000009     main.obj (.const:.string:$P$T5$7)
                  2000fda6    00000009     main.obj (.const:.string:$P$T7$9)
                  2000fdaf    00000008     main.obj (.const:.string:$P$T0$2)
                  2000fdb7    00000008     main.obj (.const:.string:$P$T11$13)
                  2000fdbf    00000008     main.obj (.const:.string:$P$T19$21)
                  2000fdc7    00000008     main.obj (.const:.string:$P$T3$5)
                  2000fdcf    00000008     simplelink.a : device.obj (.const:StartResponseLUT)
                  2000fdd7    00000001     --HOLE-- [fill = 0]
                  2000fdd8    00000008                  : driver.obj (.const:g_H2NCnysPattern)
                  2000fde0    00000008                  : driver.obj (.const:g_H2NSyncPattern)
                  2000fde8    00000007     main.obj (.const:.string:$P$T9$11)
                  2000fdef    00000005     main.obj (.const:.string:$P$T17$19)
                  2000fdf4    00000004     simplelink.a : wlan.obj (.const:$P$T0$1)
                  2000fdf8    00000004                  : socket.obj (.const:$P$T2$3)
                  2000fdfc    00000004                  : device.obj (.const:_SlDeviceGetCmdCtrl)
                  2000fe00    00000004                  : device.obj (.const:_SlDeviceSetCmdCtrl)
                  2000fe04    00000004                  : netapp.obj (.const:_SlGetHostByNameCtrl)
                  2000fe08    00000004                  : netapp.obj (.const:_SlNetAppSendTokenValueCmdCtrl)
                  2000fe0c    00000004                  : netcfg.obj (.const:_SlNetCfgSetCmdCtrl)
                  2000fe10    00000004                  : wlan.obj (.const:_SlPolicySetCmdCtrl)
                  2000fe14    00000004                  : wlan.obj (.const:_SlProfileDelCmdCtrl)
                  2000fe18    00000004                  : socket.obj (.const:_SlRecvCmdCtrl)
                  2000fe1c    00000004                  : netapp.obj (.const:_SlRegisterServiceCtrl)
                  2000fe20    00000004                  : wlan.obj (.const:_SlRxFilterSetCmdCtrl)
                  2000fe24    00000004                  : socket.obj (.const:_SlSendCmdCtrl)
                  2000fe28    00000004                  : socket.obj (.const:_SlSetSockOptCmdCtrl)
                  2000fe2c    00000004                  : socket.obj (.const:_SlSockCloseCmdCtrl)
                  2000fe30    00000004                  : socket.obj (.const:_SlSockSocketCmdCtrl)
                  2000fe34    00000004                  : device.obj (.const:_SlStopCmdCtrl)
                  2000fe38    00000004                  : wlan.obj (.const:_SlWlanCfgSetCmdCtrl)
                  2000fe3c    00000004                  : wlan.obj (.const:_SlWlanSetModeCmdCtrl)
                  2000fe40    00000004                  : driver.obj (.const:httpServer_callbacks)
                  2000fe44    00000004                  : driver.obj (.const:netApp_callbacks)

.cinit     0    2000fe48    000000c8     
                  2000fe48    000000a1     (.cinit..data.load) [load image, compression = lzss]
                  2000fee9    00000003     --HOLE-- [fill = 0]
                  2000feec    0000000c     (__TI_handler_table)
                  2000fef8    00000008     (.cinit..bss.load) [load image, compression = zero_init]
                  2000ff00    00000010     (__TI_cinit_table)

.sysmem    0    20017000    00008000     UNINITIALIZED
                  20017000    00000010     rtsv7M4_T_le_eabi.lib : memory.c.obj (.sysmem)
                  20017010    00007ff0     --HOLE--

.bss       0    2001f000    0000022a     UNINITIALIZED
                  2001f000    00000168     simplelink.a : driver.obj (.bss:g_StatMem)
                  2001f168    00000050     (.common:g_ucDinDout)
                  2001f1b8    0000002c     (.common:g_time)
                  2001f1e4    00000024     (.common:g_ucConnectionSSID)
                  2001f208    00000008     (.common:g_app_config)
                  2001f210    00000008     (.common:g_ucConnectionBSSID)
                  2001f218    00000004     uart_if.obj (.bss)
                  2001f21c    00000004     (.common:g_Host)
                  2001f220    00000004     (.common:g_port)
                  2001f224    00000001     (.common:RxIrqCnt)
                  2001f225    00000001     (.common:g_bDeviceRestartIsRequired)
                  2001f226    00000001     (.common:g_cDummy)
                  2001f227    00000001     (.common:g_ucLED1Pin)
                  2001f228    00000001     (.common:g_ucLED2Pin)
                  2001f229    00000001     (.common:g_ucLED3Pin)

.data      0    2001f230    00000144     UNINITIALIZED
                  2001f230    00000040     main.obj (.data)
                  2001f270    0000003c     simplelink.a : nonos.obj (.data:g__SlNonOsCB)
                  2001f2ac    00000030     main.obj (.data:codes)
                  2001f2dc    00000015     Adafruit_GFX.obj (.data)
                  2001f2f1    00000003     --HOLE--
                  2001f2f4    00000014     gpio_if.obj (.data:ulReg)
                  2001f308    0000000d     simplelink.a : driver.obj (.data)
                  2001f315    0000000c     main.obj (.data:buttons)
                  2001f321    00000003     --HOLE--
                  2001f324    0000000c     gpio_if.obj (.data)
                  2001f330    0000000c     network_utils.obj (.data)
                  2001f33c    00000009     simplelink.a : cc_pal.obj (.data)
                  2001f345    00000003     --HOLE--
                  2001f348    00000008     rtsv7M4_T_le_eabi.lib : _lock.c.obj (.data:$O1$$)
                  2001f350    00000008                           : memory.c.obj (.data:$O1$$)
                  2001f358    00000007     main.obj (.data:attempt)
                  2001f35f    00000007     main.obj (.data:password)
                  2001f366    00000006     main.obj (.data:inputBuffer)
                  2001f36c    00000004     rtsv7M4_T_le_eabi.lib : errno.c.obj (.data)
                  2001f370    00000004     simplelink.a : driver.obj (.data:wlan_callbacks)

.stack     0    2002f000    00001000     UNINITIALIZED
                  2002f000    00000004     rtsv7M4_T_le_eabi.lib : boot_cortex_m.c.obj (.stack)
                  2002f004    00000ffc     --HOLE--

__llvm_prf_cnts 
*          0    20017000    00000000     UNINITIALIZED

MODULE SUMMARY

       Module                       code    ro data   rw data
       ------                       ----    -------   -------
    .\
       main.obj                     5756    245       144    
       Adafruit_GFX.obj             2688    1275      21     
       Adafruit_OLED.obj            1186    0         0      
       startup_ccs.obj              14      1024      0      
       gpio_if.obj                  920     0         35     
       uart_if.obj                  636     0         4      
       pinmux.obj                   280     0         0      
       network_common.obj           38      0         0      
    +--+----------------------------+-------+---------+---------+
       Total:                       11518   2544      204    
                                                             
    .\utils\
       network_utils.obj            3796    122       116    
    +--+----------------------------+-------+---------+---------+
       Total:                       3796    122       116    
                                                             
    C:/ti/CC3200SDK_1.5.0/cc3200-sdk/driverlib/ccs/Release/driverlib.a
       prcm.obj                     852     168       0      
       spi.obj                      860     60        0      
       interrupt.obj                608     284       0      
       udma.obj                     604     0         0      
       pin.obj                      326     256       0      
       gpio.obj                     422     0         0      
       timer.obj                    336     0         0      
       uart.obj                     284     0         0      
       systick.obj                  96      0         0      
       cpu.obj                      20      0         0      
       utils.obj                    6       0         0      
    +--+----------------------------+-------+---------+---------+
       Total:                       4414    768       0      
                                                             
    C:/ti/CC3200SDK_1.5.0/cc3200-sdk/simplelink/ccs/NON_OS/simplelink.a
       driver.obj                   7906    192       379    
       cc_pal.obj                   1820    0         90     
       socket.obj                   1830    40        0      
       netapp.obj                   1572    12        0      
       wlan.obj                     1316    24        0      
       device.obj                   1230    20        0      
       nonos.obj                    416     20        60     
       netcfg.obj                   152     4         0      
    +--+----------------------------+-------+---------+---------+
       Total:                       16242   312       529    
                                                             
    C:\ti\ccs1250\ccs\tools\compiler\ti-cgt-arm_20.2.7.LTS\lib\rtsv7M4_T_le_eabi.lib
       _printfi.c.obj               4835    0         0      
       memory.c.obj                 900     0         8      
       fd_add_t2.asm.obj            438     0         0      
       fd_div_t2.asm.obj            310     0         0      
       fd_cmp_t2.asm.obj            268     0         0      
       ctype.c.obj                  0       257       0      
       fd_mul_t2.asm.obj            252     0         0      
       s_scalbn.c.obj               208     0         0      
       memcpy_t2.asm.obj            156     0         0      
       ull_div_t2.asm.obj           150     0         0      
       vsnprintf.c.obj              136     0         0      
       memset_t2.asm.obj            122     0         0      
       copy_decompress_lzss.c.obj   104     0         0      
       sprintf.c.obj                98      0         0      
       s_frexp.c.obj                92      0         0      
       _ltoa.c.obj                  84      0         0      
       atoi.c.obj                   76      0         0      
       fd_toi_t2.asm.obj            72      0         0      
       autoinit.c.obj               68      0         0      
       i_tofd_t2.asm.obj            46      0         0      
       memmov.c.obj                 40      0         0      
       boot_cortex_m.c.obj          36      0         0      
       copy_zero_init.c.obj         28      0         0      
       memccpy.c.obj                28      0         0      
       ll_mul_t2.asm.obj            24      0         0      
       strchr.c.obj                 22      0         0      
       strcpy.c.obj                 20      0         0      
       strlen.c.obj                 20      0         0      
       wcslen.c.obj                 18      0         0      
       copy_decompress_none.c.obj   14      0         0      
       errno.c.obj                  8       0         4      
       s_copysign.c.obj             12      0         0      
       _lock.c.obj                  2       0         8      
       exit.c.obj                   4       0         0      
       pre_init.c.obj               4       0         0      
       div0.asm.obj                 2       0         0      
    +--+----------------------------+-------+---------+---------+
       Total:                       8697    257       20     
                                                             
       Heap:                        0       0         32768  
       Stack:                       0       0         4096   
       Linker Generated:            0       197       0      
    +--+----------------------------+-------+---------+---------+
       Grand Total:                 44667   4200      37733  


LINKER GENERATED COPY TABLES

__TI_cinit_table @ 2000ff00 records: 2, size/record: 8, table size: 16
	.data: load addr=2000fe48, load size=000000a1 bytes, run addr=2001f230, run size=00000144 bytes, compression=lzss
	.bss: load addr=2000fef8, load size=00000008 bytes, run addr=2001f000, run size=0000022a bytes, compression=zero_init


LINKER GENERATED HANDLER TABLE

__TI_handler_table @ 2000feec records: 3, size/record: 4, table size: 12
	index: 0, handler: __TI_decompress_lzss
	index: 1, handler: __TI_decompress_none
	index: 2, handler: __TI_zero_init


GLOBAL SYMBOLS: SORTED ALPHABETICALLY BY Name 

address   name                                  
-------   ----                                  
20008439  Adafruit_Init                         
2000f29b  C$$EXIT                               
2000f169  CPUcpsie                              
20008ead  ClearTerm                             
200085af  Color565                              
20005063  DeInitPWMModules                      
2000eb99  DmaSpiSwIntHandler                    
20008eb7  Error                                 
2000e799  GPIODirModeSet                        
2000f17d  GPIOIntClear                          
2000ef05  GPIOIntEnable                         
2000ed71  GPIOIntRegister                       
2000ec29  GPIOIntStatus                         
2000d2cd  GPIOIntTypeSet                        
2000efef  GPIOPinRead                           
2000ec8f  GPIOPinWrite                          
20008b15  GPIO_IF_ConfigureNIntEnable           
20008ba1  GPIO_IF_Get                           
20008acf  GPIO_IF_GetPortNPin                   
20008891  GPIO_IF_LedConfigure                  
20008983  GPIO_IF_LedOff                        
200088cf  GPIO_IF_LedOn                         
20008a37  GPIO_IF_LedStatus                     
20008aa1  GPIO_IF_LedToggle                     
20008b5d  GPIO_IF_Set                           
20008eef  GetCmd                                
20005043  InitPWMModules                        
20008e6d  InitTerm                              
2000c3b9  IntDisable                            
2000c461  IntEnable                             
2000f26d  IntMasterEnable                       
2000dc41  IntPendClear                          
2000dd49  IntPrioritySet                        
2000ecb1  IntRegister                           
2000ebbd  IntUnregister                         
2000f191  IntVTableBaseSet                      
20008e8b  Message                               
2000f23d  NwpMaskInterrupt                      
2000e729  NwpPowerOff                           
2000e92d  NwpPowerOn                            
2000ecd1  NwpPrePowerOffTimout0                 
2000e581  NwpRegisterInterruptHandler           
2000f249  NwpUnMaskInterrupt                    
2000fb18  OpcodeTranslateTable                  
200072fb  Outstr                                
2000a33d  PRCMCC3200MCUInit                     
2000f111  PRCMHIBRegRead                        
2000f127  PRCMHIBRegWrite                       
2000ea5d  PRCMPeripheralClkDisable              
2000e639  PRCMPeripheralClkEnable               
2000cbb5  PRCMPeripheralClockGet                
2000dc99  PRCMPeripheralReset                   
2000e805  PRCMPeripheralStatusGet               
2000e959  PRCMSysResetCauseGet                  
2000d0b5  PinConfigSet                          
2000e401  PinModeSet                            
2000b13d  PinMuxConfig                          
2000e86d  PinTypeGPIO                           
2000ef1f  PinTypeSPI                            
2000ef39  PinTypeTimer                          
2000ef53  PinTypeUART                           
2000902d  Report                                
2000f22d  ResetISR                              
2001f224  RxIrqCnt                              
2000f007  SPICSDisable                          
2000f01f  SPICSEnable                           
2000c5ad  SPIConfigSetExpClk                    
2000ecf1  SPIDataGet                            
2000ed8f  SPIDataPut                            
2000f037  SPIDisable                            
2000ef6d  SPIDmaDisable                         
2000ef87  SPIDmaEnable                          
2000f04f  SPIEnable                             
2000efa1  SPIFIFODisable                        
2000efbb  SPIFIFOEnable                         
2000e839  SPIFIFOLevelSet                       
20004633  SPIInit                               
2000e14d  SPIIntClear                           
2000df3d  SPIIntEnable                          
2000efd5  SPIIntUnregister                      
2000ec4b  SPIReset                              
2000ec6d  SPIWordCountSet                       
20004ff9  SetupTimerPWMMode                     
20005c51  SimpleLinkGeneralEventHandler         
20005c2d  SimpleLinkHttpServerCallback          
20005b8b  SimpleLinkNetAppEventHandler          
20005c71  SimpleLinkSockEventHandler            
20005a7d  SimpleLinkWlanEventHandler            
2000f1e1  SysTickEnable                         
2000f1f1  SysTickIntEnable                      
2000ee25  SysTickIntRegister                    
2000f069  SysTickPeriodSet                      
2000f255  SysTickValueGet                       
2000e269  TimerConfigure                        
2000e7cf  TimerControlLevel                     
2000edad  TimerDisable                          
2000edcb  TimerEnable                           
2000ed11  TimerGetCurrentTimestamp              
2000e9dd  TimerLoadSet                          
2000ea07  TimerMatchSet                         
2000ea31  TimerPrescaleSet                      
2000ee41  TimerValueGet                         
20008f95  TrimSpace                             
2000ee5d  UARTCharGetNonBlocking                
2000ede9  UARTCharPut                           
2000f081  UARTCharsAvail                        
2000d5c5  UARTConfigSetExpClk                   
2000e89d  UARTDisable                           
2000ebe1  UARTEnable                            
20004fd7  UpdateDutyCycle                       
2000f291  UtilsDelay                            
2000fb54  _SlActionLookupTable                  
2000c509  _SlDriverHandleError                  
2000e195  _SlDrvBasicCmd                        
2000c195  _SlDrvCmdOp                           
2000d791  _SlDrvCmdSend                         
20009599  _SlDrvDataReadOp                      
2000a625  _SlDrvDataWriteOp                     
2000c789  _SlDrvDeviceEventHandler              
2000f201  _SlDrvDispatchHttpServerEvents        
2000aeed  _SlDrvDriverCBDeinit                  
20009cd1  _SlDrvDriverCBInit                    
2000ea85  _SlDrvGlobalObjUnLock                 
2000e2ad  _SlDrvHandleHttpServerEvents          
2000e441  _SlDrvHandleNetAppEvents              
2000e481  _SlDrvHandleWlanEvents                
2000cf11  _SlDrvIsTimeoutExpired                
2000f13d  _SlDrvMemZero                         
2000b9f9  _SlDrvMsgReadSpawnCtx                 
2000b255  _SlDrvNetAppEventHandler              
2000eb4d  _SlDrvObjLockWaitForever              
2000ed31  _SlDrvObjUnLock                       
2000dfd5  _SlDrvProtectAsyncRespSetting         
2000e9b1  _SlDrvProtectionObjLockWaitForever    
2000eaad  _SlDrvProtectionObjUnLock             
2000977d  _SlDrvReleasePoolObj                  
2000f211  _SlDrvResetCmdExt                     
2000dd9d  _SlDrvRxIrqHandler                    
2000ee79  _SlDrvStartMeasureTimeout             
2000ed51  _SlDrvSyncObjSignal                   
2000ead5  _SlDrvSyncObjWaitForever              
2000e2f1  _SlDrvSyncObjWaitTimeout              
2000a021  _SlDrvWaitForPoolObj                  
2000fe08  _SlNetAppSendTokenValueCmdCtrl        
2000d63d  _SlNonOsMainLoopTask                  
2000c309  _SlNonOsSemGet                        
2000f099  _SlNonOsSemSet                        
2000d8d1  _SlNonOsSpawn                         
20030000  __STACK_END                           
00001000  __STACK_SIZE                          
00008000  __SYSMEM_SIZE                         
2000ff00  __TI_CINIT_Base                       
2000ff10  __TI_CINIT_Limit                      
2000feec  __TI_Handler_Table_Base               
2000fef8  __TI_Handler_Table_Limit              
2000e335  __TI_auto_init_nobinit_nopinit        
2000d869  __TI_decompress_lzss                  
2000f21f  __TI_decompress_none                  
2000ddf1  __TI_ltoa                             
ffffffff  __TI_pprof_out_hndl                   
200073d1  __TI_printfi                          
ffffffff  __TI_prof_data_size                   
ffffffff  __TI_prof_data_start                  
2000fe48  __TI_static_base__                    
2000ee95  __TI_zero_init_nomemset               
2000d13d  __aeabi_cdcmpeq                       
2000d13d  __aeabi_cdcmple                       
2000d1c3  __aeabi_cdrcmple                      
2000e1dd  __aeabi_d2iz                          
20009b23  __aeabi_dadd                          
2000ac81  __aeabi_ddiv                          
2000b459  __aeabi_dmul                          
20009b19  __aeabi_dsub                          
2000f281  __aeabi_errno_addr                    
2000e8fd  __aeabi_i2d                           
20009ccf  __aeabi_idiv0                         
20009ccf  __aeabi_ldiv0                         
2000f0f9  __aeabi_lmul                          
2000d4d1  __aeabi_memclr                        
2000d4d1  __aeabi_memclr4                       
2000d4d1  __aeabi_memclr8                       
2000c6ed  __aeabi_memcpy                        
2000c6ed  __aeabi_memcpy4                       
2000c6ed  __aeabi_memcpy8                       
2000d4d3  __aeabi_memset                        
2000d4d3  __aeabi_memset4                       
2000d4d3  __aeabi_memset8                       
2000cb1d  __aeabi_uldivmod                      
ffffffff  __binit__                             
ffffffff  __c_args__                            
UNDEFED   __mpu_init                            
2002f000  __stack                               
20017000  __start___llvm_prf_cnts               
20017000  __stop___llvm_prf_cnts                
2000ec05  _c_int00_noargs                       
2000f79b  _ctypes_                              
2001f348  _lock                                 
20008853  _nop                                  
2000d935  _sl_HandleAsync_Accept                
2000d351  _sl_HandleAsync_Connect               
2000cc49  _sl_HandleAsync_DnsGetHostByName      
2000bf39  _sl_HandleAsync_DnsGetHostByService   
2000cf9d  _sl_HandleAsync_InitComplete          
2000ccd9  _sl_HandleAsync_PingResponse          
2000de45  _sl_HandleAsync_Select                
2000deed  _sl_HandleAsync_Stop                  
2000d7fd  _sl_NetAppSendTokenValue              
20017000  _sys_memory                           
UNDEFED   _system_post_cinit                    
2000f297  _system_pre_init                      
2001f34c  _unlock                               
2000f29b  abort                                 
200046dd  addCharToInput                        
2001f24c  alarmState                            
2000b359  aligned_alloc                         
2000e06d  atoi                                  
2001f358  attempt                               
ffffffff  binit                                 
2001f248  bitCount                              
2001f240  bitsequence                           
2001f315  buttons                               
2001f2ac  codes                                 
2001f26e  confirm                               
20006629  connectToAccessPoint                  
2000f261  copysign                              
2000f261  copysignl                             
2001f2dc  cursor_x                              
2001f2e0  cursor_y                              
2000472d  deleteLastChar                        
20004665  displayChar                           
200071af  drawChar                              
20006951  drawCircle                            
20006a85  drawCircleHelper                      
20004f3d  drawConfirm                           
2000875d  drawFastHLine                         
200086c1  drawFastVLine                         
20006ccb  drawLine                              
20004f8d  drawNewPass                           
200087f9  drawPixel                             
20006db7  drawRect                              
20006e05  drawRoundRect                         
20006f6d  drawTriangle                          
2001f36c  errno                                 
20006ba3  fillCircle                            
20006bdd  fillCircleHelper                      
20008607  fillRect                              
20006ef3  fillRoundRect                         
200085f1  fillScreen                            
20006faf  fillTriangle                          
2000bae1  free                                  
2000dbe5  frexp                                 
2000dbe5  frexpl                                
2001f21c  g_Host                                
2001f308  g_SlDeviceStatus                      
2001f33c  g_SpiFd                               
2001f270  g__SlNonOsCB                          
2001f208  g_app_config                          
2001f225  g_bDeviceRestartIsRequired            
2001f226  g_cDummy                              
2001f30c  g_pCB                                 
2001f340  g_pHostIntHdl                         
20004000  g_pfnVectors                          
2001f220  g_port                                
2001f1b8  g_time                                
2001f210  g_ucConnectionBSSID                   
2001f1e4  g_ucConnectionSSID                    
2001f344  g_ucDMAEnabled                        
2001f168  g_ucDinDout                           
2001f227  g_ucLED1Pin                           
2001f228  g_ucLED2Pin                           
2001f229  g_ucLED3Pin                           
2001f324  g_uiLED1Port                          
2001f328  g_uiLED2Port                          
2001f32c  g_uiLED3Port                          
2001f338  g_ulGatewayIP                         
2001f334  g_ulPingPacketsRecv                   
2001f330  g_ulStatus                            
2000856b  goTo                                  
200073af  height                                
2001f26c  incorrect                             
200047cd  incorrectMessage                      
2001f366  inputBuffer                           
2001f258  inputIndex                            
2001f250  inputMode                             
20008837  invert                                
2001f264  lRetVal                               
2000be69  ldexp                                 
2000be69  ldexpl                                
20005131  main                                  
2000f289  malloc                                
2000b359  memalign                              
2000eecd  memccpy                               
2000c6ed  memcpy                                
2000eb25  memmove                               
2000d4d9  memset                                
2000498d  mismatchMessage                       
2001f310  pPingCallBackFunc                     
2001f35f  password                              
2001f268  passwordAttempts                      
2001f254  print                                 
20004cb9  printAlarmOffScreen                   
20004e2d  printAlarmOnScreen                    
20004ed9  printAlarmTriggeredScreen             
20004d81  printEnableOptions                    
20004a4d  processButton                         
2001f245  readyToPrint                          
2000bbc5  realloc                               
200045ab  resetBottom                           
2000be69  scalbn                                
2000be69  scalbnl                               
20007347  setCursor                             
2000737f  setTextColor                          
2000735f  setTextSize                           
20007397  setTextWrap                           
2000e675  simplelink_timerA2_start              
20004939  sixDigits                             
2000dac5  sl_Close                              
2000a1b1  sl_Connect                            
2000c005  sl_DevGet                             
2000c825  sl_DevSet                             
2000e3bd  sl_Htonl                              
2000e6b1  sl_Htons                              
2000aa01  sl_NetAppDnsGetHostByName             
2000bca9  sl_NetAppMDNSRegisterUnregisterService
2000d999  sl_NetAppMDNSUnRegisterService        
2000c8bd  sl_NetCfgSet                          
2000eb73  sl_Provisioning_HttpServerEventHdl    
2000eb81  sl_Provisioning_NetAppEventHdl        
2000eb8d  sl_Provisioning_WlanEventHdl          
2000c64d  sl_Recv                               
2000adb9  sl_Send                               
2000c955  sl_SetSockOpt                         
2000d029  sl_Socket                             
2000b825  sl_Start                              
2000b555  sl_Stop                               
20008bed  sl_WlanConnect                        
2000e761  sl_WlanDisconnect                     
2000cd69  sl_WlanPolicySet                      
2000db25  sl_WlanProfileDel                     
2000d249  sl_WlanRxFilterSet                    
2000c9ed  sl_WlanSet                            
2000db85  sl_WlanSetMode                        
2000d54d  spi_Close                             
2000a775  spi_Open                              
2000b645  spi_Read                              
2000ca85  spi_Write                             
2000e501  sprintf                               
2001f244  start                                 
2000f153  strchr                                
200048d9  strcomp                               
2000f1a5  strcpy                                
2000f1b9  strlen                                
2001f26d  success                               
20004889  successMessage                        
2001f230  systick_expired                       
2001f2ec  textbgcolor                           
2001f2e8  textcolor                             
2001f2e4  textsize                              
20006449  tls_connect                           
2000e0b9  uDMAChannelAssign                     
2000d9fd  uDMAChannelAttributeDisable           
2000da61  uDMAChannelAttributeEnable            
2000e6ed  uDMAChannelControlSet                 
2000eee9  uDMAChannelEnable                     
2000b735  uDMAChannelTransferSet                
2001f238  ulsystick_delta_us                    
2000e541  vsnprintf                             
2000f1cd  wcslen                                
200073ab  width                                 
2001f2f0  wrap                                  
200083b1  writeCommand                          
200083f5  writeData                             
2001f25c  x_pos                                 
2001f260  y_pos                                 


GLOBAL SYMBOLS: SORTED BY Symbol Address 

address   name                                  
-------   ----                                  
00001000  __STACK_SIZE                          
00008000  __SYSMEM_SIZE                         
20004000  g_pfnVectors                          
200045ab  resetBottom                           
20004633  SPIInit                               
20004665  displayChar                           
200046dd  addCharToInput                        
2000472d  deleteLastChar                        
200047cd  incorrectMessage                      
20004889  successMessage                        
200048d9  strcomp                               
20004939  sixDigits                             
2000498d  mismatchMessage                       
20004a4d  processButton                         
20004cb9  printAlarmOffScreen                   
20004d81  printEnableOptions                    
20004e2d  printAlarmOnScreen                    
20004ed9  printAlarmTriggeredScreen             
20004f3d  drawConfirm                           
20004f8d  drawNewPass                           
20004fd7  UpdateDutyCycle                       
20004ff9  SetupTimerPWMMode                     
20005043  InitPWMModules                        
20005063  DeInitPWMModules                      
20005131  main                                  
20005a7d  SimpleLinkWlanEventHandler            
20005b8b  SimpleLinkNetAppEventHandler          
20005c2d  SimpleLinkHttpServerCallback          
20005c51  SimpleLinkGeneralEventHandler         
20005c71  SimpleLinkSockEventHandler            
20006449  tls_connect                           
20006629  connectToAccessPoint                  
20006951  drawCircle                            
20006a85  drawCircleHelper                      
20006ba3  fillCircle                            
20006bdd  fillCircleHelper                      
20006ccb  drawLine                              
20006db7  drawRect                              
20006e05  drawRoundRect                         
20006ef3  fillRoundRect                         
20006f6d  drawTriangle                          
20006faf  fillTriangle                          
200071af  drawChar                              
200072fb  Outstr                                
20007347  setCursor                             
2000735f  setTextSize                           
2000737f  setTextColor                          
20007397  setTextWrap                           
200073ab  width                                 
200073af  height                                
200073d1  __TI_printfi                          
200083b1  writeCommand                          
200083f5  writeData                             
20008439  Adafruit_Init                         
2000856b  goTo                                  
200085af  Color565                              
200085f1  fillScreen                            
20008607  fillRect                              
200086c1  drawFastVLine                         
2000875d  drawFastHLine                         
200087f9  drawPixel                             
20008837  invert                                
20008853  _nop                                  
20008891  GPIO_IF_LedConfigure                  
200088cf  GPIO_IF_LedOn                         
20008983  GPIO_IF_LedOff                        
20008a37  GPIO_IF_LedStatus                     
20008aa1  GPIO_IF_LedToggle                     
20008acf  GPIO_IF_GetPortNPin                   
20008b15  GPIO_IF_ConfigureNIntEnable           
20008b5d  GPIO_IF_Set                           
20008ba1  GPIO_IF_Get                           
20008bed  sl_WlanConnect                        
20008e6d  InitTerm                              
20008e8b  Message                               
20008ead  ClearTerm                             
20008eb7  Error                                 
20008eef  GetCmd                                
20008f95  TrimSpace                             
2000902d  Report                                
20009599  _SlDrvDataReadOp                      
2000977d  _SlDrvReleasePoolObj                  
20009b19  __aeabi_dsub                          
20009b23  __aeabi_dadd                          
20009ccf  __aeabi_idiv0                         
20009ccf  __aeabi_ldiv0                         
20009cd1  _SlDrvDriverCBInit                    
2000a021  _SlDrvWaitForPoolObj                  
2000a1b1  sl_Connect                            
2000a33d  PRCMCC3200MCUInit                     
2000a625  _SlDrvDataWriteOp                     
2000a775  spi_Open                              
2000aa01  sl_NetAppDnsGetHostByName             
2000ac81  __aeabi_ddiv                          
2000adb9  sl_Send                               
2000aeed  _SlDrvDriverCBDeinit                  
2000b13d  PinMuxConfig                          
2000b255  _SlDrvNetAppEventHandler              
2000b359  aligned_alloc                         
2000b359  memalign                              
2000b459  __aeabi_dmul                          
2000b555  sl_Stop                               
2000b645  spi_Read                              
2000b735  uDMAChannelTransferSet                
2000b825  sl_Start                              
2000b9f9  _SlDrvMsgReadSpawnCtx                 
2000bae1  free                                  
2000bbc5  realloc                               
2000bca9  sl_NetAppMDNSRegisterUnregisterService
2000be69  ldexp                                 
2000be69  ldexpl                                
2000be69  scalbn                                
2000be69  scalbnl                               
2000bf39  _sl_HandleAsync_DnsGetHostByService   
2000c005  sl_DevGet                             
2000c195  _SlDrvCmdOp                           
2000c309  _SlNonOsSemGet                        
2000c3b9  IntDisable                            
2000c461  IntEnable                             
2000c509  _SlDriverHandleError                  
2000c5ad  SPIConfigSetExpClk                    
2000c64d  sl_Recv                               
2000c6ed  __aeabi_memcpy                        
2000c6ed  __aeabi_memcpy4                       
2000c6ed  __aeabi_memcpy8                       
2000c6ed  memcpy                                
2000c789  _SlDrvDeviceEventHandler              
2000c825  sl_DevSet                             
2000c8bd  sl_NetCfgSet                          
2000c955  sl_SetSockOpt                         
2000c9ed  sl_WlanSet                            
2000ca85  spi_Write                             
2000cb1d  __aeabi_uldivmod                      
2000cbb5  PRCMPeripheralClockGet                
2000cc49  _sl_HandleAsync_DnsGetHostByName      
2000ccd9  _sl_HandleAsync_PingResponse          
2000cd69  sl_WlanPolicySet                      
2000cf11  _SlDrvIsTimeoutExpired                
2000cf9d  _sl_HandleAsync_InitComplete          
2000d029  sl_Socket                             
2000d0b5  PinConfigSet                          
2000d13d  __aeabi_cdcmpeq                       
2000d13d  __aeabi_cdcmple                       
2000d1c3  __aeabi_cdrcmple                      
2000d249  sl_WlanRxFilterSet                    
2000d2cd  GPIOIntTypeSet                        
2000d351  _sl_HandleAsync_Connect               
2000d4d1  __aeabi_memclr                        
2000d4d1  __aeabi_memclr4                       
2000d4d1  __aeabi_memclr8                       
2000d4d3  __aeabi_memset                        
2000d4d3  __aeabi_memset4                       
2000d4d3  __aeabi_memset8                       
2000d4d9  memset                                
2000d54d  spi_Close                             
2000d5c5  UARTConfigSetExpClk                   
2000d63d  _SlNonOsMainLoopTask                  
2000d791  _SlDrvCmdSend                         
2000d7fd  _sl_NetAppSendTokenValue              
2000d869  __TI_decompress_lzss                  
2000d8d1  _SlNonOsSpawn                         
2000d935  _sl_HandleAsync_Accept                
2000d999  sl_NetAppMDNSUnRegisterService        
2000d9fd  uDMAChannelAttributeDisable           
2000da61  uDMAChannelAttributeEnable            
2000dac5  sl_Close                              
2000db25  sl_WlanProfileDel                     
2000db85  sl_WlanSetMode                        
2000dbe5  frexp                                 
2000dbe5  frexpl                                
2000dc41  IntPendClear                          
2000dc99  PRCMPeripheralReset                   
2000dd49  IntPrioritySet                        
2000dd9d  _SlDrvRxIrqHandler                    
2000ddf1  __TI_ltoa                             
2000de45  _sl_HandleAsync_Select                
2000deed  _sl_HandleAsync_Stop                  
2000df3d  SPIIntEnable                          
2000dfd5  _SlDrvProtectAsyncRespSetting         
2000e06d  atoi                                  
2000e0b9  uDMAChannelAssign                     
2000e14d  SPIIntClear                           
2000e195  _SlDrvBasicCmd                        
2000e1dd  __aeabi_d2iz                          
2000e269  TimerConfigure                        
2000e2ad  _SlDrvHandleHttpServerEvents          
2000e2f1  _SlDrvSyncObjWaitTimeout              
2000e335  __TI_auto_init_nobinit_nopinit        
2000e3bd  sl_Htonl                              
2000e401  PinModeSet                            
2000e441  _SlDrvHandleNetAppEvents              
2000e481  _SlDrvHandleWlanEvents                
2000e501  sprintf                               
2000e541  vsnprintf                             
2000e581  NwpRegisterInterruptHandler           
2000e639  PRCMPeripheralClkEnable               
2000e675  simplelink_timerA2_start              
2000e6b1  sl_Htons                              
2000e6ed  uDMAChannelControlSet                 
2000e729  NwpPowerOff                           
2000e761  sl_WlanDisconnect                     
2000e799  GPIODirModeSet                        
2000e7cf  TimerControlLevel                     
2000e805  PRCMPeripheralStatusGet               
2000e839  SPIFIFOLevelSet                       
2000e86d  PinTypeGPIO                           
2000e89d  UARTDisable                           
2000e8fd  __aeabi_i2d                           
2000e92d  NwpPowerOn                            
2000e959  PRCMSysResetCauseGet                  
2000e9b1  _SlDrvProtectionObjLockWaitForever    
2000e9dd  TimerLoadSet                          
2000ea07  TimerMatchSet                         
2000ea31  TimerPrescaleSet                      
2000ea5d  PRCMPeripheralClkDisable              
2000ea85  _SlDrvGlobalObjUnLock                 
2000eaad  _SlDrvProtectionObjUnLock             
2000ead5  _SlDrvSyncObjWaitForever              
2000eb25  memmove                               
2000eb4d  _SlDrvObjLockWaitForever              
2000eb73  sl_Provisioning_HttpServerEventHdl    
2000eb81  sl_Provisioning_NetAppEventHdl        
2000eb8d  sl_Provisioning_WlanEventHdl          
2000eb99  DmaSpiSwIntHandler                    
2000ebbd  IntUnregister                         
2000ebe1  UARTEnable                            
2000ec05  _c_int00_noargs                       
2000ec29  GPIOIntStatus                         
2000ec4b  SPIReset                              
2000ec6d  SPIWordCountSet                       
2000ec8f  GPIOPinWrite                          
2000ecb1  IntRegister                           
2000ecd1  NwpPrePowerOffTimout0                 
2000ecf1  SPIDataGet                            
2000ed11  TimerGetCurrentTimestamp              
2000ed31  _SlDrvObjUnLock                       
2000ed51  _SlDrvSyncObjSignal                   
2000ed71  GPIOIntRegister                       
2000ed8f  SPIDataPut                            
2000edad  TimerDisable                          
2000edcb  TimerEnable                           
2000ede9  UARTCharPut                           
2000ee25  SysTickIntRegister                    
2000ee41  TimerValueGet                         
2000ee5d  UARTCharGetNonBlocking                
2000ee79  _SlDrvStartMeasureTimeout             
2000ee95  __TI_zero_init_nomemset               
2000eecd  memccpy                               
2000eee9  uDMAChannelEnable                     
2000ef05  GPIOIntEnable                         
2000ef1f  PinTypeSPI                            
2000ef39  PinTypeTimer                          
2000ef53  PinTypeUART                           
2000ef6d  SPIDmaDisable                         
2000ef87  SPIDmaEnable                          
2000efa1  SPIFIFODisable                        
2000efbb  SPIFIFOEnable                         
2000efd5  SPIIntUnregister                      
2000efef  GPIOPinRead                           
2000f007  SPICSDisable                          
2000f01f  SPICSEnable                           
2000f037  SPIDisable                            
2000f04f  SPIEnable                             
2000f069  SysTickPeriodSet                      
2000f081  UARTCharsAvail                        
2000f099  _SlNonOsSemSet                        
2000f0f9  __aeabi_lmul                          
2000f111  PRCMHIBRegRead                        
2000f127  PRCMHIBRegWrite                       
2000f13d  _SlDrvMemZero                         
2000f153  strchr                                
2000f169  CPUcpsie                              
2000f17d  GPIOIntClear                          
2000f191  IntVTableBaseSet                      
2000f1a5  strcpy                                
2000f1b9  strlen                                
2000f1cd  wcslen                                
2000f1e1  SysTickEnable                         
2000f1f1  SysTickIntEnable                      
2000f201  _SlDrvDispatchHttpServerEvents        
2000f211  _SlDrvResetCmdExt                     
2000f21f  __TI_decompress_none                  
2000f22d  ResetISR                              
2000f23d  NwpMaskInterrupt                      
2000f249  NwpUnMaskInterrupt                    
2000f255  SysTickValueGet                       
2000f261  copysign                              
2000f261  copysignl                             
2000f26d  IntMasterEnable                       
2000f281  __aeabi_errno_addr                    
2000f289  malloc                                
2000f291  UtilsDelay                            
2000f297  _system_pre_init                      
2000f29b  C$$EXIT                               
2000f29b  abort                                 
2000f79b  _ctypes_                              
2000fb18  OpcodeTranslateTable                  
2000fb54  _SlActionLookupTable                  
2000fe08  _SlNetAppSendTokenValueCmdCtrl        
2000fe48  __TI_static_base__                    
2000feec  __TI_Handler_Table_Base               
2000fef8  __TI_Handler_Table_Limit              
2000ff00  __TI_CINIT_Base                       
2000ff10  __TI_CINIT_Limit                      
20017000  __start___llvm_prf_cnts               
20017000  __stop___llvm_prf_cnts                
20017000  _sys_memory                           
2001f168  g_ucDinDout                           
2001f1b8  g_time                                
2001f1e4  g_ucConnectionSSID                    
2001f208  g_app_config                          
2001f210  g_ucConnectionBSSID                   
2001f21c  g_Host                                
2001f220  g_port                                
2001f224  RxIrqCnt                              
2001f225  g_bDeviceRestartIsRequired            
2001f226  g_cDummy                              
2001f227  g_ucLED1Pin                           
2001f228  g_ucLED2Pin                           
2001f229  g_ucLED3Pin                           
2001f230  systick_expired                       
2001f238  ulsystick_delta_us                    
2001f240  bitsequence                           
2001f244  start                                 
2001f245  readyToPrint                          
2001f248  bitCount                              
2001f24c  alarmState                            
2001f250  inputMode                             
2001f254  print                                 
2001f258  inputIndex                            
2001f25c  x_pos                                 
2001f260  y_pos                                 
2001f264  lRetVal                               
2001f268  passwordAttempts                      
2001f26c  incorrect                             
2001f26d  success                               
2001f26e  confirm                               
2001f270  g__SlNonOsCB                          
2001f2ac  codes                                 
2001f2dc  cursor_x                              
2001f2e0  cursor_y                              
2001f2e4  textsize                              
2001f2e8  textcolor                             
2001f2ec  textbgcolor                           
2001f2f0  wrap                                  
2001f308  g_SlDeviceStatus                      
2001f30c  g_pCB                                 
2001f310  pPingCallBackFunc                     
2001f315  buttons                               
2001f324  g_uiLED1Port                          
2001f328  g_uiLED2Port                          
2001f32c  g_uiLED3Port                          
2001f330  g_ulStatus                            
2001f334  g_ulPingPacketsRecv                   
2001f338  g_ulGatewayIP                         
2001f33c  g_SpiFd                               
2001f340  g_pHostIntHdl                         
2001f344  g_ucDMAEnabled                        
2001f348  _lock                                 
2001f34c  _unlock                               
2001f358  attempt                               
2001f35f  password                              
2001f366  inputBuffer                           
2001f36c  errno                                 
2002f000  __stack                               
20030000  __STACK_END                           
ffffffff  __TI_pprof_out_hndl                   
ffffffff  __TI_prof_data_size                   
ffffffff  __TI_prof_data_start                  
ffffffff  __binit__                             
ffffffff  __c_args__                            
ffffffff  binit                                 
UNDEFED   __mpu_init                            
UNDEFED   _system_post_cinit                    

[374 symbols]
