******************************************************************************
                  TI ARM Linker PC v20.2.7                     
******************************************************************************
>> Linked Wed Jun  4 15:49:13 2025

OUTPUT FILE NAME:   <final-proj-security-system.out>
ENTRY POINT SYMBOL: "_c_int00_noargs"  address: 20010415


MEMORY CONFIGURATION

         name            origin    length      used     unused   attr    fill
----------------------  --------  ---------  --------  --------  ----  --------
  SRAM_CODE             20004000   00013000  0000d7bc  00005844  RW X
  SRAM_DATA             20017000   00019000  000093c3  0000fc3d  RW X


SEGMENT ALLOCATION MAP

run origin  load origin   length   init length attrs members
----------  ----------- ---------- ----------- ----- -------
20004000    20004000    0000d7c0   0000d7c0    r-x
  20004000    20004000    00000400   00000400    r-- .intvecs
  20004400    20004400    0000c6c6   0000c6c6    r-x .text
  20010ac8    20010ac8    00000c22   00000c22    r-- .const
  200116ec    200116ec    00000004   00000004    r-- .init_array
  200116f0    200116f0    000000d0   000000d0    r-- .cinit
20017000    20017000    000083c8   00000000    rw-
  20017000    20017000    00008000   00000000    rw- .sysmem
  2001f000    2001f000    00000263   00000000    rw- .bss
  2001f268    2001f268    00000160   00000000    rw- .data
2002f000    2002f000    00001000   00000000    rw-
  2002f000    2002f000    00001000   00000000    rw- .stack


SECTION ALLOCATION MAP

 output                                  attributes/
section   page    origin      length       input sections
--------  ----  ----------  ----------   ----------------
.intvecs   0    20004000    00000400     
                  20004000    00000400     startup_ccs.obj (.intvecs)

.init_array 
*          0    200116ec    00000004     
                  200116ec    00000004     main.obj (.init_array)

.text      0    20004400    0000c6c6     
                  20004400    00002230     main.obj (.text)
                  20006630    00000ed4     network_utils.obj (.text)
                  20007504    00000b64     Adafruit_Fingerprint.obj (.text)
                  20008068    00000a80     Adafruit_GFX.obj (.text)
                  20008ae8    00000a4e     rtsv7M4_T_le_eabi.lib : _printfi.c.obj (.text:__TI_printfi)
                  20009536    00000002     driverlib.a : interrupt.obj (.text:IntDefaultHandler)
                  20009538    00000590     simplelink.a : driver.obj (.text:_SlDrvMsgRead)
                  20009ac8    000004a2     Adafruit_OLED.obj (.text)
                  20009f6a    00000002     rtsv7M4_T_le_eabi.lib : _lock.c.obj (.text:_nop)
                  20009f6c    00000398     gpio_if.obj (.text)
                  2000a304    00000280     simplelink.a : wlan.obj (.text:sl_WlanConnect)
                  2000a584    0000027c     uart_if.obj (.text)
                  2000a800    00000268     rtsv7M4_T_le_eabi.lib : _printfi.c.obj (.text:_pconv_a)
                  2000aa68    00000248     simplelink.a : driver.obj (.text:_SlDrvRxHdrRead)
                  2000acb0    000001e4                  : driver.obj (.text:_SlDrvDataReadOp)
                  2000ae94    000001d0                  : driver.obj (.text:_SlDrvReleasePoolObj)
                  2000b064    000001cc     rtsv7M4_T_le_eabi.lib : _printfi.c.obj (.text:_pconv_g)
                  2000b230    000001b6                           : fd_add_t2.asm.obj (.text)
                  2000b3e6    00000002                           : div0.asm.obj (.text)
                  2000b3e8    000001b4     simplelink.a : driver.obj (.text:_SlDrvDriverCBInit)
                  2000b59c    0000019c                  : driver.obj (.text:_SlDrvMsgWrite)
                  2000b738    00000190                  : driver.obj (.text:_SlDrvWaitForPoolObj)
                  2000b8c8    0000018c                  : socket.obj (.text:sl_Connect)
                  2000ba54    00000178     driverlib.a : prcm.obj (.text:PRCMCC3200MCUInit)
                  2000bbcc    00000170     simplelink.a : driver.obj (.text:_SlFindAndSetActiveObj)
                  2000bd3c    00000150                  : driver.obj (.text:_SlDrvDataWriteOp)
                  2000be8c    00000148                  : cc_pal.obj (.text:spi_Open)
                  2000bfd4    00000144                  : driver.obj (.text:_SlDrvMsgReadCmdCtx)
                  2000c118    00000144                  : netapp.obj (.text:sl_NetAppDnsGetHostByName)
                  2000c25c    0000013c     rtsv7M4_T_le_eabi.lib : _printfi.c.obj (.text:_pconv_e)
                  2000c398    0000013c     pinmux.obj (.text)
                  2000c4d4    00000136     rtsv7M4_T_le_eabi.lib : fd_div_t2.asm.obj (.text)
                  2000c60a    00000002     --HOLE-- [fill = 0]
                  2000c60c    00000134     simplelink.a : socket.obj (.text:sl_Send)
                  2000c740    00000130                  : driver.obj (.text:_SlDrvDriverCBDeinit)
                  2000c870    00000120     rtsv7M4_T_le_eabi.lib : _printfi.c.obj (.text:fcvt)
                  2000c990    00000104     simplelink.a : netapp.obj (.text:_SlDrvNetAppEventHandler)
                  2000ca94    00000100     rtsv7M4_T_le_eabi.lib : memory.c.obj (.text:aligned_alloc)
                  2000cb94    000000fc                           : fd_mul_t2.asm.obj (.text)
                  2000cc90    000000f0     simplelink.a : device.obj (.text:sl_Stop)
                  2000cd80    000000f0                  : cc_pal.obj (.text:spi_Read)
                  2000ce70    000000f0     driverlib.a : udma.obj (.text:uDMAChannelTransferSet)
                  2000cf60    000000ec     simplelink.a : device.obj (.text:sl_Start)
                  2000d04c    000000e8                  : driver.obj (.text:_SlAsyncEventGenericHandler)
                  2000d134    000000e8                  : driver.obj (.text:_SlDrvMsgReadSpawnCtx)
                  2000d21c    000000e4     rtsv7M4_T_le_eabi.lib : memory.c.obj (.text:free)
                  2000d300    000000e4                           : memory.c.obj (.text:realloc)
                  2000d3e4    000000e4     simplelink.a : netapp.obj (.text:sl_NetAppMDNSRegisterUnregisterService)
                  2000d4c8    000000dc                  : driver.obj (.text:_SlDrvClassifyRxMsg)
                  2000d5a4    000000d0     rtsv7M4_T_le_eabi.lib : s_scalbn.c.obj (.text:scalbn)
                  2000d674    000000cc     simplelink.a : netapp.obj (.text:_sl_HandleAsync_DnsGetHostByService)
                  2000d740    000000cc                  : device.obj (.text:sl_DevGet)
                  2000d80c    000000c4                  : driver.obj (.text:_SlRemoveFromList)
                  2000d8d0    000000c0                  : driver.obj (.text:_SlDrvCmdOp)
                  2000d990    000000b1     rtsv7M4_T_le_eabi.lib : _printfi.c.obj (.text:_ltostr)
                  2000da41    00000003     --HOLE-- [fill = 0]
                  2000da44    000000b0     simplelink.a : nonos.obj (.text:_SlNonOsSemGet)
                  2000daf4    000000a8     driverlib.a : interrupt.obj (.text:IntDisable)
                  2000db9c    000000a8                 : interrupt.obj (.text:IntEnable)
                  2000dc44    000000a4     simplelink.a : driver.obj (.text:_SlDriverHandleError)
                  2000dce8    000000a0     driverlib.a : spi.obj (.text:SPIConfigSetExpClk)
                  2000dd88    000000a0     simplelink.a : socket.obj (.text:sl_Recv)
                  2000de28    0000009c     rtsv7M4_T_le_eabi.lib : memcpy_t2.asm.obj (.text)
                  2000dec4    0000009a     simplelink.a : device.obj (.text:_SlDrvDeviceEventHandler)
                  2000df5e    00000002     --HOLE-- [fill = 0]
                  2000df60    00000098                  : device.obj (.text:sl_DevSet)
                  2000dff8    00000098                  : netcfg.obj (.text:sl_NetCfgSet)
                  2000e090    00000098                  : socket.obj (.text:sl_SetSockOpt)
                  2000e128    00000098                  : wlan.obj (.text:sl_WlanSet)
                  2000e1c0    00000098                  : cc_pal.obj (.text:spi_Write)
                  2000e258    00000096     rtsv7M4_T_le_eabi.lib : ull_div_t2.asm.obj (.text)
                  2000e2ee    00000002     --HOLE-- [fill = 0]
                  2000e2f0    00000094     driverlib.a : prcm.obj (.text:PRCMPeripheralClockGet)
                  2000e384    00000090     simplelink.a : netapp.obj (.text:_sl_HandleAsync_DnsGetHostByName)
                  2000e414    00000090                  : netapp.obj (.text:_sl_HandleAsync_PingResponse)
                  2000e4a4    00000090                  : wlan.obj (.text:sl_WlanPolicySet)
                  2000e534    0000008c                  : cc_pal.obj (.text:SetupDMAReceive)
                  2000e5c0    0000008c                  : cc_pal.obj (.text:SetupDMASend)
                  2000e64c    0000008c                  : driver.obj (.text:_SlDrvIsTimeoutExpired)
                  2000e6d8    0000008c                  : device.obj (.text:_sl_HandleAsync_InitComplete)
                  2000e764    0000008c                  : socket.obj (.text:sl_Socket)
                  2000e7f0    00000088     driverlib.a : pin.obj (.text:PinConfigSet)
                  2000e878    00000086     rtsv7M4_T_le_eabi.lib : fd_cmp_t2.asm.obj (.text:__aeabi_cdcmple)
                  2000e8fe    00000086                           : fd_cmp_t2.asm.obj (.text:__aeabi_cdrcmple)
                  2000e984    00000084     simplelink.a : wlan.obj (.text:sl_WlanRxFilterSet)
                  2000ea08    00000082     driverlib.a : gpio.obj (.text:GPIOIntTypeSet)
                  2000ea8a    00000002     --HOLE-- [fill = 0]
                  2000ea8c    00000080     simplelink.a : socket.obj (.text:_sl_HandleAsync_Connect)
                  2000eb0c    00000080                  : cc_pal.obj (.text:spi_Read_CPU)
                  2000eb8c    00000080                  : cc_pal.obj (.text:spi_Write_CPU)
                  2000ec0c    0000007a     rtsv7M4_T_le_eabi.lib : memset_t2.asm.obj (.text)
                  2000ec86    00000002     --HOLE-- [fill = 0]
                  2000ec88    00000078     simplelink.a : cc_pal.obj (.text:spi_Close)
                  2000ed00    00000076     driverlib.a : uart.obj (.text:UARTConfigSetExpClk)
                  2000ed76    00000002     --HOLE-- [fill = 0]
                  2000ed78    00000074     simplelink.a : nonos.obj (.text:_SlNonOsMainLoopTask)
                  2000edec    00000070     rtsv7M4_T_le_eabi.lib : memory.c.obj (.text:split)
                  2000ee5c    0000006e                           : _printfi.c.obj (.text:_mcpy)
                  2000eeca    00000002     --HOLE-- [fill = 0]
                  2000eecc    0000006c     simplelink.a : driver.obj (.text:_SlDrvCmdSend)
                  2000ef38    0000006c                  : netapp.obj (.text:_sl_NetAppSendTokenValue)
                  2000efa4    00000068     rtsv7M4_T_le_eabi.lib : copy_decompress_lzss.c.obj (.text:decompress:lzss:__TI_decompress_lzss)
                  2000f00c    00000066     Adafruit_Fingerprint.obj (.text:_ZN27Adafruit_Fingerprint_PacketC1EhtPh)
                  2000f072    00000002     --HOLE-- [fill = 0]
                  2000f074    00000064     simplelink.a : nonos.obj (.text:_SlNonOsSpawn)
                  2000f0d8    00000064                  : socket.obj (.text:_sl_HandleAsync_Accept)
                  2000f13c    00000064                  : netapp.obj (.text:sl_NetAppMDNSUnRegisterService)
                  2000f1a0    00000064     driverlib.a : udma.obj (.text:uDMAChannelAttributeDisable)
                  2000f204    00000064                 : udma.obj (.text:uDMAChannelAttributeEnable)
                  2000f268    00000060     rtsv7M4_T_le_eabi.lib : autoinit.c.obj (.text:__TI_auto_init_nobinit:__TI_auto_init_nobinit)
                  2000f2c8    00000060     simplelink.a : socket.obj (.text:sl_Close)
                  2000f328    00000060                  : wlan.obj (.text:sl_WlanProfileDel)
                  2000f388    00000060                  : wlan.obj (.text:sl_WlanSetMode)
                  2000f3e8    0000005c     rtsv7M4_T_le_eabi.lib : s_frexp.c.obj (.text:frexp)
                  2000f444    00000058     driverlib.a : interrupt.obj (.text:IntPendClear)
                  2000f49c    00000058                 : prcm.obj (.text:PRCMPeripheralReset)
                  2000f4f4    00000056     rtsv7M4_T_le_eabi.lib : _printfi.c.obj (.text:_pconv_f)
                  2000f54a    00000002     --HOLE-- [fill = 0]
                  2000f54c    00000054     driverlib.a : interrupt.obj (.text:IntPrioritySet)
                  2000f5a0    00000054     simplelink.a : driver.obj (.text:_SlDrvRxIrqHandler)
                  2000f5f4    00000054     rtsv7M4_T_le_eabi.lib : _ltoa.c.obj (.text:__TI_ltoa)
                  2000f648    00000054     simplelink.a : socket.obj (.text:_sl_HandleAsync_Select)
                  2000f69c    00000052     rtsv7M4_T_le_eabi.lib : _printfi.c.obj (.text:_ecpy)
                  2000f6ee    00000002     --HOLE-- [fill = 0]
                  2000f6f0    00000050     driverlib.a : prcm.obj (.text:PRCMSlowClkCtrGet)
                  2000f740    00000050     simplelink.a : device.obj (.text:_sl_HandleAsync_Stop)
                  2000f790    0000004c     driverlib.a : spi.obj (.text:SPIIntEnable)
                  2000f7dc    0000004c                 : spi.obj (.text:SPIIntNumberGet)
                  2000f828    0000004c     simplelink.a : driver.obj (.text:_SlDrvProtectAsyncRespSetting)
                  2000f874    0000004c                  : socket.obj (.text:_sl_BuildAddress)
                  2000f8c0    0000004c     rtsv7M4_T_le_eabi.lib : atoi.c.obj (.text:atoi)
                  2000f90c    0000004c     driverlib.a : udma.obj (.text:uDMAChannelAssign)
                  2000f958    00000048                 : gpio.obj (.text:GPIOGetIntNumber)
                  2000f9a0    00000048                 : spi.obj (.text:SPIIntClear)
                  2000f9e8    00000048     simplelink.a : driver.obj (.text:_SlDrvBasicCmd)
                  2000fa30    00000048     rtsv7M4_T_le_eabi.lib : fd_toi_t2.asm.obj (.text)
                  2000fa78    00000044     driverlib.a : spi.obj (.text:SPIDmaMaskGet)
                  2000fabc    00000044                 : timer.obj (.text:TimerConfigure)
                  2000fb00    00000044     simplelink.a : driver.obj (.text:_SlDrvHandleHttpServerEvents)
                  2000fb44    00000044                  : driver.obj (.text:_SlDrvSyncObjWaitTimeout)
                  2000fb88    00000044                  : cc_pal.obj (.text:cc_SetupTransfer)
                  2000fbcc    00000042                  : socket.obj (.text:sl_Htonl)
                  2000fc0e    00000002     --HOLE-- [fill = 0]
                  2000fc10    00000040     driverlib.a : pin.obj (.text:PinModeSet)
                  2000fc50    00000040     simplelink.a : driver.obj (.text:_SlDrvHandleNetAppEvents)
                  2000fc90    00000040                  : driver.obj (.text:_SlDrvHandleWlanEvents)
                  2000fcd0    00000040                  : socket.obj (.text:_sl_TruncatePayloadByProtocol)
                  2000fd10    00000040     rtsv7M4_T_le_eabi.lib : sprintf.c.obj (.text:sprintf)
                  2000fd50    00000040                           : vsnprintf.c.obj (.text:vsnprintf)
                  2000fd90    0000003e     simplelink.a : cc_pal.obj (.text:NwpRegisterInterruptHandler)
                  2000fdce    0000003e     rtsv7M4_T_le_eabi.lib : _printfi.c.obj (.text:_fcpy)
                  2000fe0c    0000003c     simplelink.a : netapp.obj (.text:CopyPingResultsToReport)
                  2000fe48    0000003c     driverlib.a : prcm.obj (.text:PRCMPeripheralClkEnable)
                  2000fe84    0000003c     simplelink.a : cc_pal.obj (.text:simplelink_timerA2_start)
                  2000fec0    0000003c                  : socket.obj (.text:sl_Htons)
                  2000fefc    0000003c     driverlib.a : udma.obj (.text:uDMAChannelControlSet)
                  2000ff38    00000038     simplelink.a : cc_pal.obj (.text:NwpPowerOff)
                  2000ff70    00000038                  : wlan.obj (.text:sl_WlanDisconnect)
                  2000ffa8    00000036     driverlib.a : gpio.obj (.text:GPIODirModeSet)
                  2000ffde    00000036                 : timer.obj (.text:TimerControlLevel)
                  20010014    00000034                 : prcm.obj (.text:PRCMPeripheralStatusGet)
                  20010048    00000034                 : spi.obj (.text:SPIFIFOLevelSet)
                  2001007c    00000030                 : pin.obj (.text:PinTypeGPIO)
                  200100ac    00000030                 : uart.obj (.text:UARTDisable)
                  200100dc    00000030     rtsv7M4_T_le_eabi.lib : vsnprintf.c.obj (.text:_outs)
                  2001010c    0000002e                           : i_tofd_t2.asm.obj (.text)
                  2001013a    00000002     --HOLE-- [fill = 0]
                  2001013c    0000002c     simplelink.a : cc_pal.obj (.text:NwpPowerOn)
                  20010168    0000002c     driverlib.a : prcm.obj (.text:PRCMSysResetCauseGet)
                  20010194    0000002c     simplelink.a : driver.obj (.text:_SlDrvObjGlobalLockWaitForever)
                  200101c0    0000002c                  : driver.obj (.text:_SlDrvProtectionObjLockWaitForever)
                  200101ec    0000002a     driverlib.a : timer.obj (.text:TimerLoadSet)
                  20010216    0000002a                 : timer.obj (.text:TimerMatchSet)
                  20010240    0000002a                 : timer.obj (.text:TimerPrescaleSet)
                  2001026a    00000002     --HOLE-- [fill = 0]
                  2001026c    00000028                 : prcm.obj (.text:PRCMPeripheralClkDisable)
                  20010294    00000028     simplelink.a : driver.obj (.text:_SlDrvGlobalObjUnLock)
                  200102bc    00000028                  : driver.obj (.text:_SlDrvProtectionObjUnLock)
                  200102e4    00000028                  : driver.obj (.text:_SlDrvSyncObjWaitForever)
                  2001030c    00000028     rtsv7M4_T_le_eabi.lib : memory.c.obj (.text:free_list_insert)
                  20010334    00000028                           : memmov.c.obj (.text:memmove)
                  2001035c    00000026     simplelink.a : driver.obj (.text:_SlDrvObjLockWaitForever)
                  20010382    00000026     network_common.obj (.text)
                  200103a8    00000024     simplelink.a : cc_pal.obj (.text:DmaSpiSwIntHandler)
                  200103cc    00000024     driverlib.a : interrupt.obj (.text:IntUnregister)
                  200103f0    00000024                 : uart.obj (.text:UARTEnable)
                  20010414    00000024     rtsv7M4_T_le_eabi.lib : boot_cortex_m.c.obj (.text:_c_int00_noargs:_c_int00_noargs)
                  20010438    00000022     driverlib.a : gpio.obj (.text:GPIOIntStatus)
                  2001045a    00000022                 : spi.obj (.text:SPIReset)
                  2001047c    00000022                 : spi.obj (.text:SPIWordCountSet)
                  2001049e    00000020                 : gpio.obj (.text:GPIOPinWrite)
                  200104be    00000002     --HOLE-- [fill = 0]
                  200104c0    00000020                 : interrupt.obj (.text:IntRegister)
                  200104e0    00000020     simplelink.a : cc_pal.obj (.text:NwpPrePowerOffTimout0)
                  20010500    00000020     driverlib.a : spi.obj (.text:SPIDataGet)
                  20010520    00000020     simplelink.a : cc_pal.obj (.text:TimerGetCurrentTimestamp)
                  20010540    00000020                  : driver.obj (.text:_SlDrvObjUnLock)
                  20010560    00000020                  : driver.obj (.text:_SlDrvSyncObjSignal)
                  20010580    0000001e     driverlib.a : gpio.obj (.text:GPIOIntRegister)
                  2001059e    0000001e                 : spi.obj (.text:SPIDataPut)
                  200105bc    0000001e                 : timer.obj (.text:TimerDisable)
                  200105da    0000001e                 : timer.obj (.text:TimerEnable)
                  200105f8    0000001e                 : uart.obj (.text:UARTCharPut)
                  20010616    0000001e     simplelink.a : cc_pal.obj (.text:cc_UDMAChannelSelect)
                  20010634    0000001c     driverlib.a : systick.obj (.text:SysTickIntRegister)
                  20010650    0000001c                 : timer.obj (.text:TimerValueGet)
                  2001066c    0000001c                 : uart.obj (.text:UARTCharGetNonBlocking)
                  20010688    0000001c     simplelink.a : driver.obj (.text:_SlDrvStartMeasureTimeout)
                  200106a4    0000001c     rtsv7M4_T_le_eabi.lib : copy_zero_init.c.obj (.text:decompress:ZI:__TI_zero_init_nomemset:__TI_zero_init_nomemset)
                  200106c0    0000001c                           : memory.c.obj (.text:free_list_remove)
                  200106dc    0000001c                           : memccpy.c.obj (.text:memccpy)
                  200106f8    0000001c     driverlib.a : udma.obj (.text:uDMAChannelEnable)
                  20010714    0000001a                 : gpio.obj (.text:GPIOIntEnable)
                  2001072e    0000001a                 : pin.obj (.text:PinTypeSPI)
                  20010748    0000001a                 : pin.obj (.text:PinTypeTimer)
                  20010762    0000001a                 : pin.obj (.text:PinTypeUART)
                  2001077c    0000001a                 : spi.obj (.text:SPIDmaDisable)
                  20010796    0000001a                 : spi.obj (.text:SPIDmaEnable)
                  200107b0    0000001a                 : spi.obj (.text:SPIFIFODisable)
                  200107ca    0000001a                 : spi.obj (.text:SPIFIFOEnable)
                  200107e4    0000001a                 : spi.obj (.text:SPIIntUnregister)
                  200107fe    00000018                 : gpio.obj (.text:GPIOPinRead)
                  20010816    00000018                 : spi.obj (.text:SPICSDisable)
                  2001082e    00000018                 : spi.obj (.text:SPICSEnable)
                  20010846    00000018                 : spi.obj (.text:SPIDisable)
                  2001085e    00000018                 : spi.obj (.text:SPIEnable)
                  20010876    00000002     --HOLE-- [fill = 0]
                  20010878    00000018                 : systick.obj (.text:SysTickPeriodSet)
                  20010890    00000018                 : uart.obj (.text:UARTCharsAvail)
                  200108a8    00000018     simplelink.a : nonos.obj (.text:_SlNonOsSemSet)
                  200108c0    00000018     rtsv7M4_T_le_eabi.lib : vsnprintf.c.obj (.text:_outc)
                  200108d8    00000018                           : sprintf.c.obj (.text:_outs)
                  200108f0    00000018     simplelink.a : device.obj (.text:_sl_GetStartResponseConvert)
                  20010908    00000018     rtsv7M4_T_le_eabi.lib : ll_mul_t2.asm.obj (.text)
                  20010920    00000016     driverlib.a : prcm.obj (.text:PRCMHIBRegRead)
                  20010936    00000016                 : prcm.obj (.text:PRCMHIBRegWrite)
                  2001094c    00000016                 : uart.obj (.text:UARTCharGet)
                  20010962    00000016     simplelink.a : driver.obj (.text:_SlDrvMemZero)
                  20010978    00000016     rtsv7M4_T_le_eabi.lib : strchr.c.obj (.text:strchr)
                  2001098e    00000014     driverlib.a : cpu.obj (.text:CPUcpsie)
                  200109a2    00000014                 : gpio.obj (.text:GPIOIntClear)
                  200109b6    00000002     --HOLE-- [fill = 0]
                  200109b8    00000014                 : interrupt.obj (.text:IntVTableBaseSet)
                  200109cc    00000014     rtsv7M4_T_le_eabi.lib : strcpy.c.obj (.text:strcpy)
                  200109e0    00000014                           : strlen.c.obj (.text:strlen)
                  200109f4    00000012                           : wcslen.c.obj (.text:wcslen)
                  20010a06    00000002     --HOLE-- [fill = 0]
                  20010a08    00000010     driverlib.a : systick.obj (.text:SysTickEnable)
                  20010a18    00000010                 : systick.obj (.text:SysTickIntEnable)
                  20010a28    00000010     simplelink.a : driver.obj (.text:_SlDrvDispatchHttpServerEvents)
                  20010a38    0000000e                  : driver.obj (.text:_SlDrvResetCmdExt)
                  20010a46    0000000e     rtsv7M4_T_le_eabi.lib : copy_decompress_none.c.obj (.text:decompress:none:__TI_decompress_none)
                  20010a54    0000000e     startup_ccs.obj (.text)
                  20010a62    00000002     --HOLE-- [fill = 0]
                  20010a64    0000000c     simplelink.a : cc_pal.obj (.text:NwpMaskInterrupt)
                  20010a70    0000000c                  : cc_pal.obj (.text:NwpUnMaskInterrupt)
                  20010a7c    0000000c     driverlib.a : systick.obj (.text:SysTickValueGet)
                  20010a88    0000000c     rtsv7M4_T_le_eabi.lib : s_copysign.c.obj (.text:copysign)
                  20010a94    0000000a     driverlib.a : interrupt.obj (.text:IntMasterEnable)
                  20010a9e    0000000a     rtsv7M4_T_le_eabi.lib : sprintf.c.obj (.text:_outc)
                  20010aa8    00000008                           : errno.c.obj (.text:__aeabi_errno_addr)
                  20010ab0    00000008                           : memory.c.obj (.text:malloc)
                  20010ab8    00000006     driverlib.a : utils.obj (.text:UtilsDelay)
                  20010abe    00000004     rtsv7M4_T_le_eabi.lib : pre_init.c.obj (.text:_system_pre_init)
                  20010ac2    00000004                           : exit.c.obj (.text:abort:abort)

.const     0    20010ac8    00000c22     
                  20010ac8    000004fb     Adafruit_GFX.obj (.const:.string:font)
                  20010fc3    00000101     rtsv7M4_T_le_eabi.lib : ctype.c.obj (.const:.string:_ctypes_)
                  200110c4    00000100     driverlib.a : pin.obj (.const:g_ulPinToPadMap)
                  200111c4    000000d4                 : interrupt.obj (.const:g_pulRegs)
                  20011298    000000a8                 : prcm.obj (.const:PRCM_PeriphRegsList)
                  20011340    0000003c     simplelink.a : driver.obj (.const:OpcodeTranslateTable)
                  2001137c    00000038                  : driver.obj (.const:_SlActionLookupTable)
                  200113b4    0000002c     network_utils.obj (.const:$P$T1$2)
                  200113e0    00000024     driverlib.a : spi.obj (.const:g_ppulSPIIntMap)
                  20011404    00000022     network_utils.obj (.const:.string:$P$T0$1)
                  20011426    00000002     Adafruit_Fingerprint.obj (.const:.string:$P$T12$8)
                  20011428    00000020     simplelink.a : driver.obj (.const:RxMsgClassLUT)
                  20011448    00000018     driverlib.a : interrupt.obj (.const:g_pulDisRegs)
                  20011460    00000018                 : interrupt.obj (.const:g_pulEnRegs)
                  20011478    00000018                 : interrupt.obj (.const:g_pulUnpendRegs)
                  20011490    00000018                 : spi.obj (.const:g_ulSPIDmaMaskMap)
                  200114a8    00000014     simplelink.a : driver.obj (.const:$P$T0$1)
                  200114bc    00000014                  : nonos.obj (.const:$P$T0$1)
                  200114d0    00000014     network_utils.obj (.const:$P$T2$3)
                  200114e4    00000014     main.obj (.const:.string:$P$T14$16)
                  200114f8    00000013     main.obj (.const:.string:$P$T10$12)
                  2001150b    00000013     main.obj (.const:.string:$P$T12$14)
                  2001151e    00000013     main.obj (.const:.string:$P$T5$7)
                  20011531    00000012     main.obj (.const:.string:$P$T8$10)
                  20011543    00000010     main.obj (.const:.string:$P$T23$25)
                  20011553    00000010     simplelink.a : socket.obj (.const:.string:_SlPayloadByProtocolLUT)
                  20011563    0000000f     main.obj (.const:.string:$P$T16$18)
                  20011572    0000000f     main.obj (.const:.string:$P$T2$4)
                  20011581    0000000f     main.obj (.const:.string:$P$T24$26)
                  20011590    0000000e     main.obj (.const:.string:$P$T4$6)
                  2001159e    0000000d     main.obj (.const:.string:$P$T18$20)
                  200115ab    0000000d     main.obj (.const:.string:$P$T7$9)
                  200115b8    0000000c     network_utils.obj (.const:$P$T4$5)
                  200115c4    0000000c     main.obj (.const:.string:$P$T17$19)
                  200115d0    0000000c     network_utils.obj (.const:.string:$P$T3$4)
                  200115dc    0000000b     main.obj (.const:.string:$P$T1$3)
                  200115e7    0000000b     main.obj (.const:.string:$P$T15$17)
                  200115f2    0000000a     main.obj (.const:.string:$P$T21$23)
                  200115fc    0000000a     main.obj (.const:.string:$P$T6$8)
                  20011606    0000000a     main.obj (.const:.string:$P$T9$11)
                  20011610    00000009     main.obj (.const:.string:$P$T0$2)
                  20011619    00000009     main.obj (.const:.string:$P$T13$15)
                  20011622    00000009     main.obj (.const:.string:$P$T19$21)
                  2001162b    00000009     main.obj (.const:.string:$P$T22$24)
                  20011634    00000009     main.obj (.const:.string:$P$T3$5)
                  2001163d    00000008     main.obj (.const:.string:$P$T11$13)
                  20011645    00000008     simplelink.a : device.obj (.const:StartResponseLUT)
                  2001164d    00000003     Adafruit_Fingerprint.obj (.const:.string:$P$T22$18)
                  20011650    00000008     simplelink.a : driver.obj (.const:g_H2NCnysPattern)
                  20011658    00000008                  : driver.obj (.const:g_H2NSyncPattern)
                  20011660    00000006     Adafruit_Fingerprint.obj (.const:.string:$P$T14$10)
                  20011666    00000006     Adafruit_Fingerprint.obj (.const:.string:$P$T15$11)
                  2001166c    00000005     Adafruit_Fingerprint.obj (.const:.string:$P$T13$9)
                  20011671    00000005     Adafruit_Fingerprint.obj (.const:.string:$P$T17$13)
                  20011676    00000005     Adafruit_Fingerprint.obj (.const:.string:$P$T20$16)
                  2001167b    00000005     main.obj (.const:.string:$P$T20$22)
                  20011680    00000005     Adafruit_Fingerprint.obj (.const:.string:$P$T21$17)
                  20011685    00000001     Adafruit_Fingerprint.obj (.const:.string:$P$T16$12)
                  20011686    00000004     simplelink.a : wlan.obj (.const:$P$T0$1)
                  2001168a    00000004                  : socket.obj (.const:$P$T2$3)
                  2001168e    00000004     Adafruit_Fingerprint.obj (.const:.string:$P$T10$6)
                  20011692    00000004     Adafruit_Fingerprint.obj (.const:.string:$P$T11$7)
                  20011696    00000004     simplelink.a : device.obj (.const:_SlDeviceGetCmdCtrl)
                  2001169a    00000004                  : device.obj (.const:_SlDeviceSetCmdCtrl)
                  2001169e    00000004                  : netapp.obj (.const:_SlGetHostByNameCtrl)
                  200116a2    00000004                  : netapp.obj (.const:_SlNetAppSendTokenValueCmdCtrl)
                  200116a6    00000004                  : netcfg.obj (.const:_SlNetCfgSetCmdCtrl)
                  200116aa    00000004                  : wlan.obj (.const:_SlPolicySetCmdCtrl)
                  200116ae    00000004                  : wlan.obj (.const:_SlProfileDelCmdCtrl)
                  200116b2    00000004                  : socket.obj (.const:_SlRecvCmdCtrl)
                  200116b6    00000004                  : netapp.obj (.const:_SlRegisterServiceCtrl)
                  200116ba    00000004                  : wlan.obj (.const:_SlRxFilterSetCmdCtrl)
                  200116be    00000004                  : socket.obj (.const:_SlSendCmdCtrl)
                  200116c2    00000004                  : socket.obj (.const:_SlSetSockOptCmdCtrl)
                  200116c6    00000004                  : socket.obj (.const:_SlSockCloseCmdCtrl)
                  200116ca    00000004                  : socket.obj (.const:_SlSockSocketCmdCtrl)
                  200116ce    00000004                  : device.obj (.const:_SlStopCmdCtrl)
                  200116d2    00000004                  : wlan.obj (.const:_SlWlanCfgSetCmdCtrl)
                  200116d6    00000004                  : wlan.obj (.const:_SlWlanSetModeCmdCtrl)
                  200116da    00000002     Adafruit_Fingerprint.obj (.const:.string:$P$T7$3)
                  200116dc    00000004     simplelink.a : driver.obj (.const:httpServer_callbacks)
                  200116e0    00000004                  : driver.obj (.const:netApp_callbacks)
                  200116e4    00000001     Adafruit_Fingerprint.obj (.const:.string:$P$T18$14)
                  200116e5    00000001     Adafruit_Fingerprint.obj (.const:.string:$P$T19$15)
                  200116e6    00000001     Adafruit_Fingerprint.obj (.const:.string:$P$T5$1)
                  200116e7    00000001     Adafruit_Fingerprint.obj (.const:.string:$P$T6$2)
                  200116e8    00000001     Adafruit_Fingerprint.obj (.const:.string:$P$T8$4)
                  200116e9    00000001     Adafruit_Fingerprint.obj (.const:.string:$P$T9$5)

.cinit     0    200116f0    000000d0     
                  200116f0    000000aa     (.cinit..data.load) [load image, compression = lzss]
                  2001179a    00000002     --HOLE-- [fill = 0]
                  2001179c    0000000c     (__TI_handler_table)
                  200117a8    00000008     (.cinit..bss.load) [load image, compression = zero_init]
                  200117b0    00000010     (__TI_cinit_table)

.sysmem    0    20017000    00008000     UNINITIALIZED
                  20017000    00000010     rtsv7M4_T_le_eabi.lib : memory.c.obj (.sysmem)
                  20017010    00007ff0     --HOLE--

.bss       0    2001f000    00000263     UNINITIALIZED
                  2001f000    00000168     simplelink.a : driver.obj (.bss:g_StatMem)
                  2001f168    00000050     (.common:g_ucDinDout)
                  2001f1b8    00000038     main.obj (.bss:finger)
                  2001f1f0    0000002c     (.common:g_time)
                  2001f21c    00000024     (.common:g_ucConnectionSSID)
                  2001f240    00000008     (.common:g_app_config)
                  2001f248    00000008     (.common:g_ucConnectionBSSID)
                  2001f250    00000004     uart_if.obj (.bss)
                  2001f254    00000004     (.common:g_Host)
                  2001f258    00000004     (.common:g_port)
                  2001f25c    00000001     (.common:RxIrqCnt)
                  2001f25d    00000001     (.common:g_bDeviceRestartIsRequired)
                  2001f25e    00000001     (.common:g_cDummy)
                  2001f25f    00000001     (.common:g_ucLED1Pin)
                  2001f260    00000001     (.common:g_ucLED2Pin)
                  2001f261    00000001     (.common:g_ucLED3Pin)
                  2001f262    00000001     (.common:id)

.data      0    2001f268    00000160     UNINITIALIZED
                  2001f268    00000055     main.obj (.data)
                  2001f2bd    00000003     --HOLE--
                  2001f2c0    0000003c     simplelink.a : nonos.obj (.data:g__SlNonOsCB)
                  2001f2fc    00000030     main.obj (.data:codes)
                  2001f32c    00000015     Adafruit_GFX.obj (.data)
                  2001f341    00000003     --HOLE--
                  2001f344    00000014     gpio_if.obj (.data:ulReg)
                  2001f358    0000000d     simplelink.a : driver.obj (.data)
                  2001f365    0000000c     main.obj (.data:buttons)
                  2001f371    00000003     --HOLE--
                  2001f374    0000000c     gpio_if.obj (.data)
                  2001f380    0000000c     network_utils.obj (.data)
                  2001f38c    00000009     simplelink.a : cc_pal.obj (.data)
                  2001f395    00000003     --HOLE--
                  2001f398    00000008     rtsv7M4_T_le_eabi.lib : _lock.c.obj (.data:$O1$$)
                  2001f3a0    00000008                           : memory.c.obj (.data:$O1$$)
                  2001f3a8    00000008     main.obj (.data:attempt)
                  2001f3b0    00000008     main.obj (.data:password)
                  2001f3b8    00000006     main.obj (.data:inputBuffer)
                  2001f3be    00000002     --HOLE--
                  2001f3c0    00000004     rtsv7M4_T_le_eabi.lib : errno.c.obj (.data)
                  2001f3c4    00000004     simplelink.a : driver.obj (.data:wlan_callbacks)

.stack     0    2002f000    00001000     UNINITIALIZED
                  2002f000    00000004     rtsv7M4_T_le_eabi.lib : boot_cortex_m.c.obj (.stack)
                  2002f004    00000ffc     --HOLE--

__llvm_prf_cnts 
*          0    20017000    00000000     UNINITIALIZED

MODULE SUMMARY

       Module                       code    ro data   rw data
       ------                       ----    -------   -------
    .\
       main.obj                     8752    322       224    
       Adafruit_GFX.obj             2688    1275      21     
       Adafruit_Fingerprint.obj     3018    54        0      
       Adafruit_OLED.obj            1186    0         0      
       startup_ccs.obj              14      1024      0      
       gpio_if.obj                  920     0         35     
       uart_if.obj                  636     0         4      
       pinmux.obj                   316     0         0      
       network_common.obj           38      0         0      
    +--+----------------------------+-------+---------+---------+
       Total:                       17568   2675      284    
                                                             
    .\utils\
       network_utils.obj            3796    122       116    
    +--+----------------------------+-------+---------+---------+
       Total:                       3796    122       116    
                                                             
    C:/ti/CC3200SDK_1.5.0/cc3200-sdk/driverlib/ccs/Release/driverlib.a
       prcm.obj                     932     168       0      
       spi.obj                      860     60        0      
       interrupt.obj                608     284       0      
       udma.obj                     604     0         0      
       pin.obj                      326     256       0      
       gpio.obj                     422     0         0      
       timer.obj                    336     0         0      
       uart.obj                     306     0         0      
       systick.obj                  96      0         0      
       cpu.obj                      20      0         0      
       utils.obj                    6       0         0      
    +--+----------------------------+-------+---------+---------+
       Total:                       4516    768       0      
                                                             
    C:/ti/CC3200SDK_1.5.0/cc3200-sdk/simplelink/ccs/NON_OS/simplelink.a
       driver.obj                   7906    192       379    
       cc_pal.obj                   1820    0         90     
       socket.obj                   1830    40        0      
       netapp.obj                   1572    12        0      
       wlan.obj                     1316    24        0      
       device.obj                   1230    20        0      
       nonos.obj                    416     20        60     
       netcfg.obj                   152     4         0      
    +--+----------------------------+-------+---------+---------+
       Total:                       16242   312       529    
                                                             
    C:\ti\ccs1250\ccs\tools\compiler\ti-cgt-arm_20.2.7.LTS\lib\rtsv7M4_T_le_eabi.lib
       _printfi.c.obj               4835    0         0      
       memory.c.obj                 900     0         8      
       fd_add_t2.asm.obj            438     0         0      
       fd_div_t2.asm.obj            310     0         0      
       fd_cmp_t2.asm.obj            268     0         0      
       ctype.c.obj                  0       257       0      
       fd_mul_t2.asm.obj            252     0         0      
       s_scalbn.c.obj               208     0         0      
       memcpy_t2.asm.obj            156     0         0      
       ull_div_t2.asm.obj           150     0         0      
       vsnprintf.c.obj              136     0         0      
       memset_t2.asm.obj            122     0         0      
       copy_decompress_lzss.c.obj   104     0         0      
       sprintf.c.obj                98      0         0      
       autoinit.c.obj               96      0         0      
       s_frexp.c.obj                92      0         0      
       _ltoa.c.obj                  84      0         0      
       atoi.c.obj                   76      0         0      
       fd_toi_t2.asm.obj            72      0         0      
       i_tofd_t2.asm.obj            46      0         0      
       memmov.c.obj                 40      0         0      
       boot_cortex_m.c.obj          36      0         0      
       copy_zero_init.c.obj         28      0         0      
       memccpy.c.obj                28      0         0      
       ll_mul_t2.asm.obj            24      0         0      
       strchr.c.obj                 22      0         0      
       strcpy.c.obj                 20      0         0      
       strlen.c.obj                 20      0         0      
       wcslen.c.obj                 18      0         0      
       copy_decompress_none.c.obj   14      0         0      
       errno.c.obj                  8       0         4      
       s_copysign.c.obj             12      0         0      
       _lock.c.obj                  2       0         8      
       exit.c.obj                   4       0         0      
       pre_init.c.obj               4       0         0      
       div0.asm.obj                 2       0         0      
    +--+----------------------------+-------+---------+---------+
       Total:                       8725    257       20     
                                                             
       Heap:                        0       0         32768  
       Stack:                       0       0         4096   
       Linker Generated:            0       206       0      
    +--+----------------------------+-------+---------+---------+
       Grand Total:                 50847   4340      37813  


LINKER GENERATED COPY TABLES

__TI_cinit_table @ 200117b0 records: 2, size/record: 8, table size: 16
	.data: load addr=200116f0, load size=000000aa bytes, run addr=2001f268, run size=00000160 bytes, compression=lzss
	.bss: load addr=200117a8, load size=00000008 bytes, run addr=2001f000, run size=00000263 bytes, compression=zero_init


LINKER GENERATED HANDLER TABLE

__TI_handler_table @ 2001179c records: 3, size/record: 4, table size: 12
	index: 0, handler: __TI_decompress_lzss
	index: 1, handler: __TI_decompress_none
	index: 2, handler: __TI_zero_init


GLOBAL SYMBOLS: SORTED ALPHABETICALLY BY Name 

address   name                                                                            
-------   ----                                                                            
20010ac3  C$$EXIT                                                                         
2001098f  CPUcpsie                                                                        
2000a5c5  ClearTerm                                                                       
200103a9  DmaSpiSwIntHandler                                                              
2000a5cf  Error                                                                           
2000ffa9  GPIODirModeSet                                                                  
200109a3  GPIOIntClear                                                                    
20010715  GPIOIntEnable                                                                   
20010581  GPIOIntRegister                                                                 
20010439  GPIOIntStatus                                                                   
2000ea09  GPIOIntTypeSet                                                                  
200107ff  GPIOPinRead                                                                     
2001049f  GPIOPinWrite                                                                    
2000a22d  GPIO_IF_ConfigureNIntEnable                                                     
2000a2b9  GPIO_IF_Get                                                                     
2000a1e7  GPIO_IF_GetPortNPin                                                             
20009fa9  GPIO_IF_LedConfigure                                                            
2000a09b  GPIO_IF_LedOff                                                                  
20009fe7  GPIO_IF_LedOn                                                                   
2000a14f  GPIO_IF_LedStatus                                                               
2000a1b9  GPIO_IF_LedToggle                                                               
2000a275  GPIO_IF_Set                                                                     
2000a607  GetCmd                                                                          
2000a585  InitTerm                                                                        
2000daf5  IntDisable                                                                      
2000db9d  IntEnable                                                                       
20010a95  IntMasterEnable                                                                 
2000f445  IntPendClear                                                                    
2000f54d  IntPrioritySet                                                                  
200104c1  IntRegister                                                                     
200103cd  IntUnregister                                                                   
200109b9  IntVTableBaseSet                                                                
2000a5a3  Message                                                                         
20010a65  NwpMaskInterrupt                                                                
2000ff39  NwpPowerOff                                                                     
2001013d  NwpPowerOn                                                                      
200104e1  NwpPrePowerOffTimout0                                                           
2000fd91  NwpRegisterInterruptHandler                                                     
20010a71  NwpUnMaskInterrupt                                                              
20011340  OpcodeTranslateTable                                                            
2000ba55  PRCMCC3200MCUInit                                                               
20010921  PRCMHIBRegRead                                                                  
20010937  PRCMHIBRegWrite                                                                 
2001026d  PRCMPeripheralClkDisable                                                        
2000fe49  PRCMPeripheralClkEnable                                                         
2000e2f1  PRCMPeripheralClockGet                                                          
2000f49d  PRCMPeripheralReset                                                             
20010015  PRCMPeripheralStatusGet                                                         
2000f6f1  PRCMSlowClkCtrGet                                                               
20010169  PRCMSysResetCauseGet                                                            
2000e7f1  PinConfigSet                                                                    
2000fc11  PinModeSet                                                                      
2001007d  PinTypeGPIO                                                                     
2001072f  PinTypeSPI                                                                      
20010749  PinTypeTimer                                                                    
20010763  PinTypeUART                                                                     
2000a745  Report                                                                          
20010a55  ResetISR                                                                        
2001f25c  RxIrqCnt                                                                        
200116ec  SHT$$INIT_ARRAY$$Base                                                           
200116f0  SHT$$INIT_ARRAY$$Limit                                                          
20010817  SPICSDisable                                                                    
2001082f  SPICSEnable                                                                     
2000dce9  SPIConfigSetExpClk                                                              
20010501  SPIDataGet                                                                      
2001059f  SPIDataPut                                                                      
20010847  SPIDisable                                                                      
2001077d  SPIDmaDisable                                                                   
20010797  SPIDmaEnable                                                                    
2001085f  SPIEnable                                                                       
200107b1  SPIFIFODisable                                                                  
200107cb  SPIFIFOEnable                                                                   
20010049  SPIFIFOLevelSet                                                                 
2000f9a1  SPIIntClear                                                                     
2000f791  SPIIntEnable                                                                    
200107e5  SPIIntUnregister                                                                
2001045b  SPIReset                                                                        
2001047d  SPIWordCountSet                                                                 
20006805  SimpleLinkGeneralEventHandler                                                   
200067e1  SimpleLinkHttpServerCallback                                                    
2000673f  SimpleLinkNetAppEventHandler                                                    
20006825  SimpleLinkSockEventHandler                                                      
20006631  SimpleLinkWlanEventHandler                                                      
20010a09  SysTickEnable                                                                   
20010a19  SysTickIntEnable                                                                
20010635  SysTickIntRegister                                                              
20010879  SysTickPeriodSet                                                                
20010a7d  SysTickValueGet                                                                 
2000fabd  TimerConfigure                                                                  
2000ffdf  TimerControlLevel                                                               
200105bd  TimerDisable                                                                    
200105db  TimerEnable                                                                     
20010521  TimerGetCurrentTimestamp                                                        
200101ed  TimerLoadSet                                                                    
20010217  TimerMatchSet                                                                   
20010241  TimerPrescaleSet                                                                
20010651  TimerValueGet                                                                   
2000a6ad  TrimSpace                                                                       
2001094d  UARTCharGet                                                                     
2001066d  UARTCharGetNonBlocking                                                          
200105f9  UARTCharPut                                                                     
20010891  UARTCharsAvail                                                                  
2000ed01  UARTConfigSetExpClk                                                             
200100ad  UARTDisable                                                                     
200103f1  UARTEnable                                                                      
20010ab9  UtilsDelay                                                                      
2001137c  _SlActionLookupTable                                                            
2000dc45  _SlDriverHandleError                                                            
2000f9e9  _SlDrvBasicCmd                                                                  
2000d8d1  _SlDrvCmdOp                                                                     
2000eecd  _SlDrvCmdSend                                                                   
2000acb1  _SlDrvDataReadOp                                                                
2000bd3d  _SlDrvDataWriteOp                                                               
2000dec5  _SlDrvDeviceEventHandler                                                        
20010a29  _SlDrvDispatchHttpServerEvents                                                  
2000c741  _SlDrvDriverCBDeinit                                                            
2000b3e9  _SlDrvDriverCBInit                                                              
20010295  _SlDrvGlobalObjUnLock                                                           
2000fb01  _SlDrvHandleHttpServerEvents                                                    
2000fc51  _SlDrvHandleNetAppEvents                                                        
2000fc91  _SlDrvHandleWlanEvents                                                          
2000e64d  _SlDrvIsTimeoutExpired                                                          
20010963  _SlDrvMemZero                                                                   
2000d135  _SlDrvMsgReadSpawnCtx                                                           
2000c991  _SlDrvNetAppEventHandler                                                        
2001035d  _SlDrvObjLockWaitForever                                                        
20010541  _SlDrvObjUnLock                                                                 
2000f829  _SlDrvProtectAsyncRespSetting                                                   
200101c1  _SlDrvProtectionObjLockWaitForever                                              
200102bd  _SlDrvProtectionObjUnLock                                                       
2000ae95  _SlDrvReleasePoolObj                                                            
20010a39  _SlDrvResetCmdExt                                                               
2000f5a1  _SlDrvRxIrqHandler                                                              
20010689  _SlDrvStartMeasureTimeout                                                       
20010561  _SlDrvSyncObjSignal                                                             
200102e5  _SlDrvSyncObjWaitForever                                                        
2000fb45  _SlDrvSyncObjWaitTimeout                                                        
2000b739  _SlDrvWaitForPoolObj                                                            
200116a2  _SlNetAppSendTokenValueCmdCtrl                                                  
2000ed79  _SlNonOsMainLoopTask                                                            
2000da45  _SlNonOsSemGet                                                                  
200108a9  _SlNonOsSemSet                                                                  
2000f075  _SlNonOsSpawn                                                                   
20008069  _Z10drawCircleiiij                                                              
200082bb  _Z10fillCircleiiij                                                              
20009d09  _Z10fillScreenj                                                                 
20004669  _Z11displayCharc                                                                
20005129  _Z11drawConfirmv                                                                
200050a9  _Z11drawIdStagev                                                                
20005179  _Z11drawNewPassv                                                                
200045ab  _Z11resetBottomv                                                                
20008a77  _Z11setTextSizeh                                                                
20008aaf  _Z11setTextWrapc                                                                
20006ffd  _Z11tls_connectv                                                                
2000c399  _Z12PinMuxConfigv                                                               
20008685  _Z12drawTriangleiiiiiij                                                         
200086c7  _Z12fillTriangleiiiiiij                                                         
20008a97  _Z12setTextColorjj                                                              
20009ac9  _Z12writeCommandh                                                               
20009b51  _Z13Adafruit_Initv                                                              
200058b7  _Z13InitPIRSensorv                                                              
20009e75  _Z13drawFastHLineiiij                                                           
20009dd9  _Z13drawFastVLineiiij                                                           
2000851d  _Z13drawRoundRectiiiiij                                                         
2000860b  _Z13fillRoundRectiiiiij                                                         
20004af5  _Z13processButtonc                                                              
20005237  _Z14InitPWMModulesv                                                             
200046e1  _Z14addCharToInputc                                                             
20004731  _Z14deleteLastCharb                                                             
20004885  _Z14successMessagev                                                             
200051c9  _Z15UpdateDutyCyclemmh                                                          
200049d7  _Z15mismatchMessagev                                                            
20005257  _Z16DeInitPWMModulesv                                                           
200052e5  _Z16beginFingerprinti                                                           
2000819d  _Z16drawCircleHelperiiihj                                                       
200082f5  _Z16fillCircleHelperiiihij                                                      
20004a85  _Z16fingerprintErrorv                                                           
200056f9  _Z16getFingerprintIDv                                                           
200047d1  _Z16incorrectMessagei                                                           
200051ed  _Z17SetupTimerPWMModemmmh                                                       
20004f85  _Z18printAlarmOnScreenv                                                         
20004ed9  _Z18printEnableOptionsv                                                         
20004e25  _Z19printAlarmOffScreenv                                                        
20005863  _Z20PIR_InterruptHandlerv                                                       
200071dd  _Z20connectToAccessPointv                                                       
200053c9  _Z20getFingerprintEnrollv                                                       
20005039  _Z25printAlarmTriggeredScreenv                                                  
20009c83  _Z4goToii                                                                       
20008ac3  _Z5widthv                                                                       
20008a13  _Z6OutstrPc                                                                     
20008ac7  _Z6heightv                                                                      
20009f4f  _Z6invertc                                                                      
20004637  _Z7SPIInitv                                                                     
200048d9  _Z7strcompPKcS0_                                                                
20009cc7  _Z8Color565hhh                                                                  
200088c7  _Z8drawChariihjjh                                                               
200083e3  _Z8drawLineiiiij                                                                
200084cf  _Z8drawRectiiiij                                                                
20009d1f  _Z8fillRectjjjjj                                                                
2000498d  _Z8oneDigitv                                                                    
20009f11  _Z9drawPixeliij                                                                 
20008a5f  _Z9setCursorii                                                                  
20004939  _Z9sixDigitsv                                                                   
20009b0d  _Z9writeDatah                                                                   
20007bbd  _ZN20Adafruit_Fingerprint10LEDcontrolEb                                         
20007c5d  _ZN20Adafruit_Fingerprint10LEDcontrolEhhhh                                      
200077df  _ZN20Adafruit_Fingerprint10storeModelEt                                         
20007747  _ZN20Adafruit_Fingerprint11createModelEv                                        
200078fb  _ZN20Adafruit_Fingerprint11deleteModelEt                                        
20007cdb  _ZN20Adafruit_Fingerprint11setBaudRateEh                                        
20007b3d  _ZN20Adafruit_Fingerprint11setPasswordEj                                        
20007a11  _ZN20Adafruit_Fingerprint12fingerSearchEh                                       
20007f79  _ZN20Adafruit_Fingerprint13checkPasswordEv                                      
20007793  _ZN20Adafruit_Fingerprint13emptyDatabaseEv                                      
20007593  _ZN20Adafruit_Fingerprint13getParametersEv                                      
20007d07  _ZN20Adafruit_Fingerprint13setPacketSizeEh                                      
20007ff7  _ZN20Adafruit_Fingerprint13writeRegisterEhh                                     
2000757f  _ZN20Adafruit_Fingerprint14verifyPasswordEv                                     
2000796d  _ZN20Adafruit_Fingerprint16fingerFastSearchEv                                   
20007ad1  _ZN20Adafruit_Fingerprint16getTemplateCountEv                                   
20007cf1  _ZN20Adafruit_Fingerprint16setSecurityLevelEh                                   
20007e45  _ZN20Adafruit_Fingerprint19getStructuredPacketEP27Adafruit_Fingerprint_Packett  
20007d25  _ZN20Adafruit_Fingerprint21writeStructuredPacketERK27Adafruit_Fingerprint_Packet
20007557  _ZN20Adafruit_Fingerprint5beginEv                                               
200076a3  _ZN20Adafruit_Fingerprint8getImageEv                                            
200078af  _ZN20Adafruit_Fingerprint8getModelEv                                            
200076ef  _ZN20Adafruit_Fingerprint8image2TzEh                                            
2000784d  _ZN20Adafruit_Fingerprint9loadModelEt                                           
20007505  _ZN20Adafruit_FingerprintC1Emj                                                  
20007505  _ZN20Adafruit_FingerprintC2Emj                                                  
2000f00d  _ZN27Adafruit_Fingerprint_PacketC1EhtPh                                         
20030000  __STACK_END                                                                     
00001000  __STACK_SIZE                                                                    
00008000  __SYSMEM_SIZE                                                                   
200117b0  __TI_CINIT_Base                                                                 
200117c0  __TI_CINIT_Limit                                                                
2001179c  __TI_Handler_Table_Base                                                         
200117a8  __TI_Handler_Table_Limit                                                        
2000f269  __TI_auto_init_nobinit                                                          
2000efa5  __TI_decompress_lzss                                                            
20010a47  __TI_decompress_none                                                            
2000f5f5  __TI_ltoa                                                                       
ffffffff  __TI_pprof_out_hndl                                                             
20008ae9  __TI_printfi                                                                    
ffffffff  __TI_prof_data_size                                                             
ffffffff  __TI_prof_data_start                                                            
200116f0  __TI_static_base__                                                              
200106a5  __TI_zero_init_nomemset                                                         
2000e879  __aeabi_cdcmpeq                                                                 
2000e879  __aeabi_cdcmple                                                                 
2000e8ff  __aeabi_cdrcmple                                                                
2000fa31  __aeabi_d2iz                                                                    
2000b23b  __aeabi_dadd                                                                    
2000c4d5  __aeabi_ddiv                                                                    
2000cb95  __aeabi_dmul                                                                    
2000b231  __aeabi_dsub                                                                    
20010aa9  __aeabi_errno_addr                                                              
2001010d  __aeabi_i2d                                                                     
2000b3e7  __aeabi_idiv0                                                                   
2000b3e7  __aeabi_ldiv0                                                                   
20010909  __aeabi_lmul                                                                    
2000ec0d  __aeabi_memclr                                                                  
2000ec0d  __aeabi_memclr4                                                                 
2000ec0d  __aeabi_memclr8                                                                 
2000de29  __aeabi_memcpy                                                                  
2000de29  __aeabi_memcpy4                                                                 
2000de29  __aeabi_memcpy8                                                                 
2000ec0f  __aeabi_memset                                                                  
2000ec0f  __aeabi_memset4                                                                 
2000ec0f  __aeabi_memset8                                                                 
2000e259  __aeabi_uldivmod                                                                
ffffffff  __binit__                                                                       
ffffffff  __c_args__                                                                      
UNDEFED   __mpu_init                                                                      
2002f000  __stack                                                                         
20017000  __start___llvm_prf_cnts                                                         
200065c9  __sti___8_main_cpp_63e38e1e                                                     
20017000  __stop___llvm_prf_cnts                                                          
20010415  _c_int00_noargs                                                                 
20010fc3  _ctypes_                                                                        
2001f398  _lock                                                                           
20009f6b  _nop                                                                            
2000f0d9  _sl_HandleAsync_Accept                                                          
2000ea8d  _sl_HandleAsync_Connect                                                         
2000e385  _sl_HandleAsync_DnsGetHostByName                                                
2000d675  _sl_HandleAsync_DnsGetHostByService                                             
2000e6d9  _sl_HandleAsync_InitComplete                                                    
2000e415  _sl_HandleAsync_PingResponse                                                    
2000f649  _sl_HandleAsync_Select                                                          
2000f741  _sl_HandleAsync_Stop                                                            
2000ef39  _sl_NetAppSendTokenValue                                                        
20017000  _sys_memory                                                                     
UNDEFED   _system_post_cinit                                                              
20010abf  _system_pre_init                                                                
2001f39c  _unlock                                                                         
20010ac3  abort                                                                           
2001f284  alarmState                                                                      
2000ca95  aligned_alloc                                                                   
2000f8c1  atoi                                                                            
2001f3a8  attempt                                                                         
ffffffff  binit                                                                           
2001f280  bitCount                                                                        
2001f278  bitsequence                                                                     
2001f365  buttons                                                                         
2001f2fc  codes                                                                           
2001f2b0  confirm                                                                         
20010a89  copysign                                                                        
20010a89  copysignl                                                                       
2001f32c  cursor_x                                                                        
2001f330  cursor_y                                                                        
2001f3c0  errno                                                                           
2001f1b8  finger                                                                          
2001f28c  fpMode                                                                          
2001f2ac  fpSuccess                                                                       
2000d21d  free                                                                            
2000f3e9  frexp                                                                           
2000f3e9  frexpl                                                                          
2001f254  g_Host                                                                          
2001f358  g_SlDeviceStatus                                                                
2001f38c  g_SpiFd                                                                         
2001f2c0  g__SlNonOsCB                                                                    
2001f240  g_app_config                                                                    
2001f25d  g_bDeviceRestartIsRequired                                                      
2001f25e  g_cDummy                                                                        
2001f35c  g_pCB                                                                           
2001f390  g_pHostIntHdl                                                                   
20004000  g_pfnVectors                                                                    
2001f258  g_port                                                                          
2001f1f0  g_time                                                                          
2001f248  g_ucConnectionBSSID                                                             
2001f21c  g_ucConnectionSSID                                                              
2001f394  g_ucDMAEnabled                                                                  
2001f168  g_ucDinDout                                                                     
2001f25f  g_ucLED1Pin                                                                     
2001f260  g_ucLED2Pin                                                                     
2001f261  g_ucLED3Pin                                                                     
2001f374  g_uiLED1Port                                                                    
2001f378  g_uiLED2Port                                                                    
2001f37c  g_uiLED3Port                                                                    
2001f388  g_ulGatewayIP                                                                   
2001f384  g_ulPingPacketsRecv                                                             
2001f380  g_ulStatus                                                                      
2001f262  id                                                                              
2001f2b1  idStage                                                                         
2001f2a8  incorrect                                                                       
2001f3b8  inputBuffer                                                                     
2001f294  inputIndex                                                                      
2001f288  inputMode                                                                       
2001f2a0  lRetVal                                                                         
2000d5a5  ldexp                                                                           
2000d5a5  ldexpl                                                                          
200059ad  main                                                                            
20010ab1  malloc                                                                          
2000ca95  memalign                                                                        
200106dd  memccpy                                                                         
2000de29  memcpy                                                                          
20010335  memmove                                                                         
2000ec15  memset                                                                          
2001f291  motion                                                                          
2001f2b4  motionGrace                                                                     
2001f2b8  movementTime                                                                    
2001f360  pPingCallBackFunc                                                               
2001f3b0  password                                                                        
2001f2a4  passwordAttempts                                                                
2001f290  print                                                                           
2001f27d  readyToPrint                                                                    
2000d301  realloc                                                                         
2000d5a5  scalbn                                                                          
2000d5a5  scalbnl                                                                         
2000fe85  simplelink_timerA2_start                                                        
2000f2c9  sl_Close                                                                        
2000b8c9  sl_Connect                                                                      
2000d741  sl_DevGet                                                                       
2000df61  sl_DevSet                                                                       
2000fbcd  sl_Htonl                                                                        
2000fec1  sl_Htons                                                                        
2000c119  sl_NetAppDnsGetHostByName                                                       
2000d3e5  sl_NetAppMDNSRegisterUnregisterService                                          
2000f13d  sl_NetAppMDNSUnRegisterService                                                  
2000dff9  sl_NetCfgSet                                                                    
[...]
2000f3e9  frexp                                                                           
2000f3e9  frexpl                                                                          
2000f445  IntPendClear                                                                    
2000f49d  PRCMPeripheralReset                                                             
2000f54d  IntPrioritySet                                                                  
2000f5a1  _SlDrvRxIrqHandler                                                              
2000f5f5  __TI_ltoa                                                                       
2000f649  _sl_HandleAsync_Select                                                          
2000f6f1  PRCMSlowClkCtrGet                                                               
2000f741  _sl_HandleAsync_Stop                                                            
2000f791  SPIIntEnable                                                                    
2000f829  _SlDrvProtectAsyncRespSetting                                                   
2000f8c1  atoi                                                                            
2000f90d  uDMAChannelAssign                                                               
2000f9a1  SPIIntClear                                                                     
2000f9e9  _SlDrvBasicCmd                                                                  
2000fa31  __aeabi_d2iz                                                                    
2000fabd  TimerConfigure                                                                  
2000fb01  _SlDrvHandleHttpServerEvents                                                    
2000fb45  _SlDrvSyncObjWaitTimeout                                                        
2000fbcd  sl_Htonl                                                                        
2000fc11  PinModeSet                                                                      
2000fc51  _SlDrvHandleNetAppEvents                                                        
2000fc91  _SlDrvHandleWlanEvents                                                          
2000fd11  sprintf                                                                         
2000fd51  vsnprintf                                                                       
2000fd91  NwpRegisterInterruptHandler                                                     
2000fe49  PRCMPeripheralClkEnable                                                         
2000fe85  simplelink_timerA2_start                                                        
2000fec1  sl_Htons                                                                        
2000fefd  uDMAChannelControlSet                                                           
2000ff39  NwpPowerOff                                                                     
2000ff71  sl_WlanDisconnect                                                               
2000ffa9  GPIODirModeSet                                                                  
2000ffdf  TimerControlLevel                                                               
20010015  PRCMPeripheralStatusGet                                                         
20010049  SPIFIFOLevelSet                                                                 
2001007d  PinTypeGPIO                                                                     
200100ad  UARTDisable                                                                     
2001010d  __aeabi_i2d                                                                     
2001013d  NwpPowerOn                                                                      
20010169  PRCMSysResetCauseGet                                                            
200101c1  _SlDrvProtectionObjLockWaitForever                                              
200101ed  TimerLoadSet                                                                    
20010217  TimerMatchSet                                                                   
20010241  TimerPrescaleSet                                                                
2001026d  PRCMPeripheralClkDisable                                                        
20010295  _SlDrvGlobalObjUnLock                                                           
200102bd  _SlDrvProtectionObjUnLock                                                       
200102e5  _SlDrvSyncObjWaitForever                                                        
20010335  memmove                                                                         
2001035d  _SlDrvObjLockWaitForever                                                        
20010383  sl_Provisioning_HttpServerEventHdl                                              
20010391  sl_Provisioning_NetAppEventHdl                                                  
2001039d  sl_Provisioning_WlanEventHdl                                                    
200103a9  DmaSpiSwIntHandler                                                              
200103cd  IntUnregister                                                                   
200103f1  UARTEnable                                                                      
20010415  _c_int00_noargs                                                                 
20010439  GPIOIntStatus                                                                   
2001045b  SPIReset                                                                        
2001047d  SPIWordCountSet                                                                 
2001049f  GPIOPinWrite                                                                    
200104c1  IntRegister                                                                     
200104e1  NwpPrePowerOffTimout0                                                           
20010501  SPIDataGet                                                                      
20010521  TimerGetCurrentTimestamp                                                        
20010541  _SlDrvObjUnLock                                                                 
20010561  _SlDrvSyncObjSignal                                                             
20010581  GPIOIntRegister                                                                 
2001059f  SPIDataPut                                                                      
200105bd  TimerDisable                                                                    
200105db  TimerEnable                                                                     
200105f9  UARTCharPut                                                                     
20010635  SysTickIntRegister                                                              
20010651  TimerValueGet                                                                   
2001066d  UARTCharGetNonBlocking                                                          
20010689  _SlDrvStartMeasureTimeout                                                       
200106a5  __TI_zero_init_nomemset                                                         
200106dd  memccpy                                                                         
200106f9  uDMAChannelEnable                                                               
20010715  GPIOIntEnable                                                                   
2001072f  PinTypeSPI                                                                      
20010749  PinTypeTimer                                                                    
20010763  PinTypeUART                                                                     
2001077d  SPIDmaDisable                                                                   
20010797  SPIDmaEnable                                                                    
200107b1  SPIFIFODisable                                                                  
200107cb  SPIFIFOEnable                                                                   
200107e5  SPIIntUnregister                                                                
200107ff  GPIOPinRead                                                                     
20010817  SPICSDisable                                                                    
2001082f  SPICSEnable                                                                     
20010847  SPIDisable                                                                      
2001085f  SPIEnable                                                                       
20010879  SysTickPeriodSet                                                                
20010891  UARTCharsAvail                                                                  
200108a9  _SlNonOsSemSet                                                                  
20010909  __aeabi_lmul                                                                    
20010921  PRCMHIBRegRead                                                                  
20010937  PRCMHIBRegWrite                                                                 
2001094d  UARTCharGet                                                                     
20010963  _SlDrvMemZero                                                                   
20010979  strchr                                                                          
2001098f  CPUcpsie                                                                        
200109a3  GPIOIntClear                                                                    
200109b9  IntVTableBaseSet                                                                
200109cd  strcpy                                                                          
200109e1  strlen                                                                          
200109f5  wcslen                                                                          
20010a09  SysTickEnable                                                                   
20010a19  SysTickIntEnable                                                                
20010a29  _SlDrvDispatchHttpServerEvents                                                  
20010a39  _SlDrvResetCmdExt                                                               
20010a47  __TI_decompress_none                                                            
20010a55  ResetISR                                                                        
20010a65  NwpMaskInterrupt                                                                
20010a71  NwpUnMaskInterrupt                                                              
20010a7d  SysTickValueGet                                                                 
20010a89  copysign                                                                        
20010a89  copysignl                                                                       
20010a95  IntMasterEnable                                                                 
20010aa9  __aeabi_errno_addr                                                              
20010ab1  malloc                                                                          
20010ab9  UtilsDelay                                                                      
20010abf  _system_pre_init                                                                
20010ac3  C$$EXIT                                                                         
20010ac3  abort                                                                           
20010fc3  _ctypes_                                                                        
20011340  OpcodeTranslateTable                                                            
2001137c  _SlActionLookupTable                                                            
200116a2  _SlNetAppSendTokenValueCmdCtrl                                                  
200116ec  SHT$$INIT_ARRAY$$Base                                                           
200116f0  SHT$$INIT_ARRAY$$Limit                                                          
200116f0  __TI_static_base__                                                              
2001179c  __TI_Handler_Table_Base                                                         
200117a8  __TI_Handler_Table_Limit                                                        
200117b0  __TI_CINIT_Base                                                                 
200117c0  __TI_CINIT_Limit                                                                
20017000  __start___llvm_prf_cnts                                                         
20017000  __stop___llvm_prf_cnts                                                          
20017000  _sys_memory                                                                     
2001f168  g_ucDinDout                                                                     
2001f1b8  finger                                                                          
2001f1f0  g_time                                                                          
2001f21c  g_ucConnectionSSID                                                              
2001f240  g_app_config                                                                    
2001f248  g_ucConnectionBSSID                                                             
2001f254  g_Host                                                                          
2001f258  g_port                                                                          
2001f25c  RxIrqCnt                                                                        
2001f25d  g_bDeviceRestartIsRequired                                                      
2001f25e  g_cDummy                                                                        
2001f25f  g_ucLED1Pin                                                                     
2001f260  g_ucLED2Pin                                                                     
2001f261  g_ucLED3Pin                                                                     
2001f262  id                                                                              
2001f268  systick_expired                                                                 
2001f270  ulsystick_delta_us                                                              
2001f278  bitsequence                                                                     
2001f27c  start                                                                           
2001f27d  readyToPrint                                                                    
2001f280  bitCount                                                                        
2001f284  alarmState                                                                      
2001f288  inputMode                                                                       
2001f28c  fpMode                                                                          
2001f290  print                                                                           
2001f291  motion                                                                          
2001f294  inputIndex                                                                      
2001f298  x_pos                                                                           
2001f29c  y_pos                                                                           
2001f2a0  lRetVal                                                                         
2001f2a4  passwordAttempts                                                                
2001f2a8  incorrect                                                                       
2001f2a9  success                                                                         
2001f2ac  fpSuccess                                                                       
2001f2b0  confirm                                                                         
2001f2b1  idStage                                                                         
2001f2b4  motionGrace                                                                     
2001f2b8  movementTime                                                                    
2001f2c0  g__SlNonOsCB                                                                    
2001f2fc  codes                                                                           
2001f32c  cursor_x                                                                        
2001f330  cursor_y                                                                        
2001f334  textsize                                                                        
2001f338  textcolor                                                                       
2001f33c  textbgcolor                                                                     
2001f340  wrap                                                                            
2001f358  g_SlDeviceStatus                                                                
2001f35c  g_pCB                                                                           
2001f360  pPingCallBackFunc                                                               
2001f365  buttons                                                                         
2001f374  g_uiLED1Port                                                                    
2001f378  g_uiLED2Port                                                                    
2001f37c  g_uiLED3Port                                                                    
2001f380  g_ulStatus                                                                      
2001f384  g_ulPingPacketsRecv                                                             
2001f388  g_ulGatewayIP                                                                   
2001f38c  g_SpiFd                                                                         
2001f390  g_pHostIntHdl                                                                   
2001f394  g_ucDMAEnabled                                                                  
2001f398  _lock                                                                           
2001f39c  _unlock                                                                         
2001f3a8  attempt                                                                         
2001f3b0  password                                                                        
2001f3b8  inputBuffer                                                                     
2001f3c0  errno                                                                           
2002f000  __stack                                                                         
20030000  __STACK_END                                                                     
ffffffff  __TI_pprof_out_hndl                                                             
ffffffff  __TI_prof_data_size                                                             
ffffffff  __TI_prof_data_start                                                            
ffffffff  __binit__                                                                       
ffffffff  __c_args__                                                                      
ffffffff  binit                                                                           
UNDEFED   __mpu_init                                                                      
UNDEFED   _system_post_cinit                                                              

[422 symbols]
