******************************************************************************
                  TI ARM Linker PC v20.2.7                     
******************************************************************************
>> Linked Mon Jun  2 00:38:06 2025

OUTPUT FILE NAME:   <aws-rest-api-ssl-demo.out>
ENTRY POINT SYMBOL: "_c_int00_noargs"  address: 2000eac1


MEMORY CONFIGURATION

         name            origin    length      used     unused   attr    fill
----------------------  --------  ---------  --------  --------  ----  --------
  SRAM_CODE             20004000   00013000  0000bd92  0000726e  RW X
  SRAM_DATA             20017000   00019000  0000936e  0000fc92  RW X


SEGMENT ALLOCATION MAP

run origin  load origin   length   init length attrs members
----------  ----------- ---------- ----------- ----- -------
20004000    20004000    0000bd98   0000bd98    r-x
  20004000    20004000    00000400   00000400    r-- .intvecs
  20004400    20004400    0000ad22   0000ad22    r-x .text
  2000f124    2000f124    00000ba8   00000ba8    r-- .const
  2000fcd0    2000fcd0    000000c8   000000c8    r-- .cinit
20017000    20017000    00008374   00000000    rw-
  20017000    20017000    00008000   00000000    rw- .sysmem
  2001f000    2001f000    0000022a   00000000    rw- .bss
  2001f230    2001f230    00000144   00000000    rw- .data
2002f000    2002f000    00001000   00000000    rw-
  2002f000    2002f000    00001000   00000000    rw- .stack


SECTION ALLOCATION MAP

 output                                  attributes/
section   page    origin      length       input sections
--------  ----  ----------  ----------   ----------------
.intvecs   0    20004000    00000400     
                  20004000    00000400     startup_ccs.obj (.intvecs)

.init_array 
*          0    20004000    00000000     UNINITIALIZED

.text      0    20004400    0000ad22     
                  20004400    000015bc     main.obj (.text)
                  200059bc    00000ed4     network_utils.obj (.text)
                  20006890    00000a80     Adafruit_GFX.obj (.text)
                  20007310    00000a4e     rtsv7M4_T_le_eabi.lib : _printfi.c.obj (.text:__TI_printfi)
                  20007d5e    00000002     driverlib.a : interrupt.obj (.text:IntDefaultHandler)
                  20007d60    00000590     simplelink.a : driver.obj (.text:_SlDrvMsgRead)
                  200082f0    000004a2     Adafruit_OLED.obj (.text)
                  20008792    00000002     rtsv7M4_T_le_eabi.lib : _lock.c.obj (.text:_nop)
                  20008794    00000398     gpio_if.obj (.text)
                  20008b2c    00000280     simplelink.a : wlan.obj (.text:sl_WlanConnect)
                  20008dac    0000027c     uart_if.obj (.text)
                  20009028    00000268     rtsv7M4_T_le_eabi.lib : _printfi.c.obj (.text:_pconv_a)
                  20009290    00000248     simplelink.a : driver.obj (.text:_SlDrvRxHdrRead)
                  200094d8    000001e4                  : driver.obj (.text:_SlDrvDataReadOp)
                  200096bc    000001d0                  : driver.obj (.text:_SlDrvReleasePoolObj)
                  2000988c    000001cc     rtsv7M4_T_le_eabi.lib : _printfi.c.obj (.text:_pconv_g)
                  20009a58    000001b6                           : fd_add_t2.asm.obj (.text)
                  20009c0e    00000002                           : div0.asm.obj (.text)
                  20009c10    000001b4     simplelink.a : driver.obj (.text:_SlDrvDriverCBInit)
                  20009dc4    0000019c                  : driver.obj (.text:_SlDrvMsgWrite)
                  20009f60    00000190                  : driver.obj (.text:_SlDrvWaitForPoolObj)
                  2000a0f0    0000018c                  : socket.obj (.text:sl_Connect)
                  2000a27c    00000178     driverlib.a : prcm.obj (.text:PRCMCC3200MCUInit)
                  2000a3f4    00000170     simplelink.a : driver.obj (.text:_SlFindAndSetActiveObj)
                  2000a564    00000150                  : driver.obj (.text:_SlDrvDataWriteOp)
                  2000a6b4    00000148                  : cc_pal.obj (.text:spi_Open)
                  2000a7fc    00000144                  : driver.obj (.text:_SlDrvMsgReadCmdCtx)
                  2000a940    00000144                  : netapp.obj (.text:sl_NetAppDnsGetHostByName)
                  2000aa84    0000013c     rtsv7M4_T_le_eabi.lib : _printfi.c.obj (.text:_pconv_e)
                  2000abc0    00000136                           : fd_div_t2.asm.obj (.text)
                  2000acf6    00000002     --HOLE-- [fill = 0]
                  2000acf8    00000134     simplelink.a : socket.obj (.text:sl_Send)
                  2000ae2c    00000130                  : driver.obj (.text:_SlDrvDriverCBDeinit)
                  2000af5c    00000120     rtsv7M4_T_le_eabi.lib : _printfi.c.obj (.text:fcvt)
                  2000b07c    00000104     simplelink.a : netapp.obj (.text:_SlDrvNetAppEventHandler)
                  2000b180    00000100     rtsv7M4_T_le_eabi.lib : memory.c.obj (.text:aligned_alloc)
                  2000b280    000000fc                           : fd_mul_t2.asm.obj (.text)
                  2000b37c    000000f4     pinmux.obj (.text)
                  2000b470    000000f0     simplelink.a : device.obj (.text:sl_Stop)
                  2000b560    000000f0                  : cc_pal.obj (.text:spi_Read)
                  2000b650    000000f0     driverlib.a : udma.obj (.text:uDMAChannelTransferSet)
                  2000b740    000000ec     simplelink.a : device.obj (.text:sl_Start)
                  2000b82c    000000e8                  : driver.obj (.text:_SlAsyncEventGenericHandler)
                  2000b914    000000e8                  : driver.obj (.text:_SlDrvMsgReadSpawnCtx)
                  2000b9fc    000000e4     rtsv7M4_T_le_eabi.lib : memory.c.obj (.text:free)
                  2000bae0    000000e4                           : memory.c.obj (.text:realloc)
                  2000bbc4    000000e4     simplelink.a : netapp.obj (.text:sl_NetAppMDNSRegisterUnregisterService)
                  2000bca8    000000dc                  : driver.obj (.text:_SlDrvClassifyRxMsg)
                  2000bd84    000000d0     rtsv7M4_T_le_eabi.lib : s_scalbn.c.obj (.text:scalbn)
                  2000be54    000000cc     simplelink.a : netapp.obj (.text:_sl_HandleAsync_DnsGetHostByService)
                  2000bf20    000000cc                  : device.obj (.text:sl_DevGet)
                  2000bfec    000000c4                  : driver.obj (.text:_SlRemoveFromList)
                  2000c0b0    000000c0                  : driver.obj (.text:_SlDrvCmdOp)
                  2000c170    000000b1     rtsv7M4_T_le_eabi.lib : _printfi.c.obj (.text:_ltostr)
                  2000c221    00000003     --HOLE-- [fill = 0]
                  2000c224    000000b0     simplelink.a : nonos.obj (.text:_SlNonOsSemGet)
                  2000c2d4    000000a8     driverlib.a : interrupt.obj (.text:IntDisable)
                  2000c37c    000000a8                 : interrupt.obj (.text:IntEnable)
                  2000c424    000000a4     simplelink.a : driver.obj (.text:_SlDriverHandleError)
                  2000c4c8    000000a0     driverlib.a : spi.obj (.text:SPIConfigSetExpClk)
                  2000c568    000000a0     simplelink.a : socket.obj (.text:sl_Recv)
                  2000c608    0000009c     rtsv7M4_T_le_eabi.lib : memcpy_t2.asm.obj (.text)
                  2000c6a4    0000009a     simplelink.a : device.obj (.text:_SlDrvDeviceEventHandler)
                  2000c73e    00000002     --HOLE-- [fill = 0]
                  2000c740    00000098                  : device.obj (.text:sl_DevSet)
                  2000c7d8    00000098                  : netcfg.obj (.text:sl_NetCfgSet)
                  2000c870    00000098                  : socket.obj (.text:sl_SetSockOpt)
                  2000c908    00000098                  : wlan.obj (.text:sl_WlanSet)
                  2000c9a0    00000098                  : cc_pal.obj (.text:spi_Write)
                  2000ca38    00000096     rtsv7M4_T_le_eabi.lib : ull_div_t2.asm.obj (.text)
                  2000cace    00000002     --HOLE-- [fill = 0]
                  2000cad0    00000094     driverlib.a : prcm.obj (.text:PRCMPeripheralClockGet)
                  2000cb64    00000090     simplelink.a : netapp.obj (.text:_sl_HandleAsync_DnsGetHostByName)
                  2000cbf4    00000090                  : netapp.obj (.text:_sl_HandleAsync_PingResponse)
                  2000cc84    00000090                  : wlan.obj (.text:sl_WlanPolicySet)
                  2000cd14    0000008c                  : cc_pal.obj (.text:SetupDMAReceive)
                  2000cda0    0000008c                  : cc_pal.obj (.text:SetupDMASend)
                  2000ce2c    0000008c                  : driver.obj (.text:_SlDrvIsTimeoutExpired)
                  2000ceb8    0000008c                  : device.obj (.text:_sl_HandleAsync_InitComplete)
                  2000cf44    0000008c                  : socket.obj (.text:sl_Socket)
                  2000cfd0    00000088     driverlib.a : pin.obj (.text:PinConfigSet)
                  2000d058    00000086     rtsv7M4_T_le_eabi.lib : fd_cmp_t2.asm.obj (.text:__aeabi_cdcmple)
                  2000d0de    00000086                           : fd_cmp_t2.asm.obj (.text:__aeabi_cdrcmple)
                  2000d164    00000084     simplelink.a : wlan.obj (.text:sl_WlanRxFilterSet)
                  2000d1e8    00000082     driverlib.a : gpio.obj (.text:GPIOIntTypeSet)
                  2000d26a    00000002     --HOLE-- [fill = 0]
                  2000d26c    00000080     simplelink.a : socket.obj (.text:_sl_HandleAsync_Connect)
                  2000d2ec    00000080                  : cc_pal.obj (.text:spi_Read_CPU)
                  2000d36c    00000080                  : cc_pal.obj (.text:spi_Write_CPU)
                  2000d3ec    0000007a     rtsv7M4_T_le_eabi.lib : memset_t2.asm.obj (.text)
                  2000d466    00000002     --HOLE-- [fill = 0]
                  2000d468    00000078     simplelink.a : cc_pal.obj (.text:spi_Close)
                  2000d4e0    00000076     driverlib.a : uart.obj (.text:UARTConfigSetExpClk)
                  2000d556    00000002     --HOLE-- [fill = 0]
                  2000d558    00000074     simplelink.a : nonos.obj (.text:_SlNonOsMainLoopTask)
                  2000d5cc    00000070     rtsv7M4_T_le_eabi.lib : memory.c.obj (.text:split)
                  2000d63c    0000006e                           : _printfi.c.obj (.text:_mcpy)
                  2000d6aa    00000002     --HOLE-- [fill = 0]
                  2000d6ac    0000006c     simplelink.a : driver.obj (.text:_SlDrvCmdSend)
                  2000d718    0000006c                  : netapp.obj (.text:_sl_NetAppSendTokenValue)
                  2000d784    00000068     rtsv7M4_T_le_eabi.lib : copy_decompress_lzss.c.obj (.text:decompress:lzss:__TI_decompress_lzss)
                  2000d7ec    00000064     simplelink.a : nonos.obj (.text:_SlNonOsSpawn)
                  2000d850    00000064                  : socket.obj (.text:_sl_HandleAsync_Accept)
                  2000d8b4    00000064                  : netapp.obj (.text:sl_NetAppMDNSUnRegisterService)
                  2000d918    00000064     driverlib.a : udma.obj (.text:uDMAChannelAttributeDisable)
                  2000d97c    00000064                 : udma.obj (.text:uDMAChannelAttributeEnable)
                  2000d9e0    00000060     simplelink.a : socket.obj (.text:sl_Close)
                  2000da40    00000060                  : wlan.obj (.text:sl_WlanProfileDel)
                  2000daa0    00000060                  : wlan.obj (.text:sl_WlanSetMode)
                  2000db00    0000005c     rtsv7M4_T_le_eabi.lib : s_frexp.c.obj (.text:frexp)
                  2000db5c    00000058     driverlib.a : interrupt.obj (.text:IntPendClear)
                  2000dbb4    00000058                 : prcm.obj (.text:PRCMPeripheralReset)
                  2000dc0c    00000056     rtsv7M4_T_le_eabi.lib : _printfi.c.obj (.text:_pconv_f)
                  2000dc62    00000002     --HOLE-- [fill = 0]
                  2000dc64    00000054     driverlib.a : interrupt.obj (.text:IntPrioritySet)
                  2000dcb8    00000054     simplelink.a : driver.obj (.text:_SlDrvRxIrqHandler)
                  2000dd0c    00000054     rtsv7M4_T_le_eabi.lib : _ltoa.c.obj (.text:__TI_ltoa)
                  2000dd60    00000054     simplelink.a : socket.obj (.text:_sl_HandleAsync_Select)
                  2000ddb4    00000052     rtsv7M4_T_le_eabi.lib : _printfi.c.obj (.text:_ecpy)
                  2000de06    00000002     --HOLE-- [fill = 0]
                  2000de08    00000050     simplelink.a : device.obj (.text:_sl_HandleAsync_Stop)
                  2000de58    0000004c     driverlib.a : spi.obj (.text:SPIIntEnable)
                  2000dea4    0000004c                 : spi.obj (.text:SPIIntNumberGet)
                  2000def0    0000004c     simplelink.a : driver.obj (.text:_SlDrvProtectAsyncRespSetting)
                  2000df3c    0000004c                  : socket.obj (.text:_sl_BuildAddress)
                  2000df88    0000004c     rtsv7M4_T_le_eabi.lib : atoi.c.obj (.text:atoi)
                  2000dfd4    0000004c     driverlib.a : udma.obj (.text:uDMAChannelAssign)
                  2000e020    00000048                 : gpio.obj (.text:GPIOGetIntNumber)
                  2000e068    00000048                 : spi.obj (.text:SPIIntClear)
                  2000e0b0    00000048     simplelink.a : driver.obj (.text:_SlDrvBasicCmd)
                  2000e0f8    00000048     rtsv7M4_T_le_eabi.lib : fd_toi_t2.asm.obj (.text)
                  2000e140    00000044     driverlib.a : spi.obj (.text:SPIDmaMaskGet)
                  2000e184    00000044                 : timer.obj (.text:TimerConfigure)
                  2000e1c8    00000044     simplelink.a : driver.obj (.text:_SlDrvHandleHttpServerEvents)
                  2000e20c    00000044                  : driver.obj (.text:_SlDrvSyncObjWaitTimeout)
                  2000e250    00000044     rtsv7M4_T_le_eabi.lib : autoinit.c.obj (.text:__TI_auto_init_nobinit_nopinit:__TI_auto_init_nobinit_nopinit)
                  2000e294    00000044     simplelink.a : cc_pal.obj (.text:cc_SetupTransfer)
                  2000e2d8    00000042                  : socket.obj (.text:sl_Htonl)
                  2000e31a    00000002     --HOLE-- [fill = 0]
                  2000e31c    00000040     driverlib.a : pin.obj (.text:PinModeSet)
                  2000e35c    00000040     simplelink.a : driver.obj (.text:_SlDrvHandleNetAppEvents)
                  2000e39c    00000040                  : driver.obj (.text:_SlDrvHandleWlanEvents)
                  2000e3dc    00000040                  : socket.obj (.text:_sl_TruncatePayloadByProtocol)
                  2000e41c    00000040     rtsv7M4_T_le_eabi.lib : sprintf.c.obj (.text:sprintf)
                  2000e45c    00000040                           : vsnprintf.c.obj (.text:vsnprintf)
                  2000e49c    0000003e     simplelink.a : cc_pal.obj (.text:NwpRegisterInterruptHandler)
                  2000e4da    0000003e     rtsv7M4_T_le_eabi.lib : _printfi.c.obj (.text:_fcpy)
                  2000e518    0000003c     simplelink.a : netapp.obj (.text:CopyPingResultsToReport)
                  2000e554    0000003c     driverlib.a : prcm.obj (.text:PRCMPeripheralClkEnable)
                  2000e590    0000003c     simplelink.a : cc_pal.obj (.text:simplelink_timerA2_start)
                  2000e5cc    0000003c                  : socket.obj (.text:sl_Htons)
                  2000e608    0000003c     driverlib.a : udma.obj (.text:uDMAChannelControlSet)
                  2000e644    00000038     simplelink.a : cc_pal.obj (.text:NwpPowerOff)
                  2000e67c    00000038                  : wlan.obj (.text:sl_WlanDisconnect)
                  2000e6b4    00000036     driverlib.a : gpio.obj (.text:GPIODirModeSet)
                  2000e6ea    00000002     --HOLE-- [fill = 0]
                  2000e6ec    00000034                 : prcm.obj (.text:PRCMPeripheralStatusGet)
                  2000e720    00000034                 : spi.obj (.text:SPIFIFOLevelSet)
                  2000e754    00000030                 : pin.obj (.text:PinTypeGPIO)
                  2000e784    00000030                 : uart.obj (.text:UARTDisable)
                  2000e7b4    00000030     rtsv7M4_T_le_eabi.lib : vsnprintf.c.obj (.text:_outs)
                  2000e7e4    0000002e                           : i_tofd_t2.asm.obj (.text)
                  2000e812    00000002     --HOLE-- [fill = 0]
                  2000e814    0000002c     simplelink.a : cc_pal.obj (.text:NwpPowerOn)
                  2000e840    0000002c     driverlib.a : prcm.obj (.text:PRCMSysResetCauseGet)
                  2000e86c    0000002c     simplelink.a : driver.obj (.text:_SlDrvObjGlobalLockWaitForever)
                  2000e898    0000002c                  : driver.obj (.text:_SlDrvProtectionObjLockWaitForever)
                  2000e8c4    0000002a     driverlib.a : timer.obj (.text:TimerLoadSet)
                  2000e8ee    0000002a                 : timer.obj (.text:TimerPrescaleSet)
                  2000e918    00000028                 : prcm.obj (.text:PRCMPeripheralClkDisable)
                  2000e940    00000028     simplelink.a : driver.obj (.text:_SlDrvGlobalObjUnLock)
                  2000e968    00000028                  : driver.obj (.text:_SlDrvProtectionObjUnLock)
                  2000e990    00000028                  : driver.obj (.text:_SlDrvSyncObjWaitForever)
                  2000e9b8    00000028     rtsv7M4_T_le_eabi.lib : memory.c.obj (.text:free_list_insert)
                  2000e9e0    00000028                           : memmov.c.obj (.text:memmove)
                  2000ea08    00000026     simplelink.a : driver.obj (.text:_SlDrvObjLockWaitForever)
                  2000ea2e    00000026     network_common.obj (.text)
                  2000ea54    00000024     simplelink.a : cc_pal.obj (.text:DmaSpiSwIntHandler)
                  2000ea78    00000024     driverlib.a : interrupt.obj (.text:IntUnregister)
                  2000ea9c    00000024                 : uart.obj (.text:UARTEnable)
                  2000eac0    00000024     rtsv7M4_T_le_eabi.lib : boot_cortex_m.c.obj (.text:_c_int00_noargs:_c_int00_noargs)
                  2000eae4    00000022     driverlib.a : gpio.obj (.text:GPIOIntStatus)
                  2000eb06    00000022                 : spi.obj (.text:SPIReset)
                  2000eb28    00000022                 : spi.obj (.text:SPIWordCountSet)
                  2000eb4a    00000020                 : gpio.obj (.text:GPIOPinWrite)
                  2000eb6a    00000002     --HOLE-- [fill = 0]
                  2000eb6c    00000020                 : interrupt.obj (.text:IntRegister)
                  2000eb8c    00000020     simplelink.a : cc_pal.obj (.text:NwpPrePowerOffTimout0)
                  2000ebac    00000020     driverlib.a : spi.obj (.text:SPIDataGet)
                  2000ebcc    00000020     simplelink.a : cc_pal.obj (.text:TimerGetCurrentTimestamp)
                  2000ebec    00000020                  : driver.obj (.text:_SlDrvObjUnLock)
                  2000ec0c    00000020                  : driver.obj (.text:_SlDrvSyncObjSignal)
                  2000ec2c    0000001e     driverlib.a : gpio.obj (.text:GPIOIntRegister)
                  2000ec4a    0000001e                 : spi.obj (.text:SPIDataPut)
                  2000ec68    0000001e                 : timer.obj (.text:TimerEnable)
                  2000ec86    0000001e                 : uart.obj (.text:UARTCharPut)
                  2000eca4    0000001e     simplelink.a : cc_pal.obj (.text:cc_UDMAChannelSelect)
                  2000ecc2    00000002     --HOLE-- [fill = 0]
                  2000ecc4    0000001c     driverlib.a : systick.obj (.text:SysTickIntRegister)
                  2000ece0    0000001c                 : timer.obj (.text:TimerValueGet)
                  2000ecfc    0000001c                 : uart.obj (.text:UARTCharGetNonBlocking)
                  2000ed18    0000001c     simplelink.a : driver.obj (.text:_SlDrvStartMeasureTimeout)
                  2000ed34    0000001c     rtsv7M4_T_le_eabi.lib : copy_zero_init.c.obj (.text:decompress:ZI:__TI_zero_init_nomemset:__TI_zero_init_nomemset)
                  2000ed50    0000001c                           : memory.c.obj (.text:free_list_remove)
                  2000ed6c    0000001c                           : memccpy.c.obj (.text:memccpy)
                  2000ed88    0000001c     driverlib.a : udma.obj (.text:uDMAChannelEnable)
                  2000eda4    0000001a                 : gpio.obj (.text:GPIOIntEnable)
                  2000edbe    0000001a                 : pin.obj (.text:PinTypeSPI)
                  2000edd8    0000001a                 : pin.obj (.text:PinTypeUART)
                  2000edf2    0000001a                 : spi.obj (.text:SPIDmaDisable)
                  2000ee0c    0000001a                 : spi.obj (.text:SPIDmaEnable)
                  2000ee26    0000001a                 : spi.obj (.text:SPIFIFODisable)
                  2000ee40    0000001a                 : spi.obj (.text:SPIFIFOEnable)
                  2000ee5a    0000001a                 : spi.obj (.text:SPIIntUnregister)
                  2000ee74    00000018                 : gpio.obj (.text:GPIOPinRead)
                  2000ee8c    00000018                 : spi.obj (.text:SPICSDisable)
                  2000eea4    00000018                 : spi.obj (.text:SPICSEnable)
                  2000eebc    00000018                 : spi.obj (.text:SPIDisable)
                  2000eed4    00000018                 : spi.obj (.text:SPIEnable)
                  2000eeec    00000018                 : systick.obj (.text:SysTickPeriodSet)
                  2000ef04    00000018                 : uart.obj (.text:UARTCharsAvail)
                  2000ef1c    00000018     simplelink.a : nonos.obj (.text:_SlNonOsSemSet)
                  2000ef34    00000018     rtsv7M4_T_le_eabi.lib : vsnprintf.c.obj (.text:_outc)
                  2000ef4c    00000018                           : sprintf.c.obj (.text:_outs)
                  2000ef64    00000018     simplelink.a : device.obj (.text:_sl_GetStartResponseConvert)
                  2000ef7c    00000018     rtsv7M4_T_le_eabi.lib : ll_mul_t2.asm.obj (.text)
                  2000ef94    00000016     driverlib.a : prcm.obj (.text:PRCMHIBRegRead)
                  2000efaa    00000016                 : prcm.obj (.text:PRCMHIBRegWrite)
                  2000efc0    00000016     simplelink.a : driver.obj (.text:_SlDrvMemZero)
                  2000efd6    00000016     rtsv7M4_T_le_eabi.lib : strchr.c.obj (.text:strchr)
                  2000efec    00000014     driverlib.a : cpu.obj (.text:CPUcpsie)
                  2000f000    00000014                 : gpio.obj (.text:GPIOIntClear)
                  2000f014    00000014                 : interrupt.obj (.text:IntVTableBaseSet)
                  2000f028    00000014     rtsv7M4_T_le_eabi.lib : strcpy.c.obj (.text:strcpy)
                  2000f03c    00000014                           : strlen.c.obj (.text:strlen)
                  2000f050    00000012                           : wcslen.c.obj (.text:wcslen)
                  2000f062    00000002     --HOLE-- [fill = 0]
                  2000f064    00000010     driverlib.a : systick.obj (.text:SysTickEnable)
                  2000f074    00000010                 : systick.obj (.text:SysTickIntEnable)
                  2000f084    00000010     simplelink.a : driver.obj (.text:_SlDrvDispatchHttpServerEvents)
                  2000f094    0000000e                  : driver.obj (.text:_SlDrvResetCmdExt)
                  2000f0a2    0000000e     rtsv7M4_T_le_eabi.lib : copy_decompress_none.c.obj (.text:decompress:none:__TI_decompress_none)
                  2000f0b0    0000000e     startup_ccs.obj (.text)
                  2000f0be    00000002     --HOLE-- [fill = 0]
                  2000f0c0    0000000c     simplelink.a : cc_pal.obj (.text:NwpMaskInterrupt)
                  2000f0cc    0000000c                  : cc_pal.obj (.text:NwpUnMaskInterrupt)
                  2000f0d8    0000000c     driverlib.a : systick.obj (.text:SysTickValueGet)
                  2000f0e4    0000000c     rtsv7M4_T_le_eabi.lib : s_copysign.c.obj (.text:copysign)
                  2000f0f0    0000000a     driverlib.a : interrupt.obj (.text:IntMasterEnable)
                  2000f0fa    0000000a     rtsv7M4_T_le_eabi.lib : sprintf.c.obj (.text:_outc)
                  2000f104    00000008                           : errno.c.obj (.text:__aeabi_errno_addr)
                  2000f10c    00000008                           : memory.c.obj (.text:malloc)
                  2000f114    00000006     driverlib.a : utils.obj (.text:UtilsDelay)
                  2000f11a    00000004     rtsv7M4_T_le_eabi.lib : pre_init.c.obj (.text:_system_pre_init)
                  2000f11e    00000004                           : exit.c.obj (.text:abort:abort)

.const     0    2000f124    00000ba8     
                  2000f124    000004fb     Adafruit_GFX.obj (.const:.string:font)
                  2000f61f    00000101     rtsv7M4_T_le_eabi.lib : ctype.c.obj (.const:.string:_ctypes_)
                  2000f720    00000100     driverlib.a : pin.obj (.const:g_ulPinToPadMap)
                  2000f820    000000d4                 : interrupt.obj (.const:g_pulRegs)
                  2000f8f4    000000a8                 : prcm.obj (.const:PRCM_PeriphRegsList)
                  2000f99c    0000003c     simplelink.a : driver.obj (.const:OpcodeTranslateTable)
                  2000f9d8    00000038                  : driver.obj (.const:_SlActionLookupTable)
                  2000fa10    0000002c     network_utils.obj (.const:$P$T1$2)
                  2000fa3c    00000024     driverlib.a : spi.obj (.const:g_ppulSPIIntMap)
                  2000fa60    00000022     network_utils.obj (.const:.string:$P$T0$1)
                  2000fa82    00000002     --HOLE-- [fill = 0]
                  2000fa84    00000020     simplelink.a : driver.obj (.const:RxMsgClassLUT)
                  2000faa4    00000018     driverlib.a : interrupt.obj (.const:g_pulDisRegs)
                  2000fabc    00000018                 : interrupt.obj (.const:g_pulEnRegs)
                  2000fad4    00000018                 : interrupt.obj (.const:g_pulUnpendRegs)
                  2000faec    00000018                 : spi.obj (.const:g_ulSPIDmaMaskMap)
                  2000fb04    00000014     simplelink.a : driver.obj (.const:$P$T0$1)
                  2000fb18    00000014                  : nonos.obj (.const:$P$T0$1)
                  2000fb2c    00000014     network_utils.obj (.const:$P$T2$3)
                  2000fb40    00000013     main.obj (.const:.string:$P$T12$14)
                  2000fb53    00000012     main.obj (.const:.string:$P$T8$10)
                  2000fb65    00000011     main.obj (.const:.string:$P$T10$12)
                  2000fb76    00000010     simplelink.a : socket.obj (.const:.string:_SlPayloadByProtocolLUT)
                  2000fb86    0000000f     main.obj (.const:.string:$P$T20$22)
                  2000fb95    0000000e     main.obj (.const:.string:$P$T2$4)
                  2000fba3    0000000e     main.obj (.const:.string:$P$T21$23)
                  2000fbb1    0000000d     main.obj (.const:.string:$P$T4$6)
                  2000fbbe    00000002     --HOLE-- [fill = 0]
                  2000fbc0    0000000c     network_utils.obj (.const:$P$T4$5)
                  2000fbcc    0000000c     main.obj (.const:.string:$P$T15$17)
                  2000fbd8    0000000c     network_utils.obj (.const:.string:$P$T3$4)
                  2000fbe4    0000000c     main.obj (.const:.string:$P$T6$8)
                  2000fbf0    0000000b     main.obj (.const:.string:$P$T14$16)
                  2000fbfb    0000000a     main.obj (.const:.string:$P$T1$3)
                  2000fc05    0000000a     main.obj (.const:.string:$P$T13$15)
                  2000fc0f    00000009     main.obj (.const:.string:$P$T16$18)
                  2000fc18    00000009     main.obj (.const:.string:$P$T18$20)
                  2000fc21    00000009     main.obj (.const:.string:$P$T5$7)
                  2000fc2a    00000009     main.obj (.const:.string:$P$T7$9)
                  2000fc33    00000008     main.obj (.const:.string:$P$T0$2)
                  2000fc3b    00000008     main.obj (.const:.string:$P$T11$13)
                  2000fc43    00000008     main.obj (.const:.string:$P$T19$21)
                  2000fc4b    00000008     main.obj (.const:.string:$P$T3$5)
                  2000fc53    00000008     simplelink.a : device.obj (.const:StartResponseLUT)
                  2000fc5b    00000001     --HOLE-- [fill = 0]
                  2000fc5c    00000008                  : driver.obj (.const:g_H2NCnysPattern)
                  2000fc64    00000008                  : driver.obj (.const:g_H2NSyncPattern)
                  2000fc6c    00000007     main.obj (.const:.string:$P$T9$11)
                  2000fc73    00000005     main.obj (.const:.string:$P$T17$19)
                  2000fc78    00000004     simplelink.a : wlan.obj (.const:$P$T0$1)
                  2000fc7c    00000004                  : socket.obj (.const:$P$T2$3)
                  2000fc80    00000004                  : device.obj (.const:_SlDeviceGetCmdCtrl)
                  2000fc84    00000004                  : device.obj (.const:_SlDeviceSetCmdCtrl)
                  2000fc88    00000004                  : netapp.obj (.const:_SlGetHostByNameCtrl)
                  2000fc8c    00000004                  : netapp.obj (.const:_SlNetAppSendTokenValueCmdCtrl)
                  2000fc90    00000004                  : netcfg.obj (.const:_SlNetCfgSetCmdCtrl)
                  2000fc94    00000004                  : wlan.obj (.const:_SlPolicySetCmdCtrl)
                  2000fc98    00000004                  : wlan.obj (.const:_SlProfileDelCmdCtrl)
                  2000fc9c    00000004                  : socket.obj (.const:_SlRecvCmdCtrl)
                  2000fca0    00000004                  : netapp.obj (.const:_SlRegisterServiceCtrl)
                  2000fca4    00000004                  : wlan.obj (.const:_SlRxFilterSetCmdCtrl)
                  2000fca8    00000004                  : socket.obj (.const:_SlSendCmdCtrl)
                  2000fcac    00000004                  : socket.obj (.const:_SlSetSockOptCmdCtrl)
                  2000fcb0    00000004                  : socket.obj (.const:_SlSockCloseCmdCtrl)
                  2000fcb4    00000004                  : socket.obj (.const:_SlSockSocketCmdCtrl)
                  2000fcb8    00000004                  : device.obj (.const:_SlStopCmdCtrl)
                  2000fcbc    00000004                  : wlan.obj (.const:_SlWlanCfgSetCmdCtrl)
                  2000fcc0    00000004                  : wlan.obj (.const:_SlWlanSetModeCmdCtrl)
                  2000fcc4    00000004                  : driver.obj (.const:httpServer_callbacks)
                  2000fcc8    00000004                  : driver.obj (.const:netApp_callbacks)

.cinit     0    2000fcd0    000000c8     
                  2000fcd0    000000a1     (.cinit..data.load) [load image, compression = lzss]
                  2000fd71    00000003     --HOLE-- [fill = 0]
                  2000fd74    0000000c     (__TI_handler_table)
                  2000fd80    00000008     (.cinit..bss.load) [load image, compression = zero_init]
                  2000fd88    00000010     (__TI_cinit_table)

.sysmem    0    20017000    00008000     UNINITIALIZED
                  20017000    00000010     rtsv7M4_T_le_eabi.lib : memory.c.obj (.sysmem)
                  20017010    00007ff0     --HOLE--

.bss       0    2001f000    0000022a     UNINITIALIZED
                  2001f000    00000168     simplelink.a : driver.obj (.bss:g_StatMem)
                  2001f168    00000050     (.common:g_ucDinDout)
                  2001f1b8    0000002c     (.common:g_time)
                  2001f1e4    00000024     (.common:g_ucConnectionSSID)
                  2001f208    00000008     (.common:g_app_config)
                  2001f210    00000008     (.common:g_ucConnectionBSSID)
                  2001f218    00000004     uart_if.obj (.bss)
                  2001f21c    00000004     (.common:g_Host)
                  2001f220    00000004     (.common:g_port)
                  2001f224    00000001     (.common:RxIrqCnt)
                  2001f225    00000001     (.common:g_bDeviceRestartIsRequired)
                  2001f226    00000001     (.common:g_cDummy)
                  2001f227    00000001     (.common:g_ucLED1Pin)
                  2001f228    00000001     (.common:g_ucLED2Pin)
                  2001f229    00000001     (.common:g_ucLED3Pin)

.data      0    2001f230    00000144     UNINITIALIZED
                  2001f230    00000040     main.obj (.data)
                  2001f270    0000003c     simplelink.a : nonos.obj (.data:g__SlNonOsCB)
                  2001f2ac    00000030     main.obj (.data:codes)
                  2001f2dc    00000015     Adafruit_GFX.obj (.data)
                  2001f2f1    00000003     --HOLE--
                  2001f2f4    00000014     gpio_if.obj (.data:ulReg)
                  2001f308    0000000d     simplelink.a : driver.obj (.data)
                  2001f315    0000000c     main.obj (.data:buttons)
                  2001f321    00000003     --HOLE--
                  2001f324    0000000c     gpio_if.obj (.data)
                  2001f330    0000000c     network_utils.obj (.data)
                  2001f33c    00000009     simplelink.a : cc_pal.obj (.data)
                  2001f345    00000003     --HOLE--
                  2001f348    00000008     rtsv7M4_T_le_eabi.lib : _lock.c.obj (.data:$O1$$)
                  2001f350    00000008                           : memory.c.obj (.data:$O1$$)
                  2001f358    00000007     main.obj (.data:attempt)
                  2001f35f    00000007     main.obj (.data:password)
                  2001f366    00000006     main.obj (.data:inputBuffer)
                  2001f36c    00000004     rtsv7M4_T_le_eabi.lib : errno.c.obj (.data)
                  2001f370    00000004     simplelink.a : driver.obj (.data:wlan_callbacks)

.stack     0    2002f000    00001000     UNINITIALIZED
                  2002f000    00000004     rtsv7M4_T_le_eabi.lib : boot_cortex_m.c.obj (.stack)
                  2002f004    00000ffc     --HOLE--

__llvm_prf_cnts 
*          0    20017000    00000000     UNINITIALIZED

MODULE SUMMARY

       Module                       code    ro data   rw data
       ------                       ----    -------   -------
    .\
       main.obj                     5564    245       144    
       Adafruit_GFX.obj             2688    1275      21     
       Adafruit_OLED.obj            1186    0         0      
       startup_ccs.obj              14      1024      0      
       gpio_if.obj                  920     0         35     
       uart_if.obj                  636     0         4      
       pinmux.obj                   244     0         0      
       network_common.obj           38      0         0      
    +--+----------------------------+-------+---------+---------+
       Total:                       11290   2544      204    
                                                             
    .\utils\
       network_utils.obj            3796    122       116    
    +--+----------------------------+-------+---------+---------+
       Total:                       3796    122       116    
                                                             
    C:/ti/CC3200SDK_1.5.0/cc3200-sdk/driverlib/ccs/Release/driverlib.a
       prcm.obj                     852     168       0      
       spi.obj                      860     60        0      
       interrupt.obj                608     284       0      
       udma.obj                     604     0         0      
       pin.obj                      300     256       0      
       gpio.obj                     422     0         0      
       uart.obj                     284     0         0      
       timer.obj                    210     0         0      
       systick.obj                  96      0         0      
       cpu.obj                      20      0         0      
       utils.obj                    6       0         0      
    +--+----------------------------+-------+---------+---------+
       Total:                       4262    768       0      
                                                             
    C:/ti/CC3200SDK_1.5.0/cc3200-sdk/simplelink/ccs/NON_OS/simplelink.a
       driver.obj                   7906    192       379    
       cc_pal.obj                   1820    0         90     
       socket.obj                   1830    40        0      
       netapp.obj                   1572    12        0      
       wlan.obj                     1316    24        0      
       device.obj                   1230    20        0      
       nonos.obj                    416     20        60     
       netcfg.obj                   152     4         0      
    +--+----------------------------+-------+---------+---------+
       Total:                       16242   312       529    
                                                             
    C:\ti\ccs1250\ccs\tools\compiler\ti-cgt-arm_20.2.7.LTS\lib\rtsv7M4_T_le_eabi.lib
       _printfi.c.obj               4835    0         0      
       memory.c.obj                 900     0         8      
       fd_add_t2.asm.obj            438     0         0      
       fd_div_t2.asm.obj            310     0         0      
       fd_cmp_t2.asm.obj            268     0         0      
       ctype.c.obj                  0       257       0      
       fd_mul_t2.asm.obj            252     0         0      
       s_scalbn.c.obj               208     0         0      
       memcpy_t2.asm.obj            156     0         0      
       ull_div_t2.asm.obj           150     0         0      
       vsnprintf.c.obj              136     0         0      
       memset_t2.asm.obj            122     0         0      
       copy_decompress_lzss.c.obj   104     0         0      
       sprintf.c.obj                98      0         0      
       s_frexp.c.obj                92      0         0      
       _ltoa.c.obj                  84      0         0      
       atoi.c.obj                   76      0         0      
       fd_toi_t2.asm.obj            72      0         0      
       autoinit.c.obj               68      0         0      
       i_tofd_t2.asm.obj            46      0         0      
       memmov.c.obj                 40      0         0      
       boot_cortex_m.c.obj          36      0         0      
       copy_zero_init.c.obj         28      0         0      
       memccpy.c.obj                28      0         0      
       ll_mul_t2.asm.obj            24      0         0      
       strchr.c.obj                 22      0         0      
       strcpy.c.obj                 20      0         0      
       strlen.c.obj                 20      0         0      
       wcslen.c.obj                 18      0         0      
       copy_decompress_none.c.obj   14      0         0      
       errno.c.obj                  8       0         4      
       s_copysign.c.obj             12      0         0      
       _lock.c.obj                  2       0         8      
       exit.c.obj                   4       0         0      
       pre_init.c.obj               4       0         0      
       div0.asm.obj                 2       0         0      
    +--+----------------------------+-------+---------+---------+
       Total:                       8697    257       20     
                                                             
       Heap:                        0       0         32768  
       Stack:                       0       0         4096   
       Linker Generated:            0       197       0      
    +--+----------------------------+-------+---------+---------+
       Grand Total:                 44287   4200      37733  


LINKER GENERATED COPY TABLES

__TI_cinit_table @ 2000fd88 records: 2, size/record: 8, table size: 16
	.data: load addr=2000fcd0, load size=000000a1 bytes, run addr=2001f230, run size=00000144 bytes, compression=lzss
	.bss: load addr=2000fd80, load size=00000008 bytes, run addr=2001f000, run size=0000022a bytes, compression=zero_init


LINKER GENERATED HANDLER TABLE

__TI_handler_table @ 2000fd74 records: 3, size/record: 4, table size: 12
	index: 0, handler: __TI_decompress_lzss
	index: 1, handler: __TI_decompress_none
	index: 2, handler: __TI_zero_init


GLOBAL SYMBOLS: SORTED ALPHABETICALLY BY Name 

address   name                                  
-------   ----                                  
20008379  Adafruit_Init                         
2000f11f  C$$EXIT                               
2000efed  CPUcpsie                              
20008ded  ClearTerm                             
200084ef  Color565                              
2000ea55  DmaSpiSwIntHandler                    
20008df7  Error                                 
2000e6b5  GPIODirModeSet                        
2000f001  GPIOIntClear                          
2000eda5  GPIOIntEnable                         
2000ec2d  GPIOIntRegister                       
2000eae5  GPIOIntStatus                         
2000d1e9  GPIOIntTypeSet                        
2000ee75  GPIOPinRead                           
2000eb4b  GPIOPinWrite                          
20008a55  GPIO_IF_ConfigureNIntEnable           
20008ae1  GPIO_IF_Get                           
20008a0f  GPIO_IF_GetPortNPin                   
200087d1  GPIO_IF_LedConfigure                  
200088c3  GPIO_IF_LedOff                        
2000880f  GPIO_IF_LedOn                         
20008977  GPIO_IF_LedStatus                     
200089e1  GPIO_IF_LedToggle                     
20008a9d  GPIO_IF_Set                           
20008e2f  GetCmd                                
20008dad  InitTerm                              
2000c2d5  IntDisable                            
2000c37d  IntEnable                             
2000f0f1  IntMasterEnable                       
2000db5d  IntPendClear                          
2000dc65  IntPrioritySet                        
2000eb6d  IntRegister                           
2000ea79  IntUnregister                         
2000f015  IntVTableBaseSet                      
20008dcb  Message                               
2000f0c1  NwpMaskInterrupt                      
2000e645  NwpPowerOff                           
2000e815  NwpPowerOn                            
2000eb8d  NwpPrePowerOffTimout0                 
2000e49d  NwpRegisterInterruptHandler           
2000f0cd  NwpUnMaskInterrupt                    
2000f99c  OpcodeTranslateTable                  
2000723b  Outstr                                
2000a27d  PRCMCC3200MCUInit                     
2000ef95  PRCMHIBRegRead                        
2000efab  PRCMHIBRegWrite                       
2000e919  PRCMPeripheralClkDisable              
2000e555  PRCMPeripheralClkEnable               
2000cad1  PRCMPeripheralClockGet                
2000dbb5  PRCMPeripheralReset                   
2000e6ed  PRCMPeripheralStatusGet               
2000e841  PRCMSysResetCauseGet                  
2000cfd1  PinConfigSet                          
2000e31d  PinModeSet                            
2000b37d  PinMuxConfig                          
2000e755  PinTypeGPIO                           
2000edbf  PinTypeSPI                            
2000edd9  PinTypeUART                           
20008f6d  Report                                
2000f0b1  ResetISR                              
2001f224  RxIrqCnt                              
2000ee8d  SPICSDisable                          
2000eea5  SPICSEnable                           
2000c4c9  SPIConfigSetExpClk                    
2000ebad  SPIDataGet                            
2000ec4b  SPIDataPut                            
2000eebd  SPIDisable                            
2000edf3  SPIDmaDisable                         
2000ee0d  SPIDmaEnable                          
2000eed5  SPIEnable                             
2000ee27  SPIFIFODisable                        
2000ee41  SPIFIFOEnable                         
2000e721  SPIFIFOLevelSet                       
20004633  SPIInit                               
2000e069  SPIIntClear                           
2000de59  SPIIntEnable                          
2000ee5b  SPIIntUnregister                      
2000eb07  SPIReset                              
2000eb29  SPIWordCountSet                       
20005b91  SimpleLinkGeneralEventHandler         
20005b6d  SimpleLinkHttpServerCallback          
20005acb  SimpleLinkNetAppEventHandler          
20005bb1  SimpleLinkSockEventHandler            
200059bd  SimpleLinkWlanEventHandler            
2000f065  SysTickEnable                         
2000f075  SysTickIntEnable                      
2000ecc5  SysTickIntRegister                    
2000eeed  SysTickPeriodSet                      
2000f0d9  SysTickValueGet                       
2000e185  TimerConfigure                        
2000ec69  TimerEnable                           
2000ebcd  TimerGetCurrentTimestamp              
2000e8c5  TimerLoadSet                          
2000e8ef  TimerPrescaleSet                      
2000ece1  TimerValueGet                         
20008ed5  TrimSpace                             
2000ecfd  UARTCharGetNonBlocking                
2000ec87  UARTCharPut                           
2000ef05  UARTCharsAvail                        
2000d4e1  UARTConfigSetExpClk                   
2000e785  UARTDisable                           
2000ea9d  UARTEnable                            
2000f115  UtilsDelay                            
2000f9d8  _SlActionLookupTable                  
2000c425  _SlDriverHandleError                  
2000e0b1  _SlDrvBasicCmd                        
2000c0b1  _SlDrvCmdOp                           
2000d6ad  _SlDrvCmdSend                         
200094d9  _SlDrvDataReadOp                      
2000a565  _SlDrvDataWriteOp                     
2000c6a5  _SlDrvDeviceEventHandler              
2000f085  _SlDrvDispatchHttpServerEvents        
2000ae2d  _SlDrvDriverCBDeinit                  
20009c11  _SlDrvDriverCBInit                    
2000e941  _SlDrvGlobalObjUnLock                 
2000e1c9  _SlDrvHandleHttpServerEvents          
2000e35d  _SlDrvHandleNetAppEvents              
2000e39d  _SlDrvHandleWlanEvents                
2000ce2d  _SlDrvIsTimeoutExpired                
2000efc1  _SlDrvMemZero                         
2000b915  _SlDrvMsgReadSpawnCtx                 
2000b07d  _SlDrvNetAppEventHandler              
2000ea09  _SlDrvObjLockWaitForever              
2000ebed  _SlDrvObjUnLock                       
2000def1  _SlDrvProtectAsyncRespSetting         
2000e899  _SlDrvProtectionObjLockWaitForever    
2000e969  _SlDrvProtectionObjUnLock             
200096bd  _SlDrvReleasePoolObj                  
2000f095  _SlDrvResetCmdExt                     
2000dcb9  _SlDrvRxIrqHandler                    
2000ed19  _SlDrvStartMeasureTimeout             
2000ec0d  _SlDrvSyncObjSignal                   
2000e991  _SlDrvSyncObjWaitForever              
2000e20d  _SlDrvSyncObjWaitTimeout              
20009f61  _SlDrvWaitForPoolObj                  
2000fc8c  _SlNetAppSendTokenValueCmdCtrl        
2000d559  _SlNonOsMainLoopTask                  
2000c225  _SlNonOsSemGet                        
2000ef1d  _SlNonOsSemSet                        
2000d7ed  _SlNonOsSpawn                         
20030000  __STACK_END                           
00001000  __STACK_SIZE                          
00008000  __SYSMEM_SIZE                         
2000fd88  __TI_CINIT_Base                       
2000fd98  __TI_CINIT_Limit                      
2000fd74  __TI_Handler_Table_Base               
2000fd80  __TI_Handler_Table_Limit              
2000e251  __TI_auto_init_nobinit_nopinit        
2000d785  __TI_decompress_lzss                  
2000f0a3  __TI_decompress_none                  
2000dd0d  __TI_ltoa                             
ffffffff  __TI_pprof_out_hndl                   
20007311  __TI_printfi                          
ffffffff  __TI_prof_data_size                   
ffffffff  __TI_prof_data_start                  
2000fcd0  __TI_static_base__                    
2000ed35  __TI_zero_init_nomemset               
2000d059  __aeabi_cdcmpeq                       
2000d059  __aeabi_cdcmple                       
2000d0df  __aeabi_cdrcmple                      
2000e0f9  __aeabi_d2iz                          
20009a63  __aeabi_dadd                          
2000abc1  __aeabi_ddiv                          
2000b281  __aeabi_dmul                          
20009a59  __aeabi_dsub                          
2000f105  __aeabi_errno_addr                    
2000e7e5  __aeabi_i2d                           
20009c0f  __aeabi_idiv0                         
20009c0f  __aeabi_ldiv0                         
2000ef7d  __aeabi_lmul                          
2000d3ed  __aeabi_memclr                        
2000d3ed  __aeabi_memclr4                       
2000d3ed  __aeabi_memclr8                       
2000c609  __aeabi_memcpy                        
2000c609  __aeabi_memcpy4                       
2000c609  __aeabi_memcpy8                       
2000d3ef  __aeabi_memset                        
2000d3ef  __aeabi_memset4                       
2000d3ef  __aeabi_memset8                       
2000ca39  __aeabi_uldivmod                      
ffffffff  __binit__                             
ffffffff  __c_args__                            
UNDEFED   __mpu_init                            
2002f000  __stack                               
20017000  __start___llvm_prf_cnts               
20017000  __stop___llvm_prf_cnts                
2000eac1  _c_int00_noargs                       
2000f61f  _ctypes_                              
2001f348  _lock                                 
20008793  _nop                                  
2000d851  _sl_HandleAsync_Accept                
2000d26d  _sl_HandleAsync_Connect               
2000cb65  _sl_HandleAsync_DnsGetHostByName      
2000be55  _sl_HandleAsync_DnsGetHostByService   
2000ceb9  _sl_HandleAsync_InitComplete          
2000cbf5  _sl_HandleAsync_PingResponse          
2000dd61  _sl_HandleAsync_Select                
2000de09  _sl_HandleAsync_Stop                  
2000d719  _sl_NetAppSendTokenValue              
20017000  _sys_memory                           
UNDEFED   _system_post_cinit                    
2000f11b  _system_pre_init                      
2001f34c  _unlock                               
2000f11f  abort                                 
200046dd  addCharToInput                        
2001f24c  alarmState                            
2000b181  aligned_alloc                         
2000df89  atoi                                  
2001f358  attempt                               
ffffffff  binit                                 
2001f248  bitCount                              
2001f240  bitsequence                           
2001f315  buttons                               
2001f2ac  codes                                 
2001f26e  confirm                               
20006569  connectToAccessPoint                  
2000f0e5  copysign                              
2000f0e5  copysignl                             
2001f2dc  cursor_x                              
2001f2e0  cursor_y                              
2000472d  deleteLastChar                        
20004665  displayChar                           
200070ef  drawChar                              
20006891  drawCircle                            
200069c5  drawCircleHelper                      
20004f3d  drawConfirm                           
2000869d  drawFastHLine                         
20008601  drawFastVLine                         
20006c0b  drawLine                              
20004f8d  drawNewPass                           
20008739  drawPixel                             
20006cf7  drawRect                              
20006d45  drawRoundRect                         
20006ead  drawTriangle                          
2001f36c  errno                                 
20006ae3  fillCircle                            
20006b1d  fillCircleHelper                      
20008547  fillRect                              
20006e33  fillRoundRect                         
20008531  fillScreen                            
20006eef  fillTriangle                          
2000b9fd  free                                  
2000db01  frexp                                 
2000db01  frexpl                                
2001f21c  g_Host                                
2001f308  g_SlDeviceStatus                      
2001f33c  g_SpiFd                               
2001f270  g__SlNonOsCB                          
2001f208  g_app_config                          
2001f225  g_bDeviceRestartIsRequired            
2001f226  g_cDummy                              
2001f30c  g_pCB                                 
2001f340  g_pHostIntHdl                         
20004000  g_pfnVectors                          
2001f220  g_port                                
2001f1b8  g_time                                
2001f210  g_ucConnectionBSSID                   
2001f1e4  g_ucConnectionSSID                    
2001f344  g_ucDMAEnabled                        
2001f168  g_ucDinDout                           
2001f227  g_ucLED1Pin                           
2001f228  g_ucLED2Pin                           
2001f229  g_ucLED3Pin                           
2001f324  g_uiLED1Port                          
2001f328  g_uiLED2Port                          
2001f32c  g_uiLED3Port                          
2001f338  g_ulGatewayIP                         
2001f334  g_ulPingPacketsRecv                   
2001f330  g_ulStatus                            
200084ab  goTo                                  
200072ef  height                                
2001f26c  incorrect                             
200047cd  incorrectMessage                      
2001f366  inputBuffer                           
2001f258  inputIndex                            
2001f250  inputMode                             
20008777  invert                                
2001f264  lRetVal                               
2000bd85  ldexp                                 
2000bd85  ldexpl                                
2000508d  main                                  
2000f10d  malloc                                
2000b181  memalign                              
2000ed6d  memccpy                               
2000c609  memcpy                                
2000e9e1  memmove                               
2000d3f5  memset                                
2000498d  mismatchMessage                       
2001f310  pPingCallBackFunc                     
2001f35f  password                              
2001f268  passwordAttempts                      
2001f254  print                                 
20004cb9  printAlarmOffScreen                   
20004e2d  printAlarmOnScreen                    
20004ed9  printAlarmTriggeredScreen             
20004d81  printEnableOptions                    
20004a4d  processButton                         
2001f245  readyToPrint                          
2000bae1  realloc                               
200045ab  resetBottom                           
2000bd85  scalbn                                
2000bd85  scalbnl                               
20007287  setCursor                             
200072bf  setTextColor                          
2000729f  setTextSize                           
200072d7  setTextWrap                           
2000e591  simplelink_timerA2_start              
20004939  sixDigits                             
2000d9e1  sl_Close                              
2000a0f1  sl_Connect                            
2000bf21  sl_DevGet                             
2000c741  sl_DevSet                             
2000e2d9  sl_Htonl                              
2000e5cd  sl_Htons                              
2000a941  sl_NetAppDnsGetHostByName             
2000bbc5  sl_NetAppMDNSRegisterUnregisterService
2000d8b5  sl_NetAppMDNSUnRegisterService        
2000c7d9  sl_NetCfgSet                          
2000ea2f  sl_Provisioning_HttpServerEventHdl    
2000ea3d  sl_Provisioning_NetAppEventHdl        
2000ea49  sl_Provisioning_WlanEventHdl          
2000c569  sl_Recv                               
2000acf9  sl_Send                               
2000c871  sl_SetSockOpt                         
2000cf45  sl_Socket                             
2000b741  sl_Start                              
2000b471  sl_Stop                               
20008b2d  sl_WlanConnect                        
2000e67d  sl_WlanDisconnect                     
2000cc85  sl_WlanPolicySet                      
2000da41  sl_WlanProfileDel                     
2000d165  sl_WlanRxFilterSet                    
2000c909  sl_WlanSet                            
2000daa1  sl_WlanSetMode                        
2000d469  spi_Close                             
2000a6b5  spi_Open                              
2000b561  spi_Read                              
2000c9a1  spi_Write                             
2000e41d  sprintf                               
2001f244  start                                 
2000efd7  strchr                                
200048d9  strcomp                               
2000f029  strcpy                                
2000f03d  strlen                                
2001f26d  success                               
20004889  successMessage                        
2001f230  systick_expired                       
2001f2ec  textbgcolor                           
2001f2e8  textcolor                             
2001f2e4  textsize                              
20006389  tls_connect                           
2000dfd5  uDMAChannelAssign                     
2000d919  uDMAChannelAttributeDisable           
2000d97d  uDMAChannelAttributeEnable            
2000e609  uDMAChannelControlSet                 
2000ed89  uDMAChannelEnable                     
2000b651  uDMAChannelTransferSet                
2001f238  ulsystick_delta_us                    
2000e45d  vsnprintf                             
2000f051  wcslen                                
200072eb  width                                 
2001f2f0  wrap                                  
200082f1  writeCommand                          
20008335  writeData                             
2001f25c  x_pos                                 
2001f260  y_pos                                 


GLOBAL SYMBOLS: SORTED BY Symbol Address 

address   name                                  
-------   ----                                  
00001000  __STACK_SIZE                          
00008000  __SYSMEM_SIZE                         
20004000  g_pfnVectors                          
200045ab  resetBottom                           
20004633  SPIInit                               
20004665  displayChar                           
200046dd  addCharToInput                        
2000472d  deleteLastChar                        
200047cd  incorrectMessage                      
20004889  successMessage                        
200048d9  strcomp                               
20004939  sixDigits                             
2000498d  mismatchMessage                       
20004a4d  processButton                         
20004cb9  printAlarmOffScreen                   
20004d81  printEnableOptions                    
20004e2d  printAlarmOnScreen                    
20004ed9  printAlarmTriggeredScreen             
20004f3d  drawConfirm                           
20004f8d  drawNewPass                           
2000508d  main                                  
200059bd  SimpleLinkWlanEventHandler            
20005acb  SimpleLinkNetAppEventHandler          
20005b6d  SimpleLinkHttpServerCallback          
20005b91  SimpleLinkGeneralEventHandler         
20005bb1  SimpleLinkSockEventHandler            
20006389  tls_connect                           
20006569  connectToAccessPoint                  
20006891  drawCircle                            
200069c5  drawCircleHelper                      
20006ae3  fillCircle                            
20006b1d  fillCircleHelper                      
20006c0b  drawLine                              
20006cf7  drawRect                              
20006d45  drawRoundRect                         
20006e33  fillRoundRect                         
20006ead  drawTriangle                          
20006eef  fillTriangle                          
200070ef  drawChar                              
2000723b  Outstr                                
20007287  setCursor                             
2000729f  setTextSize                           
200072bf  setTextColor                          
200072d7  setTextWrap                           
200072eb  width                                 
200072ef  height                                
20007311  __TI_printfi                          
200082f1  writeCommand                          
20008335  writeData                             
20008379  Adafruit_Init                         
200084ab  goTo                                  
200084ef  Color565                              
20008531  fillScreen                            
20008547  fillRect                              
20008601  drawFastVLine                         
2000869d  drawFastHLine                         
20008739  drawPixel                             
20008777  invert                                
20008793  _nop                                  
200087d1  GPIO_IF_LedConfigure                  
2000880f  GPIO_IF_LedOn                         
200088c3  GPIO_IF_LedOff                        
20008977  GPIO_IF_LedStatus                     
200089e1  GPIO_IF_LedToggle                     
20008a0f  GPIO_IF_GetPortNPin                   
20008a55  GPIO_IF_ConfigureNIntEnable           
20008a9d  GPIO_IF_Set                           
20008ae1  GPIO_IF_Get                           
20008b2d  sl_WlanConnect                        
20008dad  InitTerm                              
20008dcb  Message                               
20008ded  ClearTerm                             
20008df7  Error                                 
20008e2f  GetCmd                                
20008ed5  TrimSpace                             
20008f6d  Report                                
200094d9  _SlDrvDataReadOp                      
200096bd  _SlDrvReleasePoolObj                  
20009a59  __aeabi_dsub                          
20009a63  __aeabi_dadd                          
20009c0f  __aeabi_idiv0                         
20009c0f  __aeabi_ldiv0                         
20009c11  _SlDrvDriverCBInit                    
20009f61  _SlDrvWaitForPoolObj                  
2000a0f1  sl_Connect                            
2000a27d  PRCMCC3200MCUInit                     
2000a565  _SlDrvDataWriteOp                     
2000a6b5  spi_Open                              
2000a941  sl_NetAppDnsGetHostByName             
2000abc1  __aeabi_ddiv                          
2000acf9  sl_Send                               
2000ae2d  _SlDrvDriverCBDeinit                  
2000b07d  _SlDrvNetAppEventHandler              
2000b181  aligned_alloc                         
2000b181  memalign                              
2000b281  __aeabi_dmul                          
2000b37d  PinMuxConfig                          
2000b471  sl_Stop                               
2000b561  spi_Read                              
2000b651  uDMAChannelTransferSet                
2000b741  sl_Start                              
2000b915  _SlDrvMsgReadSpawnCtx                 
2000b9fd  free                                  
2000bae1  realloc                               
2000bbc5  sl_NetAppMDNSRegisterUnregisterService
2000bd85  ldexp                                 
2000bd85  ldexpl                                
2000bd85  scalbn                                
2000bd85  scalbnl                               
2000be55  _sl_HandleAsync_DnsGetHostByService   
2000bf21  sl_DevGet                             
2000c0b1  _SlDrvCmdOp                           
2000c225  _SlNonOsSemGet                        
2000c2d5  IntDisable                            
2000c37d  IntEnable                             
2000c425  _SlDriverHandleError                  
2000c4c9  SPIConfigSetExpClk                    
2000c569  sl_Recv                               
2000c609  __aeabi_memcpy                        
2000c609  __aeabi_memcpy4                       
2000c609  __aeabi_memcpy8                       
2000c609  memcpy                                
2000c6a5  _SlDrvDeviceEventHandler              
2000c741  sl_DevSet                             
2000c7d9  sl_NetCfgSet                          
2000c871  sl_SetSockOpt                         
2000c909  sl_WlanSet                            
2000c9a1  spi_Write                             
2000ca39  __aeabi_uldivmod                      
2000cad1  PRCMPeripheralClockGet                
2000cb65  _sl_HandleAsync_DnsGetHostByName      
2000cbf5  _sl_HandleAsync_PingResponse          
2000cc85  sl_WlanPolicySet                      
2000ce2d  _SlDrvIsTimeoutExpired                
2000ceb9  _sl_HandleAsync_InitComplete          
2000cf45  sl_Socket                             
2000cfd1  PinConfigSet                          
2000d059  __aeabi_cdcmpeq                       
2000d059  __aeabi_cdcmple                       
2000d0df  __aeabi_cdrcmple                      
2000d165  sl_WlanRxFilterSet                    
2000d1e9  GPIOIntTypeSet                        
2000d26d  _sl_HandleAsync_Connect               
2000d3ed  __aeabi_memclr                        
2000d3ed  __aeabi_memclr4                       
2000d3ed  __aeabi_memclr8                       
2000d3ef  __aeabi_memset                        
2000d3ef  __aeabi_memset4                       
2000d3ef  __aeabi_memset8                       
2000d3f5  memset                                
2000d469  spi_Close                             
2000d4e1  UARTConfigSetExpClk                   
2000d559  _SlNonOsMainLoopTask                  
2000d6ad  _SlDrvCmdSend                         
2000d719  _sl_NetAppSendTokenValue              
2000d785  __TI_decompress_lzss                  
2000d7ed  _SlNonOsSpawn                         
2000d851  _sl_HandleAsync_Accept                
2000d8b5  sl_NetAppMDNSUnRegisterService        
2000d919  uDMAChannelAttributeDisable           
2000d97d  uDMAChannelAttributeEnable            
2000d9e1  sl_Close                              
2000da41  sl_WlanProfileDel                     
2000daa1  sl_WlanSetMode                        
2000db01  frexp                                 
2000db01  frexpl                                
2000db5d  IntPendClear                          
2000dbb5  PRCMPeripheralReset                   
2000dc65  IntPrioritySet                        
2000dcb9  _SlDrvRxIrqHandler                    
2000dd0d  __TI_ltoa                             
2000dd61  _sl_HandleAsync_Select                
2000de09  _sl_HandleAsync_Stop                  
2000de59  SPIIntEnable                          
2000def1  _SlDrvProtectAsyncRespSetting         
2000df89  atoi                                  
2000dfd5  uDMAChannelAssign                     
2000e069  SPIIntClear                           
2000e0b1  _SlDrvBasicCmd                        
2000e0f9  __aeabi_d2iz                          
2000e185  TimerConfigure                        
2000e1c9  _SlDrvHandleHttpServerEvents          
2000e20d  _SlDrvSyncObjWaitTimeout              
2000e251  __TI_auto_init_nobinit_nopinit        
2000e2d9  sl_Htonl                              
2000e31d  PinModeSet                            
2000e35d  _SlDrvHandleNetAppEvents              
2000e39d  _SlDrvHandleWlanEvents                
2000e41d  sprintf                               
2000e45d  vsnprintf                             
2000e49d  NwpRegisterInterruptHandler           
2000e555  PRCMPeripheralClkEnable               
2000e591  simplelink_timerA2_start              
2000e5cd  sl_Htons                              
2000e609  uDMAChannelControlSet                 
2000e645  NwpPowerOff                           
2000e67d  sl_WlanDisconnect                     
2000e6b5  GPIODirModeSet                        
2000e6ed  PRCMPeripheralStatusGet               
2000e721  SPIFIFOLevelSet                       
2000e755  PinTypeGPIO                           
2000e785  UARTDisable                           
2000e7e5  __aeabi_i2d                           
2000e815  NwpPowerOn                            
2000e841  PRCMSysResetCauseGet                  
2000e899  _SlDrvProtectionObjLockWaitForever    
2000e8c5  TimerLoadSet                          
2000e8ef  TimerPrescaleSet                      
2000e919  PRCMPeripheralClkDisable              
2000e941  _SlDrvGlobalObjUnLock                 
2000e969  _SlDrvProtectionObjUnLock             
2000e991  _SlDrvSyncObjWaitForever              
2000e9e1  memmove                               
2000ea09  _SlDrvObjLockWaitForever              
2000ea2f  sl_Provisioning_HttpServerEventHdl    
2000ea3d  sl_Provisioning_NetAppEventHdl        
2000ea49  sl_Provisioning_WlanEventHdl          
2000ea55  DmaSpiSwIntHandler                    
2000ea79  IntUnregister                         
2000ea9d  UARTEnable                            
2000eac1  _c_int00_noargs                       
2000eae5  GPIOIntStatus                         
2000eb07  SPIReset                              
2000eb29  SPIWordCountSet                       
2000eb4b  GPIOPinWrite                          
2000eb6d  IntRegister                           
2000eb8d  NwpPrePowerOffTimout0                 
2000ebad  SPIDataGet                            
2000ebcd  TimerGetCurrentTimestamp              
2000ebed  _SlDrvObjUnLock                       
2000ec0d  _SlDrvSyncObjSignal                   
2000ec2d  GPIOIntRegister                       
2000ec4b  SPIDataPut                            
2000ec69  TimerEnable                           
2000ec87  UARTCharPut                           
2000ecc5  SysTickIntRegister                    
2000ece1  TimerValueGet                         
2000ecfd  UARTCharGetNonBlocking                
2000ed19  _SlDrvStartMeasureTimeout             
2000ed35  __TI_zero_init_nomemset               
2000ed6d  memccpy                               
2000ed89  uDMAChannelEnable                     
2000eda5  GPIOIntEnable                         
2000edbf  PinTypeSPI                            
2000edd9  PinTypeUART                           
2000edf3  SPIDmaDisable                         
2000ee0d  SPIDmaEnable                          
2000ee27  SPIFIFODisable                        
2000ee41  SPIFIFOEnable                         
2000ee5b  SPIIntUnregister                      
2000ee75  GPIOPinRead                           
2000ee8d  SPICSDisable                          
2000eea5  SPICSEnable                           
2000eebd  SPIDisable                            
2000eed5  SPIEnable                             
2000eeed  SysTickPeriodSet                      
2000ef05  UARTCharsAvail                        
2000ef1d  _SlNonOsSemSet                        
2000ef7d  __aeabi_lmul                          
2000ef95  PRCMHIBRegRead                        
2000efab  PRCMHIBRegWrite                       
2000efc1  _SlDrvMemZero                         
2000efd7  strchr                                
2000efed  CPUcpsie                              
2000f001  GPIOIntClear                          
2000f015  IntVTableBaseSet                      
2000f029  strcpy                                
2000f03d  strlen                                
2000f051  wcslen                                
2000f065  SysTickEnable                         
2000f075  SysTickIntEnable                      
2000f085  _SlDrvDispatchHttpServerEvents        
2000f095  _SlDrvResetCmdExt                     
2000f0a3  __TI_decompress_none                  
2000f0b1  ResetISR                              
2000f0c1  NwpMaskInterrupt                      
2000f0cd  NwpUnMaskInterrupt                    
2000f0d9  SysTickValueGet                       
2000f0e5  copysign                              
2000f0e5  copysignl                             
2000f0f1  IntMasterEnable                       
2000f105  __aeabi_errno_addr                    
2000f10d  malloc                                
2000f115  UtilsDelay                            
2000f11b  _system_pre_init                      
2000f11f  C$$EXIT                               
2000f11f  abort                                 
2000f61f  _ctypes_                              
2000f99c  OpcodeTranslateTable                  
2000f9d8  _SlActionLookupTable                  
2000fc8c  _SlNetAppSendTokenValueCmdCtrl        
2000fcd0  __TI_static_base__                    
2000fd74  __TI_Handler_Table_Base               
2000fd80  __TI_Handler_Table_Limit              
2000fd88  __TI_CINIT_Base                       
2000fd98  __TI_CINIT_Limit                      
20017000  __start___llvm_prf_cnts               
20017000  __stop___llvm_prf_cnts                
20017000  _sys_memory                           
2001f168  g_ucDinDout                           
2001f1b8  g_time                                
2001f1e4  g_ucConnectionSSID                    
2001f208  g_app_config                          
2001f210  g_ucConnectionBSSID                   
2001f21c  g_Host                                
2001f220  g_port                                
2001f224  RxIrqCnt                              
2001f225  g_bDeviceRestartIsRequired            
2001f226  g_cDummy                              
2001f227  g_ucLED1Pin                           
2001f228  g_ucLED2Pin                           
2001f229  g_ucLED3Pin                           
2001f230  systick_expired                       
2001f238  ulsystick_delta_us                    
2001f240  bitsequence                           
2001f244  start                                 
2001f245  readyToPrint                          
2001f248  bitCount                              
2001f24c  alarmState                            
2001f250  inputMode                             
2001f254  print                                 
2001f258  inputIndex                            
2001f25c  x_pos                                 
2001f260  y_pos                                 
2001f264  lRetVal                               
2001f268  passwordAttempts                      
2001f26c  incorrect                             
2001f26d  success                               
2001f26e  confirm                               
2001f270  g__SlNonOsCB                          
2001f2ac  codes                                 
2001f2dc  cursor_x                              
2001f2e0  cursor_y                              
2001f2e4  textsize                              
2001f2e8  textcolor                             
2001f2ec  textbgcolor                           
2001f2f0  wrap                                  
2001f308  g_SlDeviceStatus                      
2001f30c  g_pCB                                 
2001f310  pPingCallBackFunc                     
2001f315  buttons                               
2001f324  g_uiLED1Port                          
2001f328  g_uiLED2Port                          
2001f32c  g_uiLED3Port                          
2001f330  g_ulStatus                            
2001f334  g_ulPingPacketsRecv                   
2001f338  g_ulGatewayIP                         
2001f33c  g_SpiFd                               
2001f340  g_pHostIntHdl                         
2001f344  g_ucDMAEnabled                        
2001f348  _lock                                 
2001f34c  _unlock                               
2001f358  attempt                               
2001f35f  password                              
2001f366  inputBuffer                           
2001f36c  errno                                 
2002f000  __stack                               
20030000  __STACK_END                           
ffffffff  __TI_pprof_out_hndl                   
ffffffff  __TI_prof_data_size                   
ffffffff  __TI_prof_data_start                  
ffffffff  __binit__                             
ffffffff  __c_args__                            
ffffffff  binit                                 
UNDEFED   __mpu_init                            
UNDEFED   _system_post_cinit                    

[366 symbols]
